Started MangoMan for this session (log: /home/runner/work/_temp/mangoman/serve.log).
Opening OpenCode on MangoMan free models (strict/nemotron-3-ultra-550b). Web search off. Skill packs: ad copy, brand kit, ceo deck, client report, code review, data dashboard, ecommerce listing, email campaign, invoice, landing page, meeting minutes, proposal, resume, seo article, social posts, web app, website copy.
[0m
> build · strict/nemotron-3-ultra-550b
[0m
[0m→ [0mRead job_description.md
[0m→ [0mRead candidate.md
[0m→ [0mSkill "mangoman-resume"
[0m
[0m← [0mWrite resume.json
Wrote file successfully.
[0m
[0m$ [0mpython3 /home/runner/work/_temp/mangoman/opencode/skills/mangoman-resume/scripts/build.py /tmp/tmp.LXiKYszIK1/run/mangoman-resume/backend-engineer/resume.json --template classic --out /tmp/tmp.LXiKYszIK1/run/mangoman-resume/backend-engineer/resume
built /tmp/tmp.LXiKYszIK1/run/mangoman-resume/backend-engineer/resume.html, /tmp/tmp.LXiKYszIK1/run/mangoman-resume/backend-engineer/resume.pdf, /tmp/tmp.LXiKYszIK1/run/mangoman-resume/backend-engineer/resume.png
[0m
[0m$ [0mpython3 /home/runner/work/_temp/mangoman/opencode/skills/mangoman-resume/scripts/check.py /tmp/tmp.LXiKYszIK1/run/mangoman-resume/backend-engineer/resume.json /tmp/tmp.LXiKYszIK1/run/mangoman-resume/backend-engineer/resume.pdf --pages 1
PASS  1 page as planned
PASS  text is selectable (applicant tracking systems can read it)
PASS  the page is well filled
PASS  all sections filled
PASS  bullets start with an action
PASS  no first person
PASS  bullets are concise
PASS  90% of bullets show a measurable result
PASS  dates use one format
[0m
[0m$ [0mls -la /tmp/tmp.LXiKYszIK1/run/mangoman-resume/backend-engineer/
total 240
drwxr-xr-x 2 runner runner   4096 Oct  8 07:26 .
drwxr-xr-x 3 runner runner   4096 Oct  8 07:24 ..
-rw-r--r-- 1 runner runner   1853 Oct  8 07:24 candidate.md
-rw-r--r-- 1 runner runner    729 Oct  8 07:24 job_description.md
-rw-r--r-- 1 runner runner    354 Oct  8 07:24 prompt.txt
-rw-r--r-- 1 runner runner   4825 Oct  8 07:26 resume.html
-rw-r--r-- 1 runner runner   3294 Oct  8 07:26 resume.json
-rw-r--r-- 1 runner runner  38408 Oct  8 07:26 resume.pdf
-rw-r--r-- 1 runner runner 165572 Oct  8 07:26 resume.png
-rw-r--r-- 1 runner runner   1651 Oct  8 07:26 run.log
[0m
Done. Created `resume.json` and built `resume.pdf` (classic template, A4, one page).

**Check results:** All PASS — 1 page, ATS-readable, well-filled, action-led bullets with measurable results, consistent date format.

Files in the folder:
- `resume.json` — the spec
- `resume.pdf` — the final resume
- `resume.html` / `resume.png` — preview artifacts
