Started MangoMan for this session (log: /home/runner/work/_temp/mangoman/serve.log).
Opening OpenCode on MangoMan free models (strict/nemotron-3-ultra-550b). Web search off. Skill packs: ad copy, brand kit, ceo deck, client report, code review, data dashboard, ecommerce listing, email campaign, invoice, landing page, meeting minutes, proposal, resume, seo article, social posts, web app, website copy.
[0m
> build · strict/nemotron-3-ultra-550b
[0m
[0m→ [0mRead job_description.md
[0m→ [0mRead candidate.md
[0m→ [0mSkill "mangoman-resume"
[0m
[0m← [0mWrite resume.json
Wrote file successfully.
[0m
[0m$ [0mpython3 /home/runner/work/_temp/mangoman/opencode/skills/mangoman-resume/scripts/build.py /tmp/tmp.LXiKYszIK1/run/mangoman-resume/data-analyst/resume.json --template classic --out /tmp/tmp.LXiKYszIK1/run/mangoman-resume/data-analyst/resume
built /tmp/tmp.LXiKYszIK1/run/mangoman-resume/data-analyst/resume.html, /tmp/tmp.LXiKYszIK1/run/mangoman-resume/data-analyst/resume.pdf, /tmp/tmp.LXiKYszIK1/run/mangoman-resume/data-analyst/resume.png
[0m
[0m$ [0mpython3 /home/runner/work/_temp/mangoman/opencode/skills/mangoman-resume/scripts/check.py /tmp/tmp.LXiKYszIK1/run/mangoman-resume/data-analyst/resume.json /tmp/tmp.LXiKYszIK1/run/mangoman-resume/data-analyst/resume.pdf --pages 1
PASS  1 page as planned
PASS  text is selectable (applicant tracking systems can read it)
PASS  the page is well filled
PASS  all sections filled
PASS  bullets start with an action
PASS  no first person
PASS  bullets are concise
PASS  87% of bullets show a measurable result
PASS  dates use one format
[0m
Done. Created `resume.json` and built `resume.pdf` (classic template, A4, one page). All checks pass:

- 1 page, ATS-readable, well-filled
- Every section complete
- Bullets start with action verbs, no first person
- 87% of bullets show measurable results
- Consistent date format

The resume is tailored to the Paisaboost Data Analyst, Growth role — highlighting SQL, Python, Power BI, A/B testing, cohort analysis, forecasting, and stakeholder management with quantified results from your Dabba Express experience.
