Started MangoMan for this session (log: /home/runner/work/_temp/mangoman/serve.log).
Opening OpenCode on MangoMan free models (strict/nemotron-3-ultra-550b). Web search off. Skill packs: ad copy, brand kit, ceo deck, client report, code review, data dashboard, ecommerce listing, email campaign, invoice, landing page, meeting minutes, proposal, resume, seo article, social posts, web app, website copy.
[0m
> build · strict/nemotron-3-ultra-550b
[0m
[0m→ [0mSkill "mangoman-resume"
[0m→ [0mRead job_description.md
[0m→ [0mRead candidate.md
[0m
[0m← [0mWrite resume.json
Wrote file successfully.
[0m
[0m$ [0mpython3 /home/runner/work/_temp/mangoman/opencode/skills/mangoman-resume/scripts/build.py /tmp/tmp.4fLyia4gAN/run/mangoman-resume/backend-engineer/resume.json --template classic --out /tmp/tmp.4fLyia4gAN/run/mangoman-resume/backend-engineer/resume
built /tmp/tmp.4fLyia4gAN/run/mangoman-resume/backend-engineer/resume.html, /tmp/tmp.4fLyia4gAN/run/mangoman-resume/backend-engineer/resume.pdf, /tmp/tmp.4fLyia4gAN/run/mangoman-resume/backend-engineer/resume.png
[0m
[0m$ [0mpython3 /home/runner/work/_temp/mangoman/opencode/skills/mangoman-resume/scripts/check.py /tmp/tmp.4fLyia4gAN/run/mangoman-resume/backend-engineer/resume.json /tmp/tmp.4fLyia4gAN/run/mangoman-resume/backend-engineer/resume.pdf --pages 1
PASS  1 page as planned
PASS  text is selectable (applicant tracking systems can read it)
PASS  the page is well filled
PASS  all sections filled
PASS  bullets start with an action
PASS  no first person
PASS  bullets are concise
PASS  100% of bullets show a measurable result
PASS  dates use one format
[0m
Done. Created `resume.json` and built `resume.pdf` (plus `resume.html` and `resume.png` preview) using the classic ATS-friendly template.

**Check results:** All pass — one page, ATS-readable, well-filled, action-first bullets with measurable results, consistent date format.

The resume highlights your payment experience (Razorpay, UPI Autopay, ₹14Cr/month), high-throughput Kafka pipeline (1.2M events/day, p99 180ms), microservices migration, on-call leadership, and mentoring — all tailored to Chillar Pay's requirements.
