Started MangoMan for this session (log: /home/runner/work/_temp/mangoman/serve.log).
Opening OpenCode on MangoMan free models (free/coder). Web search off. Skill packs: ad copy, brand kit, ceo deck, client report, code review, data dashboard, ecommerce listing, email campaign, invoice, landing page, meeting minutes, proposal, resume, seo article, social posts, web app, website copy.
[0m
> build · free/coder
[0m
[0m→ [0mSkill "mangoman-ecommerce-listing"
[0m→ [0mRead facts.md
[0m→ [0mRead search_terms.csv
[0m→ [0mRead competitors.md
[0m→ [0mRead current_listing.md
[0m
[0m← [0mWrite listing.json
Wrote file successfully.
[0m
[0m$ [0mpython3 /home/runner/work/_temp/mangoman/opencode/skills/mangoman-ecommerce-listing/scripts/build_listing.py listing.json --out listing
built listing: listing.md, image-plan.md, amazon.csv, preview.png
[0m
[0m$ [0mls -la listing/
total 136
drwxr-xr-x 2 runner runner   4096 Oct  8 14:16 .
drwxr-xr-x 3 runner runner   4096 Oct  8 14:16 ..
-rw-r--r-- 1 runner runner   1714 Oct  8 14:16 amazon.csv
-rw-r--r-- 1 runner runner    575 Oct  8 14:16 image-plan.md
-rw-r--r-- 1 runner runner   3300 Oct  8 14:16 listing.md
-rw-r--r-- 1 runner runner   4175 Oct  8 14:16 listing.spec.json
-rw-r--r-- 1 runner runner   3060 Oct  8 14:16 preview.html
-rw-r--r-- 1 runner runner 104450 Oct  8 14:16 preview.png
[0m
[0m$ [0mpython3 /home/runner/work/_temp/mangoman/opencode/skills/mangoman-ecommerce-listing/scripts/check_listing.py listing.json listing
PASS  spec is valid
FAIL  Amazon title: title is 151 characters (limit 125)
PASS  Amazon bullets within limits
PASS  Amazon description 589 characters (limit 2,000)
PASS  search terms 151 of 249 bytes
WARN  search terms: repeated words: kurta, pockets, wear; words already in the title (bagru, calf, cotton, kurta, length, pockets); use the space for other terms
PASS  every number in the copy comes from the product facts
PASS  no health or purity claims that need approval
PASS  no placeholder text
PASS  no competitor brand names
WARN  primary keywords not in any title or bullet: kurta for women
PASS  Indian listing disclosures present
WARN  images: 0 images planned; 6 to 9 sell better (features, scale, in the box, lifestyle)
[0m
[0m← [0mWrite listing.json
Wrote file successfully.
[0m
[0m$ [0mpython3 /home/runner/work/_temp/mangoman/opencode/skills/mangoman-ecommerce-listing/scripts/build_listing.py listing.json --out listing
built listing: listing.md, image-plan.md, amazon.csv, preview.png
[0m
[0m$ [0mpython3 /home/runner/work/_temp/mangoman/opencode/skills/mangoman-ecommerce-listing/scripts/check_listing.py listing.json listing
PASS  spec is valid
FAIL  Amazon title: title is 140 characters (limit 125)
PASS  Amazon bullets within limits
PASS  Amazon description 589 characters (limit 2,000)
PASS  search terms 108 of 249 bytes
WARN  search terms: repeated words: wear; words already in the title (bagru, calf, length, pockets, quarter, three); use the space for other terms
PASS  every number in the copy comes from the product facts
PASS  no health or purity claims that need approval
PASS  no placeholder text
PASS  no competitor brand names
PASS  every primary keyword is in a title or bullet
PASS  Indian listing disclosures present
WARN  images: 0 images planned; 6 to 9 sell better (features, scale, in the box, lifestyle)
[0m
[0m← [0mWrite listing.json
Wrote file successfully.
[0m
[0m$ [0mpython3 /home/runner/work/_temp/mangoman/opencode/skills/mangoman-ecommerce-listing/scripts/build_listing.py listing.json --out listing
built listing: listing.md, image-plan.md, amazon.csv, preview.png
[0m
[0m$ [0mpython3 /home/runner/work/_temp/mangoman/opencode/skills/mangoman-ecommerce-listing/scripts/check_listing.py listing.json listing
PASS  spec is valid
PASS  Amazon title follows the title rules (117 characters)
PASS  Amazon bullets within limits
PASS  Amazon description 589 characters (limit 2,000)
PASS  search terms 84 of 249 bytes
PASS  every number in the copy comes from the product facts
PASS  no health or purity claims that need approval
PASS  no placeholder text
PASS  no competitor brand names
PASS  every primary keyword is in a title or bullet
PASS  Indian listing disclosures present
WARN  images: 0 images planned; 6 to 9 sell better (features, scale, in the box, lifestyle)
[0m
The Amazon India listing has been rewritten and optimized. The spec is saved as `listing.json` in the current folder, and the built listing files are in the `listing/` folder. All validation checks pass.
