Started MangoMan for this session (log: /home/runner/work/_temp/mangoman/serve.log).
Opening OpenCode on MangoMan free models (strict/nemotron-3-ultra-550b). Web search off. Skill packs: ad copy, brand kit, ceo deck, client report, code review, data dashboard, ecommerce listing, email campaign, invoice, landing page, meeting minutes, proposal, resume, seo article, social posts, web app, website copy.
[0m
> build · strict/nemotron-3-ultra-550b
[0m
[0m→ [0mSkill "mangoman-ecommerce-listing"
[0m→ [0mRead facts.md
[0m→ [0mRead search_terms.csv
[0m→ [0mRead competitors.md
[0m→ [0mRead current_listing.md
[0m
[0m← [0mWrite listing.json
Wrote file successfully.
[0m
[0m$ [0mpython3 /home/runner/work/_temp/mangoman/opencode/skills/mangoman-ecommerce-listing/scripts/build_listing.py /tmp/tmp.4fLyia4gAN/run/mangoman-ecommerce-listing/cotton-kurta/listing.json --out /tmp/tmp.4fLyia4gAN/run/mangoman-ecommerce-listing/cotton-kurta/listing
spec problems:
- image 1: file not found: main.jpg
- image 2: file not found: feature-print.jpg
- image 3: file not found: feature-details.jpg
- image 4: file not found: feature-fit.jpg
- image 5: file not found: in-box.jpg
- image 6: file not found: lifestyle-office.jpg
- image 7: file not found: size-chart.jpg
[0m
[0m$ [0mls -la /tmp/tmp.4fLyia4gAN/run/mangoman-ecommerce-listing/cotton-kurta/listing/
ls: cannot access '/tmp/tmp.4fLyia4gAN/run/mangoman-ecommerce-listing/cotton-kurta/listing/': No such file or directory
[0m
[0m→ [0mRead /home/runner/work/_temp/mangoman/opencode/skills/mangoman-ecommerce-listing/scripts/build_listing.py
[0m
[0m← [0mEdit listing.json
Index: /tmp/tmp.4fLyia4gAN/run/mangoman-ecommerce-listing/cotton-kurta/listing.json
===================================================================
--- /tmp/tmp.4fLyia4gAN/run/mangoman-ecommerce-listing/cotton-kurta/listing.json
+++ /tmp/tmp.4fLyia4gAN/run/mangoman-ecommerce-listing/cotton-kurta/listing.json
@@ -106,45 +106,38 @@
   "images": [
     {
       "slot": "main",
       "brief": "Model wearing the indigo blue kurta with white floral print, standing against pure white background, kurta fills ~85% frame, front view showing round neck, button placket, three-quarter sleeves and side pockets",
-      "alt": "Saanjh women's straight kurta in indigo blue with white floral Bagru hand block print, front view",
-      "file": "main.jpg"
+      "alt": "Saanjh women's straight kurta in indigo blue with white floral Bagru hand block print, front view"
     },
     {
       "slot": "feature_1",
       "brief": "Close-up of fabric showing white floral block print detail on indigo blue cotton cambric, wooden printing block placed beside fabric for context",
-      "alt": "Close-up of Bagru hand block print detail on cotton cambric fabric",
-      "file": "feature-print.jpg"
+      "alt": "Close-up of Bagru hand block print detail on cotton cambric fabric"
     },
     {
       "slot": "feature_2",
       "brief": "Flat lay detailing: side pocket with phone inside, side slit, button placket close-up, three-quarter sleeve cuff",
-      "alt": "Design details of Saanjh kurta — side pocket, side slit, button placket, sleeve",
-      "file": "feature-details.jpg"
+      "alt": "Design details of Saanjh kurta — side pocket, side slit, button placket, sleeve"
     },
     {
       "slot": "feature_3",
       "brief": "Model wearing kurta with palazzo pants, side profile showing 46-inch calf length and straight fit",
-      "alt": "Saanjh kurta styled with palazzos showing calf length and straight fit",
-      "file": "feature-fit.jpg"
+      "alt": "Saanjh kurta styled with palazzos showing calf length and straight fit"
     },
     {
       "slot": "in_box",
       "brief": "Single kurta folded neatly on white background with size tag visible, no extra accessories",
-      "alt": "What's in the box — one Saanjh women's straight kurta with size tag",
-      "file": "in-box.jpg"
+      "alt": "What's in the box — one Saanjh women's straight kurta with size tag"
     },
     {
       "slot": "lifestyle",
       "brief": "Model in office setting wearing kurta with leggings and minimal jewellery, natural lighting, candid pose",
-      "alt": "Saanjh kurta worn as office wear with leggings",
-      "file": "lifestyle-office.jpg"
+      "alt": "Saanjh kurta worn as office wear with leggings"
     },
     {
       "slot": "size_chart",
       "brief": "Clean size chart graphic with bust, waist, hip measurements for S, M, L, XL, XXL in cm and inches",
-      "alt": "Size chart for Saanjh women's straight kurta — measurements for S to XXL",
-      "file": "size-chart.jpg"
+      "alt": "Size chart for Saanjh women's straight kurta — measurements for S to XXL"
     }
   ]
 }
\ No newline at end of file

[0m
[0m$ [0mpython3 /home/runner/work/_temp/mangoman/opencode/skills/mangoman-ecommerce-listing/scripts/build_listing.py /tmp/tmp.4fLyia4gAN/run/mangoman-ecommerce-listing/cotton-kurta/listing.json --out /tmp/tmp.4fLyia4gAN/run/mangoman-ecommerce-listing/cotton-kurta/listing
built /tmp/tmp.4fLyia4gAN/run/mangoman-ecommerce-listing/cotton-kurta/listing: listing.md, image-plan.md, amazon.csv, flipkart.csv, shopify_products.csv, preview.png
[0m
[0m$ [0mpython3 /home/runner/work/_temp/mangoman/opencode/skills/mangoman-ecommerce-listing/scripts/check_listing.py /tmp/tmp.4fLyia4gAN/run/mangoman-ecommerce-listing/cotton-kurta/listing.json /tmp/tmp.4fLyia4gAN/run/mangoman-ecommerce-listing/cotton-kurta/listing
PASS  spec is valid
PASS  Amazon title follows the title rules (115 characters)
PASS  Amazon bullets within limits
PASS  Amazon description 1319 characters (limit 2,000)
PASS  search terms 158 of 249 bytes
WARN  search terms: repeated words: block, kurti, wear; words already in the title (block, calf, hand, indigo, kurta, length); use the space for other terms
PASS  Flipkart copy follows good practice
FAIL  Shopify: search title is 95 characters; Shopify allows 70
WARN  Shopify: search description is 195 characters; Google shows about 155
PASS  every number in the copy comes from the product facts
PASS  no health or purity claims that need approval
PASS  no placeholder text
PASS  no competitor brand names
WARN  primary keywords not in any title or bullet: cotton kurta for women, straight kurta for women, kurta for women
PASS  Indian listing disclosures present
PASS  image plan covers what shoppers need
[0m
[0m→ [0mRead listing.json
[0m
[0m← [0mEdit listing.json
Index: /tmp/tmp.4fLyia4gAN/run/mangoman-ecommerce-listing/cotton-kurta/listing.json
===================================================================
--- /tmp/tmp.4fLyia4gAN/run/mangoman-ecommerce-listing/cotton-kurta/listing.json
+++ /tmp/tmp.4fLyia4gAN/run/mangoman-ecommerce-listing/cotton-kurta/listing.json
@@ -33,18 +33,18 @@
 "competitors": ["Competitor A", "Competitor B"],
 "marketplaces": ["amazon_in", "flipkart", "shopify"],
 "amazon": {
   "item_name": "Saanjh Women's Straight Kurta Cotton Cambric Hand Block Print",
-  "highlights": "Indigo Blue Floral, 3/4 Sleeve, Pockets, Calf Length",
+  "highlights": "Indigo Blue Floral, 3/4 Sleeve, Pockets, Calf Length, for Women",
   "bullets": [
     "Fabric & Craft: 100% cotton cambric with authentic Bagru hand block print from Jaipur — breathable, soft and skin-friendly",
     "Design Details: Indigo blue with white floral motif; round neck with button placket; three-quarter sleeves; side slits for ease",
     "Practical Fit: Straight regular fit, 46-inch calf length; two functional side pockets; runs true to size from S to XXL",
     "Versatile Wear: Office-appropriate, daily casual and festive ethnic; pairs with palazzos, leggings or jeans",
     "Care Note: Hand wash cold, dry in shade; colour may bleed in first wash — wash separately"
   ],
   "description": "Elevate your everyday wardrobe with the Saanjh women's straight kurta — crafted from 100% cotton cambric and finished with authentic Bagru hand block printing from Jaipur, Rajasthan. The indigo blue base blooms with delicate white floral motifs, a timeless palette that transitions effortlessly from desk to dinner.\n\nDesigned for comfort and utility, this kurta features a straight regular fit that skims the body without clinging. The 46-inch calf length, three-quarter sleeves, and side slits give you freedom of movement, while the round neck with a button placket adds a refined touch. Two deep side pockets hold your phone, keys or cards — practical details you'll reach for daily.\n\nThe breathable cotton cambric keeps you cool through long office hours and warm afternoons alike. Style it with straight palazzos for a polished work look, with leggings for errands, or with denim for a relaxed weekend brunch. Each piece carries the slight variations that come from hand block printing — no two are exactly alike.\n\nCare: Hand wash cold in mild detergent. Dry flat in shade. The indigo dye may bleed in the first wash; wash separately or with like colours. Do not bleach. Iron on low heat if needed.\n\nAvailable in sizes S, M, L, XL, XXL. Refer to the size chart for bust, waist and hip measurements before ordering.",
-  "search_terms": "kurti jaipuri bagru office wear daily wear ethnic straight fit three quarter sleeve calf length indigo block print hand block printed kurta women kurti ladies",
+  "search_terms": "kurti jaipuri bagru office daily ethnic fit quarter sleeve ladies women cambric handblock sanganer artisan breathable soft pocket slit button placket size",
   "aplus": [
     {
       "module": "image and text",
       "headline": "Authentic Bagru Hand Block Print from Jaipur",

[0m
[0m← [0mEdit listing.json
Index: /tmp/tmp.4fLyia4gAN/run/mangoman-ecommerce-listing/cotton-kurta/listing.json
===================================================================
--- /tmp/tmp.4fLyia4gAN/run/mangoman-ecommerce-listing/cotton-kurta/listing.json
+++ /tmp/tmp.4fLyia4gAN/run/mangoman-ecommerce-listing/cotton-kurta/listing.json
@@ -82,10 +82,10 @@
 "handle": "saanjh-womens-straight-kurta-cotton-cambric-bagru-hand-block-print-indigo-blue",
 "price": 749,
 "compare_at_price": 1299,
 "sku": "SAA-KURTA-INDIGO",
-"seo_title": "Saanjh Women's Straight Kurta Cotton Cambric Hand Block Print Indigo Blue | Office & Daily Wear",
-"seo_description": "Shop Saanjh women's straight kurta in 100% cotton cambric with authentic Bagru hand block print from Jaipur. Indigo blue floral, 3/4 sleeves, pockets, calf length. Sizes S-XXL. ₹749 (MRP ₹1,299).",
+"seo_title": "Saanjh Women's Cotton Kurta Hand Block Print Indigo Blue",
+"seo_description": "Saanjh women's cotton kurta with Bagru hand block print from Jaipur. Indigo blue, 3/4 sleeves, pockets, calf length. Sizes S-XXL. ₹749.",
 "description": [
   "Elevate your everyday wardrobe with the Saanjh women's straight kurta — crafted from 100% cotton cambric and finished with authentic Bagru hand block printing from Jaipur, Rajasthan. The indigo blue base blooms with delicate white floral motifs, a timeless palette that transitions effortlessly from desk to dinner.",
   "Designed for comfort and utility, this kurta features a straight regular fit that skims the body without clinging. The 46-inch calf length, three-quarter sleeves, and side slits give you freedom of movement, while the round neck with a button placket adds a refined touch. Two deep side pockets hold your phone, keys or cards — practical details you'll reach for daily.",
   "The breathable cotton cambric keeps you cool through long office hours and warm afternoons alike. Style it with straight palazzos for a polished work look, with leggings for errands, or with denim for a relaxed weekend brunch. Each piece carries the slight variations that come from hand block printing — no two are exactly alike."

[0m
[0m$ [0mpython3 /home/runner/work/_temp/mangoman/opencode/skills/mangoman-ecommerce-listing/scripts/build_listing.py /tmp/tmp.4fLyia4gAN/run/mangoman-ecommerce-listing/cotton-kurta/listing.json --out /tmp/tmp.4fLyia4gAN/run/mangoman-ecommerce-listing/cotton-kurta/listing
built /tmp/tmp.4fLyia4gAN/run/mangoman-ecommerce-listing/cotton-kurta/listing: listing.md, image-plan.md, amazon.csv, flipkart.csv, shopify_products.csv, preview.png
[0m
