Started MangoMan for this session (log: /home/runner/work/_temp/mangoman/serve.log).
Opening OpenCode on MangoMan free models (free/coder). Web search off. Skill packs: ad copy, brand kit, ceo deck, client report, code review, data dashboard, ecommerce listing, email campaign, invoice, landing page, meeting minutes, proposal, resume, seo article, social posts, web app, website copy.
[0m
> build · free/coder
[0m
[0m→ [0mSkill "mangoman-ad-copy"
[0m→ [0mRead landing.md
[0m→ [0mRead facts.md
[0m→ [0mRead search_terms.csv
[0m
[0m← [0mWrite ads.json
Wrote file successfully.
[0m
[0m$ [0mpython3 /home/runner/work/_temp/mangoman/opencode/skills/mangoman-ad-copy/scripts/build_ads.py ads.json --out ads && python3 /home/runner/work/_temp/mangoman/opencode/skills/mangoman-ad-copy/scripts/check_ads.py ads.json ads
built ads: ads.md, google_ads.csv, google_keywords.csv
PASS  spec is valid
FAIL  Google ads: A2 ghee: all-capital word COD in 'Pay by UPI or COD'; Bilona ghee: description 2 'Small batches from our farm near Gondal, Gujarat. Every batch lab tested, report on the jar.' is 92 characters, cut 2 (90); Buy A2 ghee online: all-capital word COD in 'Pay by UPI, Card or COD'
WARN  Google ads: Buy A2 ghee online: fewer than 2 headlines contain a keyword; ads match searches better when they do
PASS  every number comes from the facts the user gave
PASS  no risky claims
PASS  no placeholder text
[0m
[0m← [0mEdit ads.json
Index: /tmp/tmp.KISkG3SeD3/run/mangoman-ad-copy/a2-ghee/ads.json
===================================================================
--- /tmp/tmp.KISkG3SeD3/run/mangoman-ad-copy/a2-ghee/ads.json
+++ /tmp/tmp.KISkG3SeD3/run/mangoman-ad-copy/a2-ghee/ads.json
@@ -1,7 +1,7 @@
 {
   "brand": "Gauveda",
-  "allowed_caps": ["UPI", "QR"],
+  "allowed_caps": ["UPI", "QR", "COD"],
   "facts": {
     "price_500": "500 ml glass jar ₹1,250",
     "price_1l": "1 litre glass jar ₹2,350",
     "offer": "10% off the first order with code FIRST10",

[0m
[0m← [0mEdit ads.json
Index: /tmp/tmp.KISkG3SeD3/run/mangoman-ad-copy/a2-ghee/ads.json
===================================================================
--- /tmp/tmp.KISkG3SeD3/run/mangoman-ad-copy/a2-ghee/ads.json
+++ /tmp/tmp.KISkG3SeD3/run/mangoman-ad-copy/a2-ghee/ads.json
@@ -83,9 +83,9 @@
     "Order Bilona Ghee Online"
   ],
   "descriptions": [
     "We set curd from A2 Gir cow milk, churn it with a wooden bilona and slow-heat the butter.",
-    "Small batches from our farm near Gondal, Gujarat. Every batch lab tested, report on the jar.",
+      "Small batches from our Gondal farm. Every batch lab tested, report on the jar.",
     "10% off your first order with code FIRST10. Free delivery on orders above ₹1,500.",
     "Glass jars delivered across India in 3 to 6 days. Pay by UPI, cards or cash on delivery."
   ]
 },

[0m
[0m← [0mEdit ads.json
Index: /tmp/tmp.KISkG3SeD3/run/mangoman-ad-copy/a2-ghee/ads.json
===================================================================
--- /tmp/tmp.KISkG3SeD3/run/mangoman-ad-copy/a2-ghee/ads.json
+++ /tmp/tmp.KISkG3SeD3/run/mangoman-ad-copy/a2-ghee/ads.json
@@ -106,8 +106,9 @@
 ],
 "headlines": [
   "Buy A2 Ghee Online",
   "Order Gir Cow Ghee Online",
+  "A2 Ghee, Farm Direct",
   "Same Week in Ahmedabad",
   "Same Week in Rajkot",
   "10% Off Code FIRST10",
   "Free Delivery Above ₹1,500",

[0m
[0m$ [0mpython3 /home/runner/work/_temp/mangoman/opencode/skills/mangoman-ad-copy/scripts/build_ads.py ads.json --out ads && python3 /home/runner/work/_temp/mangoman/opencode/skills/mangoman-ad-copy/scripts/check_ads.py ads.json ads
built ads: ads.md, google_ads.csv, google_keywords.csv
PASS  spec is valid
PASS  Google ads follow the limits and editorial rules
WARN  Google ads: Buy A2 ghee online: fewer than 2 headlines contain a keyword; ads match searches better when they do
PASS  every number comes from the facts the user gave
PASS  no risky claims
PASS  no placeholder text
[0m
[0m$ [0mrg -n "fewer than 2" -C 15 /home/runner/work/_temp/mangoman/opencode/skills/mangoman-ad-copy/scripts/checks.py
/bin/bash: line 1: rg: command not found
[0m
[0m✱ [0mGrep "fewer than 2"[90m in /home/runner/work/_temp/mangoman/opencode/skills/mangoman-ad-copy/scripts · 1 match[0m
[0m→ [0mRead /home/runner/work/_temp/mangoman/opencode/skills/mangoman-ad-copy/scripts/check_ads.py[90m [offset=70, limit=30][0m
[0m
[0m← [0mEdit ads.json
Index: /tmp/tmp.KISkG3SeD3/run/mangoman-ad-copy/a2-ghee/ads.json
===================================================================
--- /tmp/tmp.KISkG3SeD3/run/mangoman-ad-copy/a2-ghee/ads.json
+++ /tmp/tmp.KISkG3SeD3/run/mangoman-ad-copy/a2-ghee/ads.json
@@ -106,9 +106,9 @@
 ],
 "headlines": [
   "Buy A2 Ghee Online",
   "Order Gir Cow Ghee Online",
-  "A2 Ghee, Farm Direct",
+  "Buy Gir Cow Ghee Online",
   "Same Week in Ahmedabad",
   "Same Week in Rajkot",
   "10% Off Code FIRST10",
   "Free Delivery Above ₹1,500",

[0m
[0m$ [0mpython3 /home/runner/work/_temp/mangoman/opencode/skills/mangoman-ad-copy/scripts/build_ads.py ads.json --out ads && python3 /home/runner/work/_temp/mangoman/opencode/skills/mangoman-ad-copy/scripts/check_ads.py ads.json ads
built ads: ads.md, google_ads.csv, google_keywords.csv
PASS  spec is valid
PASS  Google ads follow the limits and editorial rules
PASS  every number comes from the facts the user gave
PASS  no risky claims
PASS  no placeholder text
[0m
Done. Built and checked the ads. Output files are in `ads/`:
- `ads.md` — human-readable spec
- `google_ads.csv` — responsive search ads for Google Ads Editor (Account ▸ Import)
- `google_keywords.csv` — keywords with match types and negatives

All checks pass: headlines ≤30 chars, descriptions ≤90, no exclamation marks, no phone numbers, every number from facts, no disallowed claims.
