Started MangoMan for this session (log: /home/runner/work/_temp/mangoman/serve.log).
Opening OpenCode on MangoMan free models (free/coder). Web search off. Skill packs: ad copy, brand kit, ceo deck, client report, code review, data dashboard, ecommerce listing, email campaign, invoice, landing page, meeting minutes, proposal, resume, seo article, social posts, web app, website copy.
[0m
> build · free/coder
[0m
[0m→ [0mSkill "mangoman-ad-copy"
[0m→ [0mRead landing.md
[0m→ [0mRead facts.md
[0m→ [0mRead search_terms.csv
[0m
[0m← [0mWrite ads.json
Wrote file successfully.
[0m
[0m$ [0mpython3 /home/runner/work/_temp/mangoman/opencode/skills/mangoman-ad-copy/scripts/build_ads.py /tmp/tmp.XvSEhTswao/run/mangoman-ad-copy/a2-ghee/ads.json --out /tmp/tmp.XvSEhTswao/run/mangoman-ad-copy/a2-ghee/ads
built /tmp/tmp.XvSEhTswao/run/mangoman-ad-copy/a2-ghee/ads: ads.md, google_ads.csv, google_keywords.csv, meta_ads.csv
[0m
[0m$ [0mpython3 /home/runner/work/_temp/mangoman/opencode/skills/mangoman-ad-copy/scripts/check_ads.py /tmp/tmp.XvSEhTswao/run/mangoman-ad-copy/a2-ghee/ads.json /tmp/tmp.XvSEhTswao/run/mangoman-ad-copy/a2-ghee/ads
PASS  spec is valid
FAIL  Google ads: A2 Ghee Generic: description 1 is 117 characters (90); A2 Ghee Generic: description 2 is 117 characters (90); A2 Ghee Generic: description 3 is 114 characters (90); A2 Ghee Generic: description 4 is 110 characters (90); Bilona Ghee: description 1 is 123 characters (90); Bilona Ghee: description 2 is 110 characters (90); Bilona Ghee: description 3 is 117 characters (90); Bilona Ghee: description 4 is 119 characters (90)
WARN  Google ads: Bilona Ghee: fewer than 2 headlines contain a keyword; ads match searches better when they do; Gir Cow Ghee 1 Litre: fewer than 2 headlines contain a keyword; ads match searches better when they do; Desi Cow Ghee Online: fewer than 2 headlines contain a keyword; ads match searches better when they do
PASS  Meta ads follow the policy basics
WARN  Meta ads: Offer First Order: description is 38 characters; phones cut it at about 30; Offer First Order: primary text is 182 characters; phones cut it at about 125; Quality & Trust: description is 39 characters; phones cut it at about 30; Quality & Trust: primary text is 207 characters; phones cut it at about 125; Traditional Method: description is 36 characters; phones cut it at about 30; Traditional Method: primary text is 181 characters; phones cut it at about 125
FAIL  numbers not in facts (ask the user, or remove them): 1L
PASS  no risky claims
PASS  no placeholder text
[0m
[0m← [0mEdit ads.json
Index: /tmp/tmp.XvSEhTswao/run/mangoman-ad-copy/a2-ghee/ads.json
===================================================================
--- /tmp/tmp.XvSEhTswao/run/mangoman-ad-copy/a2-ghee/ads.json
+++ /tmp/tmp.XvSEhTswao/run/mangoman-ad-copy/a2-ghee/ads.json
@@ -44,12 +44,12 @@
     "Our Herd, Our Ghee",
     "Trusted by Families India"
   ],
   "descriptions": [
-    "Bilona ghee from our 140 Gir cows. Hand churned, lab tested, delivered in 3–6 days. 10% off first order with FIRST10.",
-    "Own farm near Gondal. Every batch lab tested with QR code on jar. 500ml ₹1,250, 1L ₹2,350. Free delivery over ₹1,500.",
-    "Real bilona method: curd set, hand churned, wood fire. Small batches in glass jars. UPI, card or COD. Order today.",
-    "Families choose Gauveda for pure A2 ghee. No wholesale, no franchise. 10% off with FIRST10. Ships in 3–6 days."
+    "Bilona ghee from our 140 Gir cows. Hand churned, lab tested, 3–6 day delivery. 10% off first order with FIRST10.",
+    "Own farm near Gondal. Lab tested with QR on jar. 500ml ₹1,250, 1L ₹2,350. Free delivery over ₹1,500.",
+    "Real bilona: curd set, hand churned, wood fire. Small batches, glass jars. UPI, card or COD. Order today.",
+    "Families choose Gauveda for pure A2 ghee. No wholesale, no franchise. 10% off FIRST10. Ships in 3–6 days."
   ]
 },
 {
   "name": "Bilona Ghee",

[0m
[0m← [0mEdit ads.json
Index: /tmp/tmp.XvSEhTswao/run/mangoman-ad-copy/a2-ghee/ads.json
===================================================================
--- /tmp/tmp.XvSEhTswao/run/mangoman-ad-copy/a2-ghee/ads.json
+++ /tmp/tmp.XvSEhTswao/run/mangoman-ad-copy/a2-ghee/ads.json
@@ -80,12 +80,12 @@
     "Traditional Method, Pure Ghee",
     "Gauveda Farm to Home"
   ],
   "descriptions": [
-    "True bilona: curd set from A2 milk, hand churned with wooden bilona, slow heated on wood fire. Lab tested, QR on every jar.",
-    "From our 140 Gir cows near Gondal. Small batches in glass jars. 500ml ₹1,250, 1L ₹2,350. 10% off with FIRST10.",
-    "No cream separation, no machines. Pure bilona method. Free delivery over ₹1,500. UPI, card or COD. Ships in 3–6 days.",
-    "Families trust Gauveda for authentic bilona ghee. Every batch tested. No wholesale, no franchise. Order your jar today."
+    "True bilona: curd set, hand churned with wooden bilona, wood fire. Lab tested, QR on every jar.",
+    "From our 140 Gir cows near Gondal. Small batches, glass jars. 500ml ₹1,250, 1L ₹2,350. 10% off FIRST10.",
+    "No cream separation, no machines. Pure bilona method. Free delivery over ₹1,500. UPI, card or COD.",
+    "Families trust Gauveda for authentic bilona ghee. Every batch tested. No wholesale, no franchise."
   ]
 },
 {
   "name": "Gir Cow Ghee 1 Litre",

[0m
[0m← [0mEdit ads.json
Index: /tmp/tmp.XvSEhTswao/run/mangoman-ad-copy/a2-ghee/ads.json
===================================================================
--- /tmp/tmp.XvSEhTswao/run/mangoman-ad-copy/a2-ghee/ads.json
+++ /tmp/tmp.XvSEhTswao/run/mangoman-ad-copy/a2-ghee/ads.json
@@ -116,12 +116,12 @@
     "Small Batch, Glass Jar",
     "Order 1 Litre Today"
   ],
   "descriptions": [
-    "1 litre glass jar ₹2,350. Bilona ghee from our 140 Gir cows. Lab tested with QR code. 10% off first order with FIRST10.",
+    "1 litre glass jar ₹2,350. Bilona ghee from our 140 Gir cows. Lab tested with QR code. 10% off FIRST10.",
     "Hand churned, wood fire heated, small batches. Free delivery on this order. UPI, card or COD. Ships in 3–6 days.",
-    "Pure A2 Gir cow ghee, bilona method. Every batch tested. No wholesale, no franchise. Order 1L delivered to your home.",
-    "Families choose 1L for daily use. Glass jar preserves freshness. 10% off with FIRST10. Free delivery over ₹1,500."
+    "Pure A2 Gir cow ghee, bilona method. Every batch tested. No wholesale, no franchise. Order 1L delivered.",
+    "Families choose 1L for daily use. Glass jar preserves freshness. 10% off FIRST10. Free delivery over ₹1,500."
   ]
 },
 {
   "name": "Desi Cow Ghee Online",

[0m
[0m← [0mEdit ads.json
Index: /tmp/tmp.XvSEhTswao/run/mangoman-ad-copy/a2-ghee/ads.json
===================================================================
--- /tmp/tmp.XvSEhTswao/run/mangoman-ad-copy/a2-ghee/ads.json
+++ /tmp/tmp.XvSEhTswao/run/mangoman-ad-copy/a2-ghee/ads.json
@@ -153,10 +153,10 @@
       "Gauveda Farm to Home"
     ],
     "descriptions": [
       "Real desi ghee from our Gir cows. Bilona method, lab tested, QR on jar. 500ml ₹1,250, 1L ₹2,350. 10% off FIRST10.",
-      "Hand churned from curd, slow heated on wood fire. Small batches in glass. Free delivery over ₹1,500. Ships in 3–6 days.",
-      "Pure A2, no machines, no cream separation. UPI, card or COD. No wholesale, no franchise. Families order every month.",
+      "Hand churned from curd, wood fire heated. Small batches in glass. Free delivery over ₹1,500. Ships in 3–6 days.",
+      "Pure A2, no machines, no cream separation. UPI, card or COD. No wholesale, no franchise. Families order monthly.",
       "Traditional desi ghee made the slow way. Every batch tested. 10% off first order. Free delivery on ₹1,500+."
     ]
   }
 ]

[0m
[0m← [0mEdit ads.json
Index: /tmp/tmp.XvSEhTswao/run/mangoman-ad-copy/a2-ghee/ads.json
===================================================================
--- /tmp/tmp.XvSEhTswao/run/mangoman-ad-copy/a2-ghee/ads.json
+++ /tmp/tmp.XvSEhTswao/run/mangoman-ad-copy/a2-ghee/ads.json
@@ -63,22 +63,22 @@
   {"text": "wood fire ghee", "match": "phrase"}
 ],
 "negatives": ["organic", "wholesale", "franchise", "jobs", "machine", "recipe", "seeds", "plant", "tin", "bulk", "distributor"],
 "headlines": [
-  "Authentic Bilona Ghee",
+  "Bilona Ghee Online",
   "Hand Churned Wooden Bilona",
   "Curd Churned, Not Cream",
   "Slow Heated on Wood Fire",
   "Our 140 Gir Cows, Our Farm",
   "Lab Tested with QR Code",
-  "500ml ₹1,250 • 1L ₹2,350",
+  "500ml ₹1,250 • 1 Litre ₹2,350",
   "10% Off First Order FIRST10",
   "Free Delivery Over ₹1,500",
   "Glass Jars, Small Batches",
   "Delivered in 3 to 6 Days",
   "Pay UPI, Card or COD",
   "No Wholesale, Homes Only",
-  "Traditional Method, Pure Ghee",
+  "Traditional Bilona Method",
   "Gauveda Farm to Home"
 ],
 "descriptions": [
   "True bilona: curd set, hand churned with wooden bilona, wood fire. Lab tested, QR on every jar.",

[0m
[0m← [0mEdit ads.json
Index: /tmp/tmp.XvSEhTswao/run/mangoman-ad-copy/a2-ghee/ads.json
===================================================================
--- /tmp/tmp.XvSEhTswao/run/mangoman-ad-copy/a2-ghee/ads.json
+++ /tmp/tmp.XvSEhTswao/run/mangoman-ad-copy/a2-ghee/ads.json
@@ -100,9 +100,9 @@
 ],
 "negatives": ["organic", "wholesale", "franchise", "jobs", "machine", "recipe", "seeds", "plant", "tin", "bulk", "distributor", "500ml", "half litre"],
 "headlines": [
   "Gir Cow Ghee 1 Litre ₹2,350",
-  "1L A2 Ghee Glass Jar",
+  "1 Litre A2 Ghee Glass Jar",
   "From Our 140 Gir Cows",
   "Bilona Method, Lab Tested",
   "QR Code on Every Jar",
   "10% Off Code FIRST10",

[0m
[0m← [0mEdit ads.json
Index: /tmp/tmp.XvSEhTswao/run/mangoman-ad-copy/a2-ghee/ads.json
===================================================================
--- /tmp/tmp.XvSEhTswao/run/mangoman-ad-copy/a2-ghee/ads.json
+++ /tmp/tmp.XvSEhTswao/run/mangoman-ad-copy/a2-ghee/ads.json
@@ -140,9 +140,9 @@
 "Pure A2 Gir Cow Ghee",
 "Bilona Method, Hand Made",
 "Our Farm, 140 Gir Cows",
 "Lab Tested, QR Verified",
-"500ml ₹1,250 • 1L ₹2,350",
+"500ml ₹1,250 • 1 Litre ₹2,350",
 "10% Off Code FIRST10",
 "Free Delivery Over ₹1,500",
 "Delivered in 3 to 6 Days",
 "Glass Jar, Small Batches",

[0m
[0m← [0mEdit ads.json
Index: /tmp/tmp.XvSEhTswao/run/mangoman-ad-copy/a2-ghee/ads.json
===================================================================
--- /tmp/tmp.XvSEhTswao/run/mangoman-ad-copy/a2-ghee/ads.json
+++ /tmp/tmp.XvSEhTswao/run/mangoman-ad-copy/a2-ghee/ads.json
@@ -164,27 +164,27 @@
 "meta": {
   "ads": [
     {
       "name": "Offer First Order",
-      "primary_text": "Get 10% off your first jar of authentic bilona ghee from our own 140 Gir cows. Use code FIRST10. Hand churned, lab tested, delivered in 3–6 days. Free delivery on orders over ₹1,500.",
+      "primary_text": "Get 10% off first jar of authentic bilona ghee from our 140 Gir cows. Code FIRST10. Hand churned, lab tested, 3–6 day delivery.",
       "headline": "10% Off A2 Gir Cow Ghee",
-      "description": "Bilona method • Lab tested • Glass jar",
+      "description": "Bilona • Lab tested • Glass jar",
       "cta": "SHOP_NOW",
       "url": "https://gauveda.in/a2-ghee",
       "image_brief": "Glass jar of golden ghee on wooden table with wooden bilona churner in background, warm lighting, QR code visible on jar label"
     },
     {
       "name": "Quality & Trust",
-      "primary_text": "Every batch of our A2 ghee is lab tested with the report on the jar's QR code. From our 140 Gir cows near Gondal. Hand churned bilona, wood fire heated, small batches in glass jars. No wholesale, homes only.",
+      "primary_text": "Every batch lab tested with report on QR code. From our 140 Gir cows near Gondal. Hand churned bilona, wood fire, glass jars. Homes only.",
       "headline": "Lab Tested A2 Ghee",
       "description": "QR verified • 140 Gir cows • Farm fresh",
       "cta": "LEARN_MORE",
       "url": "https://gauveda.in/a2-ghee",
       "image_brief": "Close up of jar with QR code label, phone scanning code showing lab report, Gir cows grazing in background"
     },
     {
       "name": "Traditional Method",
-      "primary_text": "Real bilona ghee: curd set from A2 milk, hand churned with wooden bilona, slow heated on wood fire. Not cream separated, not machine made. 500ml ₹1,250, 1L ₹2,350. UPI, card or COD.",
+      "primary_text": "Real bilona: curd set, hand churned with wooden bilona, slow heated on wood fire. Not cream separated. 500ml ₹1,250, 1L ₹2,350.",
       "headline": "Authentic Bilona Ghee",
       "description": "Hand churned • Wood fire • Glass jar",
       "cta": "ORDER_NOW",
       "url": "https://gauveda.in/a2-ghee",

[0m
[0m$ [0mpython3 /home/runner/work/_temp/mangoman/opencode/skills/mangoman-ad-copy/scripts/check_ads.py /tmp/tmp.XvSEhTswao/run/mangoman-ad-copy/a2-ghee/ads.json /tmp/tmp.XvSEhTswao/run/mangoman-ad-copy/a2-ghee/ads
PASS  spec is valid
FAIL  Google ads: A2 Ghee Generic: description 1 is 112 characters (90); A2 Ghee Generic: description 2 is 100 characters (90); A2 Ghee Generic: description 3 is 105 characters (90); A2 Ghee Generic: description 4 is 105 characters (90); Bilona Ghee: description 1 is 95 characters (90); Bilona Ghee: description 2 is 103 characters (90); Bilona Ghee: description 3 is 98 characters (90); Bilona Ghee: description 4 is 97 characters (90)
WARN  Google ads: Bilona Ghee: fewer than 2 headlines contain a keyword; ads match searches better when they do; Desi Cow Ghee Online: fewer than 2 headlines contain a keyword; ads match searches better when they do
PASS  Meta ads follow the policy basics
WARN  Meta ads: Offer First Order: description is 31 characters; phones cut it at about 30; Offer First Order: primary text is 127 characters; phones cut it at about 125; Quality & Trust: description is 39 characters; phones cut it at about 30; Quality & Trust: primary text is 137 characters; phones cut it at about 125; Traditional Method: description is 36 characters; phones cut it at about 30; Traditional Method: primary text is 127 characters; phones cut it at about 125
FAIL  numbers not in facts (ask the user, or remove them): 1L
PASS  no risky claims
PASS  no placeholder text
[0m
[0m← [0mEdit ads.json
Index: /tmp/tmp.XvSEhTswao/run/mangoman-ad-copy/a2-ghee/ads.json
===================================================================
--- /tmp/tmp.XvSEhTswao/run/mangoman-ad-copy/a2-ghee/ads.json
+++ /tmp/tmp.XvSEhTswao/run/mangoman-ad-copy/a2-ghee/ads.json
@@ -44,12 +44,12 @@
     "Our Herd, Our Ghee",
     "Trusted by Families India"
   ],
   "descriptions": [
-    "Bilona ghee from our 140 Gir cows. Hand churned, lab tested, 3–6 day delivery. 10% off first order with FIRST10.",
-    "Own farm near Gondal. Lab tested with QR on jar. 500ml ₹1,250, 1L ₹2,350. Free delivery over ₹1,500.",
-    "Real bilona: curd set, hand churned, wood fire. Small batches, glass jars. UPI, card or COD. Order today.",
-    "Families choose Gauveda for pure A2 ghee. No wholesale, no franchise. 10% off FIRST10. Ships in 3–6 days."
+    "Bilona ghee from 140 Gir cows. Hand churned, lab tested, 3–6 day delivery. 10% off FIRST10.",
+    "Own farm near Gondal. Lab tested with QR on jar. 500ml ₹1,250, 1L ₹2,350. Free delivery ₹1,500+.",
+    "Real bilona: curd set, hand churned, wood fire. Small batches, glass jars. UPI, card or COD.",
+    "Families choose Gauveda for pure A2 ghee. No wholesale, no franchise. 10% off FIRST10."
   ]
 },
 {
   "name": "Bilona Ghee",

[0m
[0m← [0mEdit ads.json
Index: /tmp/tmp.XvSEhTswao/run/mangoman-ad-copy/a2-ghee/ads.json
===================================================================
--- /tmp/tmp.XvSEhTswao/run/mangoman-ad-copy/a2-ghee/ads.json
+++ /tmp/tmp.XvSEhTswao/run/mangoman-ad-copy/a2-ghee/ads.json
@@ -80,11 +80,11 @@
     "Traditional Bilona Method",
     "Gauveda Farm to Home"
   ],
   "descriptions": [
-    "True bilona: curd set, hand churned with wooden bilona, wood fire. Lab tested, QR on every jar.",
-    "From our 140 Gir cows near Gondal. Small batches, glass jars. 500ml ₹1,250, 1L ₹2,350. 10% off FIRST10.",
-    "No cream separation, no machines. Pure bilona method. Free delivery over ₹1,500. UPI, card or COD.",
+    "True bilona: curd set, hand churned, wood fire. Lab tested, QR on every jar.",
+    "From 140 Gir cows near Gondal. Small batches, glass jars. 500ml ₹1,250, 1L ₹2,350. 10% off.",
+    "No cream separation, no machines. Pure bilona method. Free delivery ₹1,500+. UPI, card, COD.",
     "Families trust Gauveda for authentic bilona ghee. Every batch tested. No wholesale, no franchise."
   ]
 },
 {

[0m
[0m← [0mEdit ads.json
Index: /tmp/tmp.XvSEhTswao/run/mangoman-ad-copy/a2-ghee/ads.json
===================================================================
--- /tmp/tmp.XvSEhTswao/run/mangoman-ad-copy/a2-ghee/ads.json
+++ /tmp/tmp.XvSEhTswao/run/mangoman-ad-copy/a2-ghee/ads.json
@@ -116,12 +116,12 @@
     "Small Batch, Glass Jar",
     "Order 1 Litre Today"
   ],
   "descriptions": [
-    "1 litre glass jar ₹2,350. Bilona ghee from our 140 Gir cows. Lab tested with QR code. 10% off FIRST10.",
-    "Hand churned, wood fire heated, small batches. Free delivery on this order. UPI, card or COD. Ships in 3–6 days.",
-    "Pure A2 Gir cow ghee, bilona method. Every batch tested. No wholesale, no franchise. Order 1L delivered.",
-    "Families choose 1L for daily use. Glass jar preserves freshness. 10% off FIRST10. Free delivery over ₹1,500."
+    "1 litre glass jar ₹2,350. Bilona ghee from 140 Gir cows. Lab tested with QR. 10% off FIRST10.",
+    "Hand churned, wood fire, small batches. Free delivery on this order. UPI, card or COD. 3–6 days.",
+    "Pure A2 Gir cow ghee, bilona method. Every batch tested. No wholesale, no franchise. Order 1L.",
+    "Families choose 1L daily. Glass jar preserves freshness. 10% off FIRST10. Free delivery ₹1,500+."
   ]
 },
 {
   "name": "Desi Cow Ghee Online",

[0m
[0m← [0mEdit ads.json
Index: /tmp/tmp.XvSEhTswao/run/mangoman-ad-copy/a2-ghee/ads.json
===================================================================
--- /tmp/tmp.XvSEhTswao/run/mangoman-ad-copy/a2-ghee/ads.json
+++ /tmp/tmp.XvSEhTswao/run/mangoman-ad-copy/a2-ghee/ads.json
@@ -152,12 +152,12 @@
         "Traditional Desi Ghee",
         "Gauveda Farm to Home"
       ],
       "descriptions": [
-        "Real desi ghee from our Gir cows. Bilona method, lab tested, QR on jar. 500ml ₹1,250, 1L ₹2,350. 10% off FIRST10.",
-        "Hand churned from curd, wood fire heated. Small batches in glass. Free delivery over ₹1,500. Ships in 3–6 days.",
-        "Pure A2, no machines, no cream separation. UPI, card or COD. No wholesale, no franchise. Families order monthly.",
-        "Traditional desi ghee made the slow way. Every batch tested. 10% off first order. Free delivery on ₹1,500+."
+        "Real desi ghee from Gir cows. Bilona, lab tested, QR on jar. 500ml ₹1,250, 1L ₹2,350. 10% off FIRST10.",
+        "Hand churned from curd, wood fire. Small batches in glass. Free delivery ₹1,500+. Ships 3–6 days.",
+        "Pure A2, no machines, no cream separation. UPI, card, COD. No wholesale, no franchise. Families order.",
+        "Traditional desi ghee made slow. Every batch tested. 10% off first order. Free delivery on ₹1,500+."
       ]
     }
   ]
 },

[0m
[0m← [0mEdit ads.json
Index: /tmp/tmp.XvSEhTswao/run/mangoman-ad-copy/a2-ghee/ads.json
===================================================================
--- /tmp/tmp.XvSEhTswao/run/mangoman-ad-copy/a2-ghee/ads.json
+++ /tmp/tmp.XvSEhTswao/run/mangoman-ad-copy/a2-ghee/ads.json
@@ -64,9 +64,9 @@
 ],
 "negatives": ["organic", "wholesale", "franchise", "jobs", "machine", "recipe", "seeds", "plant", "tin", "bulk", "distributor"],
 "headlines": [
   "Bilona Ghee Online",
-  "Hand Churned Wooden Bilona",
+  "Hand Churned Bilona Ghee",
   "Curd Churned, Not Cream",
   "Slow Heated on Wood Fire",
   "Our 140 Gir Cows, Our Farm",
   "Lab Tested with QR Code",

[0m
[0m← [0mEdit ads.json
Index: /tmp/tmp.XvSEhTswao/run/mangoman-ad-copy/a2-ghee/ads.json
===================================================================
--- /tmp/tmp.XvSEhTswao/run/mangoman-ad-copy/a2-ghee/ads.json
+++ /tmp/tmp.XvSEhTswao/run/mangoman-ad-copy/a2-ghee/ads.json
@@ -136,8 +136,9 @@
 ],
 "negatives": ["organic", "wholesale", "franchise", "jobs", "machine", "recipe", "seeds", "plant", "tin", "bulk", "distributor", "vanaspati", "dalda"],
 "headlines": [
   "Desi Cow Ghee Online",
+  "Desi Ghee Online",
   "Pure A2 Gir Cow Ghee",
   "Bilona Method, Hand Made",
   "Our Farm, 140 Gir Cows",
   "Lab Tested, QR Verified",
@@ -148,9 +149,8 @@
   "Glass Jar, Small Batches",
   "Wood Fire Slow Heated",
   "Pay UPI, Card or COD",
   "No Wholesale, Homes Only",
-  "Traditional Desi Ghee",
   "Gauveda Farm to Home"
 ],
 "descriptions": [
   "Real desi ghee from Gir cows. Bilona, lab tested, QR on jar. 500ml ₹1,250, 1L ₹2,350. 10% off FIRST10.",

[0m
[0m← [0mEdit ads.json
Index: /tmp/tmp.XvSEhTswao/run/mangoman-ad-copy/a2-ghee/ads.json
===================================================================
--- /tmp/tmp.XvSEhTswao/run/mangoman-ad-copy/a2-ghee/ads.json
+++ /tmp/tmp.XvSEhTswao/run/mangoman-ad-copy/a2-ghee/ads.json
@@ -164,27 +164,27 @@
 "meta": {
   "ads": [
     {
       "name": "Offer First Order",
-      "primary_text": "Get 10% off first jar of authentic bilona ghee from our 140 Gir cows. Code FIRST10. Hand churned, lab tested, 3–6 day delivery.",
+      "primary_text": "10% off first jar of bilona ghee from our 140 Gir cows. Code FIRST10. Hand churned, lab tested, 3–6 day delivery. Free delivery ₹1,500+.",
       "headline": "10% Off A2 Gir Cow Ghee",
       "description": "Bilona • Lab tested • Glass jar",
       "cta": "SHOP_NOW",
       "url": "https://gauveda.in/a2-ghee",
       "image_brief": "Glass jar of golden ghee on wooden table with wooden bilona churner in background, warm lighting, QR code visible on jar label"
     },
     {
       "name": "Quality & Trust",
-      "primary_text": "Every batch lab tested with report on QR code. From our 140 Gir cows near Gondal. Hand churned bilona, wood fire, glass jars. Homes only.",
+      "primary_text": "Every batch lab tested with QR code report. From 140 Gir cows near Gondal. Hand churned bilona, wood fire, glass jars. Homes only.",
       "headline": "Lab Tested A2 Ghee",
       "description": "QR verified • 140 Gir cows • Farm fresh",
       "cta": "LEARN_MORE",
       "url": "https://gauveda.in/a2-ghee",
       "image_brief": "Close up of jar with QR code label, phone scanning code showing lab report, Gir cows grazing in background"
     },
     {
       "name": "Traditional Method",
-      "primary_text": "Real bilona: curd set, hand churned with wooden bilona, slow heated on wood fire. Not cream separated. 500ml ₹1,250, 1L ₹2,350.",
+      "primary_text": "Real bilona: curd set, hand churned, wood fire. Not cream separated. 500ml ₹1,250, 1L ₹2,350. UPI, card, COD.",
       "headline": "Authentic Bilona Ghee",
       "description": "Hand churned • Wood fire • Glass jar",
       "cta": "ORDER_NOW",
       "url": "https://gauveda.in/a2-ghee",

[0m
[0m$ [0mpython3 /home/runner/work/_temp/mangoman/opencode/skills/mangoman-ad-copy/scripts/check_ads.py /tmp/tmp.XvSEhTswao/run/mangoman-ad-copy/a2-ghee/ads.json /tmp/tmp.XvSEhTswao/run/mangoman-ad-copy/a2-ghee/ads
PASS  spec is valid
FAIL  Google ads: A2 Ghee Generic: description 1 is 91 characters (90); A2 Ghee Generic: description 2 is 96 characters (90); A2 Ghee Generic: description 3 is 92 characters (90); Bilona Ghee: description 2 is 91 characters (90); Bilona Ghee: description 3 is 92 characters (90); Bilona Ghee: description 4 is 97 characters (90); Desi Cow Ghee Online: description 1 is 102 characters (90); Desi Cow Ghee Online: description 2 is 97 characters (90)
PASS  Meta ads follow the policy basics
WARN  Meta ads: Offer First Order: description is 31 characters; phones cut it at about 30; Offer First Order: primary text is 136 characters; phones cut it at about 125; Quality & Trust: description is 39 characters; phones cut it at about 30; Quality & Trust: primary text is 130 characters; phones cut it at about 125; Traditional Method: description is 36 characters; phones cut it at about 30
FAIL  numbers not in facts (ask the user, or remove them): 1L
PASS  no risky claims
PASS  no placeholder text
[0m
[0m← [0mEdit ads.json
Index: /tmp/tmp.XvSEhTswao/run/mangoman-ad-copy/a2-ghee/ads.json
===================================================================
--- /tmp/tmp.XvSEhTswao/run/mangoman-ad-copy/a2-ghee/ads.json
+++ /tmp/tmp.XvSEhTswao/run/mangoman-ad-copy/a2-ghee/ads.json
@@ -44,11 +44,11 @@
     "Our Herd, Our Ghee",
     "Trusted by Families India"
   ],
   "descriptions": [
-    "Bilona ghee from 140 Gir cows. Hand churned, lab tested, 3–6 day delivery. 10% off FIRST10.",
-    "Own farm near Gondal. Lab tested with QR on jar. 500ml ₹1,250, 1L ₹2,350. Free delivery ₹1,500+.",
-    "Real bilona: curd set, hand churned, wood fire. Small batches, glass jars. UPI, card or COD.",
+    "Bilona ghee from 140 Gir cows. Hand churned, lab tested, 3–6 days. 10% off FIRST10.",
+    "Own farm near Gondal. Lab tested with QR on jar. 500ml ₹1,250, 1 litre ₹2,350. Free delivery ₹1,500+.",
+    "Real bilona: curd set, hand churned, wood fire. Small batches, glass jars. UPI, card, COD.",
     "Families choose Gauveda for pure A2 ghee. No wholesale, no franchise. 10% off FIRST10."
   ]
 },
 {

[0m
[0m← [0mEdit ads.json
Index: /tmp/tmp.XvSEhTswao/run/mangoman-ad-copy/a2-ghee/ads.json
===================================================================
--- /tmp/tmp.XvSEhTswao/run/mangoman-ad-copy/a2-ghee/ads.json
+++ /tmp/tmp.XvSEhTswao/run/mangoman-ad-copy/a2-ghee/ads.json
@@ -80,10 +80,10 @@
     "Traditional Bilona Method",
     "Gauveda Farm to Home"
   ],
   "descriptions": [
-    "True bilona: curd set, hand churned, wood fire. Lab tested, QR on every jar.",
-    "From 140 Gir cows near Gondal. Small batches, glass jars. 500ml ₹1,250, 1L ₹2,350. 10% off.",
+    "True bilona: curd set, hand churned, wood fire. Lab tested, QR on jar.",
+    "From 140 Gir cows near Gondal. Small batches, glass jars. 500ml ₹1,250, 1 litre ₹2,350. 10% off.",
     "No cream separation, no machines. Pure bilona method. Free delivery ₹1,500+. UPI, card, COD.",
     "Families trust Gauveda for authentic bilona ghee. Every batch tested. No wholesale, no franchise."
   ]
 },

[0m
[0m← [0mEdit ads.json
Index: /tmp/tmp.XvSEhTswao/run/mangoman-ad-copy/a2-ghee/ads.json
===================================================================
--- /tmp/tmp.XvSEhTswao/run/mangoman-ad-copy/a2-ghee/ads.json
+++ /tmp/tmp.XvSEhTswao/run/mangoman-ad-copy/a2-ghee/ads.json
@@ -118,10 +118,10 @@
   ],
   "descriptions": [
     "1 litre glass jar ₹2,350. Bilona ghee from 140 Gir cows. Lab tested with QR. 10% off FIRST10.",
     "Hand churned, wood fire, small batches. Free delivery on this order. UPI, card or COD. 3–6 days.",
-    "Pure A2 Gir cow ghee, bilona method. Every batch tested. No wholesale, no franchise. Order 1L.",
-    "Families choose 1L daily. Glass jar preserves freshness. 10% off FIRST10. Free delivery ₹1,500+."
+    "Pure A2 Gir cow ghee, bilona method. Every batch tested. No wholesale, no franchise. Order 1 litre.",
+    "Families choose 1 litre daily. Glass jar preserves freshness. 10% off FIRST10. Free delivery ₹1,500+."
   ]
 },
 {
   "name": "Desi Cow Ghee Online",

[0m
[0m← [0mEdit ads.json
Index: /tmp/tmp.XvSEhTswao/run/mangoman-ad-copy/a2-ghee/ads.json
===================================================================
--- /tmp/tmp.XvSEhTswao/run/mangoman-ad-copy/a2-ghee/ads.json
+++ /tmp/tmp.XvSEhTswao/run/mangoman-ad-copy/a2-ghee/ads.json
@@ -152,9 +152,9 @@
   "No Wholesale, Homes Only",
   "Gauveda Farm to Home"
 ],
 "descriptions": [
-  "Real desi ghee from Gir cows. Bilona, lab tested, QR on jar. 500ml ₹1,250, 1L ₹2,350. 10% off FIRST10.",
+  "Real desi ghee from Gir cows. Bilona, lab tested, QR on jar. 500ml ₹1,250, 1 litre ₹2,350. 10% off FIRST10.",
   "Hand churned from curd, wood fire. Small batches in glass. Free delivery ₹1,500+. Ships 3–6 days.",
   "Pure A2, no machines, no cream separation. UPI, card, COD. No wholesale, no franchise. Families order.",
   "Traditional desi ghee made slow. Every batch tested. 10% off first order. Free delivery on ₹1,500+."
 ]

[0m
[0m← [0mEdit ads.json
Index: /tmp/tmp.XvSEhTswao/run/mangoman-ad-copy/a2-ghee/ads.json
===================================================================
--- /tmp/tmp.XvSEhTswao/run/mangoman-ad-copy/a2-ghee/ads.json
+++ /tmp/tmp.XvSEhTswao/run/mangoman-ad-copy/a2-ghee/ads.json
@@ -160,13 +160,13 @@
         ]
       }
     ]
   },
-  "meta": {
+"meta": {
     "ads": [
       {
         "name": "Offer First Order",
-        "primary_text": "10% off first jar of bilona ghee from our 140 Gir cows. Code FIRST10. Hand churned, lab tested, 3–6 day delivery. Free delivery ₹1,500+.",
+        "primary_text": "10% off first jar of bilona ghee from 140 Gir cows. Code FIRST10. Hand churned, lab tested, 3–6 days. Free delivery ₹1,500+.",
         "headline": "10% Off A2 Gir Cow Ghee",
         "description": "Bilona • Lab tested • Glass jar",
         "cta": "SHOP_NOW",
         "url": "https://gauveda.in/a2-ghee",
@@ -191,5 +191,7 @@
         "image_brief": "Hands churning ghee in wooden bilona, wood fire underneath, golden ghee in glass jar beside it, rustic kitchen setting"
       }
     ]
   }
+    ]
+  }
 }
\ No newline at end of file

[0m
[0m$ [0mpython3 /home/runner/work/_temp/mangoman/opencode/skills/mangoman-ad-copy/scripts/check_ads.py /tmp/tmp.XvSEhTswao/run/mangoman-ad-copy/a2-ghee/ads.json /tmp/tmp.XvSEhTswao/run/mangoman-ad-copy/a2-ghee/ads
Traceback (most recent call last):
  File "/home/runner/work/_temp/mangoman/opencode/skills/mangoman-ad-copy/scripts/check_ads.py", line 118, in <module>
    main()
  File "/home/runner/work/_temp/mangoman/opencode/skills/mangoman-ad-copy/scripts/check_ads.py", line 44, in main
    spec = B.load(src)
           ^^^^^^^^^^^
  File "/home/runner/work/_temp/mangoman/opencode/skills/mangoman-ad-copy/scripts/build_ads.py", line 22, in load
    return json.load(f)
           ^^^^^^^^^^^^
  File "/opt/hostedtoolcache/Python/3.12.14/x64/lib/python3.12/json/__init__.py", line 293, in load
    return loads(fp.read(),
           ^^^^^^^^^^^^^^^^
  File "/opt/hostedtoolcache/Python/3.12.14/x64/lib/python3.12/json/__init__.py", line 346, in loads
    return _default_decoder.decode(s)
           ^^^^^^^^^^^^^^^^^^^^^^^^^^
  File "/opt/hostedtoolcache/Python/3.12.14/x64/lib/python3.12/json/decoder.py", line 338, in decode
    obj, end = self.raw_decode(s, idx=_w(s, 0).end())
               ^^^^^^^^^^^^^^^^^^^^^^^^^^^^^^^^^^^^^^
  File "/opt/hostedtoolcache/Python/3.12.14/x64/lib/python3.12/json/decoder.py", line 354, in raw_decode
    obj, end = self.scan_once(s, idx)
               ^^^^^^^^^^^^^^^^^^^^^^
json.decoder.JSONDecodeError: Expecting ',' delimiter: line 195 column 5 (char 8744)
[0m
[0m→ [0mRead ads.json
[0m✗ [0mEdit ads.json failed
[91m[1mError: [0mNo changes to apply: oldString and newString are identical.
[0m✗ [0mEdit ads.json failed
[91m[1mError: [0mNo changes to apply: oldString and newString are identical.
[0m
[0m$ [0mcat -n /tmp/tmp.XvSEhTswao/run/mangoman-ad-copy/a2-ghee/ads.json | tail -10
188	        "description": "Hand churned • Wood fire • Glass jar",
   189	        "cta": "ORDER_NOW",
   190	        "url": "https://gauveda.in/a2-ghee",
   191	        "image_brief": "Hands churning ghee in wooden bilona, wood fire underneath, golden ghee in glass jar beside it, rustic kitchen setting"
   192	      }
   193	    ]
   194	  }
   195	    ]
   196	  }
   197	}
[0m
[0m← [0mEdit ads.json
Index: /tmp/tmp.XvSEhTswao/run/mangoman-ad-copy/a2-ghee/ads.json
===================================================================
--- /tmp/tmp.XvSEhTswao/run/mangoman-ad-copy/a2-ghee/ads.json
+++ /tmp/tmp.XvSEhTswao/run/mangoman-ad-copy/a2-ghee/ads.json
@@ -191,7 +191,5 @@
         "image_brief": "Hands churning ghee in wooden bilona, wood fire underneath, golden ghee in glass jar beside it, rustic kitchen setting"
       }
     ]
   }
-    ]
-  }
 }
\ No newline at end of file

[0m
[0m$ [0mpython3 /home/runner/work/_temp/mangoman/opencode/skills/mangoman-ad-copy/scripts/check_ads.py /tmp/tmp.XvSEhTswao/run/mangoman-ad-copy/a2-ghee/ads.json /tmp/tmp.XvSEhTswao/run/mangoman-ad-copy/a2-ghee/ads
PASS  spec is valid
FAIL  Google ads: A2 Ghee Generic: description 2 is 101 characters (90); Bilona Ghee: description 2 is 96 characters (90); Bilona Ghee: description 3 is 92 characters (90); Bilona Ghee: description 4 is 97 characters (90); Desi Cow Ghee Online: description 1 is 107 characters (90); Desi Cow Ghee Online: description 2 is 97 characters (90); Desi Cow Ghee Online: description 3 is 102 characters (90); Desi Cow Ghee Online: description 4 is 99 characters (90)
PASS  Meta ads follow the policy basics
WARN  Meta ads: Offer First Order: description is 31 characters; phones cut it at about 30; Quality & Trust: description is 39 characters; phones cut it at about 30; Quality & Trust: primary text is 130 characters; phones cut it at about 125; Traditional Method: description is 36 characters; phones cut it at about 30
FAIL  numbers not in facts (ask the user, or remove them): 1L
PASS  no risky claims
PASS  no placeholder text
[0m
[0m← [0mEdit ads.json
Index: /tmp/tmp.XvSEhTswao/run/mangoman-ad-copy/a2-ghee/ads.json
===================================================================
--- /tmp/tmp.XvSEhTswao/run/mangoman-ad-copy/a2-ghee/ads.json
+++ /tmp/tmp.XvSEhTswao/run/mangoman-ad-copy/a2-ghee/ads.json
@@ -45,9 +45,9 @@
     "Trusted by Families India"
   ],
   "descriptions": [
     "Bilona ghee from 140 Gir cows. Hand churned, lab tested, 3–6 days. 10% off FIRST10.",
-    "Own farm near Gondal. Lab tested with QR on jar. 500ml ₹1,250, 1 litre ₹2,350. Free delivery ₹1,500+.",
+    "Own farm near Gondal. Lab tested with QR on jar. 500ml ₹1,250, 1L ₹2,350. Free delivery ₹1,500+.",
     "Real bilona: curd set, hand churned, wood fire. Small batches, glass jars. UPI, card, COD.",
     "Families choose Gauveda for pure A2 ghee. No wholesale, no franchise. 10% off FIRST10."
   ]
 },

[0m
[0m← [0mEdit ads.json
Index: /tmp/tmp.XvSEhTswao/run/mangoman-ad-copy/a2-ghee/ads.json
===================================================================
--- /tmp/tmp.XvSEhTswao/run/mangoman-ad-copy/a2-ghee/ads.json
+++ /tmp/tmp.XvSEhTswao/run/mangoman-ad-copy/a2-ghee/ads.json
@@ -81,10 +81,10 @@
     "Gauveda Farm to Home"
   ],
   "descriptions": [
     "True bilona: curd set, hand churned, wood fire. Lab tested, QR on jar.",
-    "From 140 Gir cows near Gondal. Small batches, glass jars. 500ml ₹1,250, 1 litre ₹2,350. 10% off.",
-    "No cream separation, no machines. Pure bilona method. Free delivery ₹1,500+. UPI, card, COD.",
+    "From 140 Gir cows near Gondal. Small batches, glass jars. 500ml ₹1,250, 1L ₹2,350. 10% off.",
+    "No cream separation, no machines. Pure bilona. Free delivery ₹1,500+. UPI, card, COD.",
     "Families trust Gauveda for authentic bilona ghee. Every batch tested. No wholesale, no franchise."
   ]
 },
 {

[0m
[0m✗ [0mEdit ads.json failed
[91m[1mError: [0mNo changes to apply: oldString and newString are identical.
[0m
[0m← [0mEdit ads.json
Index: /tmp/tmp.XvSEhTswao/run/mangoman-ad-copy/a2-ghee/ads.json
===================================================================
--- /tmp/tmp.XvSEhTswao/run/mangoman-ad-copy/a2-ghee/ads.json
+++ /tmp/tmp.XvSEhTswao/run/mangoman-ad-copy/a2-ghee/ads.json
@@ -152,9 +152,9 @@
   "No Wholesale, Homes Only",
   "Gauveda Farm to Home"
 ],
 "descriptions": [
-  "Real desi ghee from Gir cows. Bilona, lab tested, QR on jar. 500ml ₹1,250, 1 litre ₹2,350. 10% off FIRST10.",
+  "Real desi ghee from Gir cows. Bilona, lab tested, QR on jar. 500ml ₹1,250, 1L ₹2,350. 10% off FIRST10.",
   "Hand churned from curd, wood fire. Small batches in glass. Free delivery ₹1,500+. Ships 3–6 days.",
   "Pure A2, no machines, no cream separation. UPI, card, COD. No wholesale, no franchise. Families order.",
   "Traditional desi ghee made slow. Every batch tested. 10% off first order. Free delivery on ₹1,500+."
 ]

[0m
[0m← [0mEdit ads.json
Index: /tmp/tmp.XvSEhTswao/run/mangoman-ad-copy/a2-ghee/ads.json
===================================================================
--- /tmp/tmp.XvSEhTswao/run/mangoman-ad-copy/a2-ghee/ads.json
+++ /tmp/tmp.XvSEhTswao/run/mangoman-ad-copy/a2-ghee/ads.json
@@ -166,27 +166,27 @@
 {
   "name": "Offer First Order",
   "primary_text": "10% off first jar of bilona ghee from 140 Gir cows. Code FIRST10. Hand churned, lab tested, 3–6 days. Free delivery ₹1,500+.",
   "headline": "10% Off A2 Gir Cow Ghee",
-  "description": "Bilona • Lab tested • Glass jar",
+  "description": "Bilona • Lab tested • Glass",
   "cta": "SHOP_NOW",
   "url": "https://gauveda.in/a2-ghee",
   "image_brief": "Glass jar of golden ghee on wooden table with wooden bilona churner in background, warm lighting, QR code visible on jar label"
 },
 {
   "name": "Quality & Trust",
-  "primary_text": "Every batch lab tested with QR code report. From 140 Gir cows near Gondal. Hand churned bilona, wood fire, glass jars. Homes only.",
+  "primary_text": "Every batch lab tested with QR code. From 140 Gir cows near Gondal. Hand churned bilona, wood fire, glass jars. Homes only.",
   "headline": "Lab Tested A2 Ghee",
-  "description": "QR verified • 140 Gir cows • Farm fresh",
+  "description": "QR verified • 140 Gir cows",
   "cta": "LEARN_MORE",
   "url": "https://gauveda.in/a2-ghee",
   "image_brief": "Close up of jar with QR code label, phone scanning code showing lab report, Gir cows grazing in background"
 },
 {
   "name": "Traditional Method",
-  "primary_text": "Real bilona: curd set, hand churned, wood fire. Not cream separated. 500ml ₹1,250, 1L ₹2,350. UPI, card, COD.",
+  "primary_text": "Real bilona: curd set, hand churned, wood fire. Not cream separated. 500ml ₹1,250, 1 litre ₹2,350. UPI, card, COD.",
   "headline": "Authentic Bilona Ghee",
-  "description": "Hand churned • Wood fire • Glass jar",
+  "description": "Hand churned • Wood fire",
   "cta": "ORDER_NOW",
   "url": "https://gauveda.in/a2-ghee",
   "image_brief": "Hands churning ghee in wooden bilona, wood fire underneath, golden ghee in glass jar beside it, rustic kitchen setting"
 }

[0m
[0m$ [0mpython3 /home/runner/work/_temp/mangoman/opencode/skills/mangoman-ad-copy/scripts/check_ads.py /tmp/tmp.XvSEhTswao/run/mangoman-ad-copy/a2-ghee/ads.json /tmp/tmp.XvSEhTswao/run/mangoman-ad-copy/a2-ghee/ads
PASS  spec is valid
FAIL  Google ads: A2 Ghee Generic: description 2 is 96 characters (90); Bilona Ghee: description 2 is 91 characters (90); Bilona Ghee: description 4 is 97 characters (90); Desi Cow Ghee Online: description 1 is 102 characters (90); Desi Cow Ghee Online: description 2 is 97 characters (90); Desi Cow Ghee Online: description 3 is 102 characters (90); Desi Cow Ghee Online: description 4 is 99 characters (90); Gir Cow Ghee 1 Litre: description 1 is 93 characters (90)
PASS  Meta ads follow the policy basics
PASS  Meta text fits what phones show
FAIL  numbers not in facts (ask the user, or remove them): 1L
PASS  no risky claims
PASS  no placeholder text
[0m
[0m→ [0mRead ads.json[90m [offset=45, limit=20][0m
[0m✗ [0mEdit ads.json failed
[91m[1mError: [0mNo changes to apply: oldString and newString are identical.
[0m
[0m← [0mEdit ads.json
Index: /tmp/tmp.XvSEhTswao/run/mangoman-ad-copy/a2-ghee/ads.json
===================================================================
--- /tmp/tmp.XvSEhTswao/run/mangoman-ad-copy/a2-ghee/ads.json
+++ /tmp/tmp.XvSEhTswao/run/mangoman-ad-copy/a2-ghee/ads.json
@@ -45,9 +45,9 @@
     "Trusted by Families India"
   ],
   "descriptions": [
     "Bilona ghee from 140 Gir cows. Hand churned, lab tested, 3–6 days. 10% off FIRST10.",
-    "Own farm near Gondal. Lab tested with QR on jar. 500ml ₹1,250, 1L ₹2,350. Free delivery ₹1,500+.",
+    "Own farm near Gondal. Lab tested with QR. 500ml ₹1,250, 1L ₹2,350. Free delivery ₹1,500+.",
     "Real bilona: curd set, hand churned, wood fire. Small batches, glass jars. UPI, card, COD.",
     "Families choose Gauveda for pure A2 ghee. No wholesale, no franchise. 10% off FIRST10."
   ]
 },

[0m
[0m→ [0mRead ads.json[90m [offset=80, limit=20][0m
[0m
[0m← [0mEdit ads.json
Index: /tmp/tmp.XvSEhTswao/run/mangoman-ad-copy/a2-ghee/ads.json
===================================================================
--- /tmp/tmp.XvSEhTswao/run/mangoman-ad-copy/a2-ghee/ads.json
+++ /tmp/tmp.XvSEhTswao/run/mangoman-ad-copy/a2-ghee/ads.json
@@ -83,9 +83,9 @@
   "descriptions": [
     "True bilona: curd set, hand churned, wood fire. Lab tested, QR on jar.",
     "From 140 Gir cows near Gondal. Small batches, glass jars. 500ml ₹1,250, 1L ₹2,350. 10% off.",
     "No cream separation, no machines. Pure bilona. Free delivery ₹1,500+. UPI, card, COD.",
-    "Families trust Gauveda for authentic bilona ghee. Every batch tested. No wholesale, no franchise."
+    "Families trust Gauveda for authentic bilona. Every batch tested. No wholesale, no franchise."
   ]
 },
 {
   "name": "Gir Cow Ghee 1 Litre",

[0m
[0m→ [0mRead ads.json[90m [limit=20, offset=115][0m
[0m
[0m← [0mEdit ads.json
Index: /tmp/tmp.XvSEhTswao/run/mangoman-ad-copy/a2-ghee/ads.json
===================================================================
--- /tmp/tmp.XvSEhTswao/run/mangoman-ad-copy/a2-ghee/ads.json
+++ /tmp/tmp.XvSEhTswao/run/mangoman-ad-copy/a2-ghee/ads.json
@@ -116,9 +116,9 @@
   "Small Batch, Glass Jar",
   "Order 1 Litre Today"
 ],
 "descriptions": [
-  "1 litre glass jar ₹2,350. Bilona ghee from 140 Gir cows. Lab tested with QR. 10% off FIRST10.",
+  "1 litre glass jar ₹2,350. Bilona ghee from 140 Gir cows. Lab tested QR. 10% off FIRST10.",
   "Hand churned, wood fire, small batches. Free delivery on this order. UPI, card or COD. 3–6 days.",
   "Pure A2 Gir cow ghee, bilona method. Every batch tested. No wholesale, no franchise. Order 1 litre.",
   "Families choose 1 litre daily. Glass jar preserves freshness. 10% off FIRST10. Free delivery ₹1,500+."
 ]

[0m
[0m→ [0mRead ads.json[90m [limit=20, offset=145][0m
[0m
[0m← [0mEdit ads.json
Index: /tmp/tmp.XvSEhTswao/run/mangoman-ad-copy/a2-ghee/ads.json
===================================================================
--- /tmp/tmp.XvSEhTswao/run/mangoman-ad-copy/a2-ghee/ads.json
+++ /tmp/tmp.XvSEhTswao/run/mangoman-ad-copy/a2-ghee/ads.json
@@ -152,9 +152,9 @@
   "No Wholesale, Homes Only",
   "Gauveda Farm to Home"
 ],
 "descriptions": [
-  "Real desi ghee from Gir cows. Bilona, lab tested, QR on jar. 500ml ₹1,250, 1L ₹2,350. 10% off FIRST10.",
+  "Real desi ghee from Gir cows. Bilona, lab tested, QR on jar. 500ml ₹1,250, 1L ₹2,350. 10% off.",
   "Hand churned from curd, wood fire. Small batches in glass. Free delivery ₹1,500+. Ships 3–6 days.",
   "Pure A2, no machines, no cream separation. UPI, card, COD. No wholesale, no franchise. Families order.",
   "Traditional desi ghee made slow. Every batch tested. 10% off first order. Free delivery on ₹1,500+."
 ]

[0m
[0m$ [0mpython3 /home/runner/work/_temp/mangoman/opencode/skills/mangoman-ad-copy/scripts/check_ads.py /tmp/tmp.XvSEhTswao/run/mangoman-ad-copy/a2-ghee/ads.json /tmp/tmp.XvSEhTswao/run/mangoman-ad-copy/a2-ghee/ads
PASS  spec is valid
FAIL  Google ads: Bilona Ghee: description 2 is 91 characters (90); Bilona Ghee: description 4 is 92 characters (90); Desi Cow Ghee Online: description 1 is 94 characters (90); Desi Cow Ghee Online: description 2 is 97 characters (90); Desi Cow Ghee Online: description 3 is 102 characters (90); Desi Cow Ghee Online: description 4 is 99 characters (90); Gir Cow Ghee 1 Litre: description 2 is 96 characters (90); Gir Cow Ghee 1 Litre: description 3 is 99 characters (90)
PASS  Meta ads follow the policy basics
PASS  Meta text fits what phones show
FAIL  numbers not in facts (ask the user, or remove them): 1L
PASS  no risky claims
PASS  no placeholder text
[0m
[0m← [0mEdit ads.json
Index: /tmp/tmp.XvSEhTswao/run/mangoman-ad-copy/a2-ghee/ads.json
===================================================================
--- /tmp/tmp.XvSEhTswao/run/mangoman-ad-copy/a2-ghee/ads.json
+++ /tmp/tmp.XvSEhTswao/run/mangoman-ad-copy/a2-ghee/ads.json
@@ -81,9 +81,9 @@
     "Gauveda Farm to Home"
   ],
   "descriptions": [
     "True bilona: curd set, hand churned, wood fire. Lab tested, QR on jar.",
-    "From 140 Gir cows near Gondal. Small batches, glass jars. 500ml ₹1,250, 1L ₹2,350. 10% off.",
+    "From 140 Gir cows near Gondal. Small batches, glass jars. 500ml ₹1,250, 1 litre ₹2,350. 10% off.",
     "No cream separation, no machines. Pure bilona. Free delivery ₹1,500+. UPI, card, COD.",
     "Families trust Gauveda for authentic bilona. Every batch tested. No wholesale, no franchise."
   ]
 },

[0m
