Started MangoMan for this session (log: /home/runner/work/_temp/mangoman/serve.log).
Opening OpenCode on MangoMan free models (strict/nemotron-3-ultra-550b). Web search off. Skill packs: ad copy, brand kit, ceo deck, client report, code review, data dashboard, ecommerce listing, email campaign, invoice, landing page, meeting minutes, proposal, resume, seo article, social posts, web app, website copy.
[0m
> build · strict/nemotron-3-ultra-550b
[0m
[0m→ [0mRead landing.md
[0m→ [0mRead facts.md
[0m→ [0mRead keyword_ideas.csv
[0m→ [0mSkill "mangoman-ad-copy"
Now I'll create the Google search ads spec based on the data. Let me write the `ads.json` file:
[0m
[0m← [0mWrite ads.json
Wrote file successfully.
[0m
[0m$ [0mpython3 /home/runner/work/_temp/mangoman/opencode/skills/mangoman-ad-copy/scripts/build_ads.py /tmp/tmp.JKDpixHWZ3/run/mangoman-ad-copy/ac-service/ads.json --out /tmp/tmp.JKDpixHWZ3/run/mangoman-ad-copy/ac-service/ads
built /tmp/tmp.JKDpixHWZ3/run/mangoman-ad-copy/ac-service/ads: ads.md, google_ads.csv, google_keywords.csv
[0m
[0m$ [0mpython3 /home/runner/work/_temp/mangoman/opencode/skills/mangoman-ad-copy/scripts/check_ads.py /tmp/tmp.JKDpixHWZ3/run/mangoman-ad-copy/ac-service/ads.json /tmp/tmp.JKDpixHWZ3/run/mangoman-ad-copy/ac-service/ads
PASS  spec is valid
FAIL  Google ads: AC Gas Filling: all-capital word PM in 'Same-Day Gas Filling Before 1 PM'; AC Gas Filling: description 1 is 119 characters (90); AC Gas Filling: description 2 is 136 characters (90); AC Gas Filling: description 3 is 136 characters (90); AC Gas Filling: description 4 is 130 characters (90); AC Gas Filling: headline '18,000+ ACs Serviced Since 2019' is 31 characters (30); AC Gas Filling: headline 'AC Gas Refill at Home Hyderabad' is 31 characters (30); AC Gas Filling: headline 'Book Gas Filling Online WhatsApp' is 32 characters (30)
WARN  Google ads: AC Service Hyderabad: fewer than 2 headlines contain a keyword; ads match searches better when they do; AC Repair Near Me: fewer than 2 headlines contain a keyword; ads match searches better when they do
PASS  every number comes from the facts the user gave
PASS  no risky claims
PASS  no placeholder text
[0m
[0m← [0mEdit ads.json
Index: /tmp/tmp.JKDpixHWZ3/run/mangoman-ad-copy/ac-service/ads.json
===================================================================
--- /tmp/tmp.JKDpixHWZ3/run/mangoman-ad-copy/ac-service/ads.json
+++ /tmp/tmp.JKDpixHWZ3/run/mangoman-ad-copy/ac-service/ads.json
@@ -12,9 +12,9 @@
   "brands": "all brands, split & window ACs",
   "areas": "Gachibowli, Madhapur, Kondapur, Kukatpally, Banjara Hills & nearby",
   "no_sales": "We do not sell ACs, new or used, and do not run training courses"
 },
-"allowed_caps": ["AC", "UPI"],
+"allowed_caps": ["AC", "UPI", "PM"],
 "google": {
   "campaign": "CoolCare AC Service Hyderabad",
   "ad_groups": [
     {

[0m
I need to fix the issues. Let me update the `ads.json`:
[0m→ [0mRead ads.json
[0m
[0m← [0mWrite ads.json
Wrote file successfully.
[0m
[0m$ [0mpython3 /home/runner/work/_temp/mangoman/opencode/skills/mangoman-ad-copy/scripts/build_ads.py /tmp/tmp.JKDpixHWZ3/run/mangoman-ad-copy/ac-service/ads.json --out /tmp/tmp.JKDpixHWZ3/run/mangoman-ad-copy/ac-service/ads
built /tmp/tmp.JKDpixHWZ3/run/mangoman-ad-copy/ac-service/ads: ads.md, google_ads.csv, google_keywords.csv
[0m
[0m$ [0mpython3 /home/runner/work/_temp/mangoman/opencode/skills/mangoman-ad-copy/scripts/check_ads.py /tmp/tmp.JKDpixHWZ3/run/mangoman-ad-copy/ac-service/ads.json /tmp/tmp.JKDpixHWZ3/run/mangoman-ad-copy/ac-service/ads
PASS  spec is valid
FAIL  Google ads: AC Gas Filling: description 1 is 106 characters (90); AC Gas Filling: description 2 is 120 characters (90); AC Gas Filling: description 3 is 124 characters (90); AC Gas Filling: description 4 is 119 characters (90); AC Gas Filling: headline 'Gas Filling Gachibowli Madhapur' is 31 characters (30); AC Gas Filling: headline 'Gas Filling Kondapur Kukatpally' is 31 characters (30); AC Gas Filling: headline 'Same-Day Gas Filling Before 1 PM' is 32 characters (30); AC Gas Filling: headline 'Transparent Gas Filling Pricing' is 31 characters (30)
PASS  every number comes from the facts the user gave
PASS  no risky claims
PASS  no placeholder text
[0m
[0m→ [0mRead ads.json
[0m
[0m← [0mEdit ads.json
Index: /tmp/tmp.JKDpixHWZ3/run/mangoman-ad-copy/ac-service/ads.json
===================================================================
--- /tmp/tmp.JKDpixHWZ3/run/mangoman-ad-copy/ac-service/ads.json
+++ /tmp/tmp.JKDpixHWZ3/run/mangoman-ad-copy/ac-service/ads.json
@@ -101,26 +101,26 @@
   "headlines": [
     "AC Gas Filling Split AC ₹2,200",
     "AC Gas Refill at Home Hyd",
     "Expert Gas Top-Up Service",
-    "Same-Day Gas Filling Before 1 PM",
+    "Same-Day Gas Fill Before 1 PM",
     "All Brands Split AC Gas Refill",
     "30-Day Warranty on Gas Service",
     "Trained Techs for Gas Top-Up",
     "18,000+ ACs Serviced 2019 On",
-    "Transparent Gas Filling Pricing",
+    "Transparent Gas Fill Pricing",
     "CoolCare AC Gas Filling Hyd",
-    "Gas Filling Gachibowli Madhapur",
-    "Gas Filling Kondapur Kukatpally",
-    "Book Gas Filling On WhatsApp",
+    "Gas Fill Gachibowli Madhapur",
+    "Gas Fill Kondapur Kukatpally",
+    "Book Gas Fill On WhatsApp",
     "Reliable AC Gas Refill Service",
     "Quick Gas Top-Up at Your Door"
   ],
   "descriptions": [
-    "Split AC gas refill ₹2,200 at home. Same-day if booked before 1 pm. 30-day warranty. All brands. Book now.",
-    "Expert AC gas filling for split ACs. 18,000+ ACs serviced since 2019. Transparent price ₹2,200. Book online or WhatsApp.",
-    "Professional gas top-up at home across Hyd. Trained techs, warranty included. Serving Gachibowli, Madhapur, Kondapur & more.",
-    "Fast AC gas refill service. Quote before work, 30-day warranty. Book in 2 mins online or WhatsApp. CoolCare since 2019."
+    "Split AC gas refill ₹2,200 at home. Same-day before 1 pm. 30-day warranty. All brands. Book now.",
+    "Expert AC gas filling for split ACs. 18,000+ serviced since 2019. Price ₹2,200. Book online or WhatsApp.",
+    "Pro gas top-up at home across Hyd. Trained techs, warranty included. Serving Gachibowli, Madhapur & more.",
+    "Fast AC gas refill. Quote before work, 30-day warranty. Book in 2 mins online or WhatsApp."
   ]
 },
 {
   "name": "Split AC Service",

[0m
[0m$ [0mpython3 /home/runner/work/_temp/mangoman/opencode/skills/mangoman-ad-copy/scripts/build_ads.py /tmp/tmp.JKDpixHWZ3/run/mangoman-ad-copy/ac-service/ads.json --out /tmp/tmp.JKDpixHWZ3/run/mangoman-ad-copy/ac-service/ads
built /tmp/tmp.JKDpixHWZ3/run/mangoman-ad-copy/ac-service/ads: ads.md, google_ads.csv, google_keywords.csv
[0m
[0m$ [0mpython3 /home/runner/work/_temp/mangoman/opencode/skills/mangoman-ad-copy/scripts/check_ads.py /tmp/tmp.JKDpixHWZ3/run/mangoman-ad-copy/ac-service/ads.json /tmp/tmp.JKDpixHWZ3/run/mangoman-ad-copy/ac-service/ads
PASS  spec is valid
FAIL  Google ads: AC Gas Filling: description 1 is 96 characters (90); AC Gas Filling: description 2 is 104 characters (90); AC Gas Filling: description 3 is 105 characters (90); AC Installation Hyderabad: all-capital word WA in 'Expert split AC installation for all brands. 18,000+ ACs serviced since 2019. Transparent price ₹1,499, no hidden fees. Book online/WA.'; AC Installation Hyderabad: description 1 is 113 characters (90); AC Installation Hyderabad: description 2 is 135 characters (90); AC Installation Hyderabad: description 3 is 133 characters (90); AC Installation Hyderabad: description 4 is 132 characters (90)
PASS  every number comes from the facts the user gave
PASS  no risky claims
PASS  no placeholder text
[0m
[0m→ [0mRead ads.json
[0m
[0m← [0mEdit ads.json
Index: /tmp/tmp.JKDpixHWZ3/run/mangoman-ad-copy/ac-service/ads.json
===================================================================
--- /tmp/tmp.JKDpixHWZ3/run/mangoman-ad-copy/ac-service/ads.json
+++ /tmp/tmp.JKDpixHWZ3/run/mangoman-ad-copy/ac-service/ads.json
@@ -12,9 +12,9 @@
   "brands": "all brands, split & window ACs",
   "areas": "Gachibowli, Madhapur, Kondapur, Kukatpally, Banjara Hills & nearby",
   "no_sales": "We do not sell ACs, new or used, and do not run training courses"
 },
-"allowed_caps": ["AC", "UPI", "PM"],
+"allowed_caps": ["AC", "UPI", "PM", "WA"],
 "google": {
   "campaign": "CoolCare AC Service Hyderabad",
   "ad_groups": [
     {

[0m
[0m← [0mEdit ads.json
Index: /tmp/tmp.JKDpixHWZ3/run/mangoman-ad-copy/ac-service/ads.json
===================================================================
--- /tmp/tmp.JKDpixHWZ3/run/mangoman-ad-copy/ac-service/ads.json
+++ /tmp/tmp.JKDpixHWZ3/run/mangoman-ad-copy/ac-service/ads.json
@@ -115,12 +115,12 @@
     "Reliable AC Gas Refill Service",
     "Quick Gas Top-Up at Your Door"
   ],
   "descriptions": [
-    "Split AC gas refill ₹2,200 at home. Same-day before 1 pm. 30-day warranty. All brands. Book now.",
-    "Expert AC gas filling for split ACs. 18,000+ serviced since 2019. Price ₹2,200. Book online or WhatsApp.",
-    "Pro gas top-up at home across Hyd. Trained techs, warranty included. Serving Gachibowli, Madhapur & more.",
-    "Fast AC gas refill. Quote before work, 30-day warranty. Book in 2 mins online or WhatsApp."
+    "Split AC gas refill ₹2,200 at home. Same-day before 1 pm. 30-day warranty. Book now.",
+    "Expert AC gas fill for split ACs. 18,000+ serviced since 2019. Price ₹2,200. Book online/WA.",
+    "Pro gas top-up at home across Hyd. Trained techs, warranty. Serving Gachibowli, Madhapur & more.",
+    "Fast AC gas refill. Quote before work, 30-day warranty. Book in 2 mins online/WA."
   ]
 },
 {
   "name": "Split AC Service",

[0m
[0m← [0mEdit ads.json
Index: /tmp/tmp.JKDpixHWZ3/run/mangoman-ad-copy/ac-service/ads.json
===================================================================
--- /tmp/tmp.JKDpixHWZ3/run/mangoman-ad-copy/ac-service/ads.json
+++ /tmp/tmp.JKDpixHWZ3/run/mangoman-ad-copy/ac-service/ads.json
@@ -220,12 +220,12 @@
     "Quick Split AC Installation",
     "Reliable AC Installation Service"
   ],
   "descriptions": [
-    "Split AC installation ₹1,499 at your home. Same-day if booked before 1 pm. 30-day warranty. All brands. Book now.",
-    "Expert split AC installation for all brands. 18,000+ ACs serviced since 2019. Transparent price ₹1,499, no hidden fees. Book online/WA.",
-    "Professional AC installation at your doorstep. Trained technicians, warranty included. Serving Gachibowli, Madhapur, Kondapur & more.",
-    "Split AC install booked in 2 minutes. ₹1,499 with 30-day warranty. Fast, reliable service across Hyderabad. Book installation today."
+    "Split AC installation ₹1,499 at home. Same-day before 1 pm. 30-day warranty. All brands. Book now.",
+    "Expert split AC install for all brands. 18,000+ serviced since 2019. Price ₹1,499. Book online/WA.",
+    "Pro AC installation at your doorstep. Trained techs, warranty. Serving Gachibowli, Madhapur & more.",
+    "Split AC install in 2 mins. ₹1,499 with 30-day warranty. Fast, reliable across Hyderabad."
   ]
 },
 {
   "name": "Window AC Service",

[0m
[0m$ [0mpython3 /home/runner/work/_temp/mangoman/opencode/skills/mangoman-ad-copy/scripts/build_ads.py /tmp/tmp.JKDpixHWZ3/run/mangoman-ad-copy/ac-service/ads.json --out /tmp/tmp.JKDpixHWZ3/run/mangoman-ad-copy/ac-service/ads
built /tmp/tmp.JKDpixHWZ3/run/mangoman-ad-copy/ac-service/ads: ads.md, google_ads.csv, google_keywords.csv
[0m
[0m$ [0mpython3 /home/runner/work/_temp/mangoman/opencode/skills/mangoman-ad-copy/scripts/check_ads.py /tmp/tmp.JKDpixHWZ3/run/mangoman-ad-copy/ac-service/ads.json /tmp/tmp.JKDpixHWZ3/run/mangoman-ad-copy/ac-service/ads
PASS  spec is valid
FAIL  Google ads: AC Gas Filling: description 2 is 92 characters (90); AC Gas Filling: description 3 is 96 characters (90); AC Installation Hyderabad: description 1 is 98 characters (90); AC Installation Hyderabad: description 2 is 98 characters (90); AC Installation Hyderabad: description 3 is 99 characters (90); AC Installation Hyderabad: headline '18,000+ ACs Installed Since 2019' is 32 characters (30); AC Installation Hyderabad: headline '30-Day Warranty on Installation' is 31 characters (30); AC Installation Hyderabad: headline 'AC Installation Hyderabad Same Day' is 34 characters (30)
PASS  every number comes from the facts the user gave
PASS  no risky claims
PASS  no placeholder text
[0m
[0m→ [0mRead ads.json
[0m
[0m← [0mEdit ads.json
Index: /tmp/tmp.JKDpixHWZ3/run/mangoman-ad-copy/ac-service/ads.json
===================================================================
--- /tmp/tmp.JKDpixHWZ3/run/mangoman-ad-copy/ac-service/ads.json
+++ /tmp/tmp.JKDpixHWZ3/run/mangoman-ad-copy/ac-service/ads.json
@@ -116,10 +116,10 @@
     "Quick Gas Top-Up at Your Door"
   ],
   "descriptions": [
     "Split AC gas refill ₹2,200 at home. Same-day before 1 pm. 30-day warranty. Book now.",
-    "Expert AC gas fill for split ACs. 18,000+ serviced since 2019. Price ₹2,200. Book online/WA.",
-    "Pro gas top-up at home across Hyd. Trained techs, warranty. Serving Gachibowli, Madhapur & more.",
+    "Expert AC gas fill for split ACs. 18,000+ since 2019. Price ₹2,200. Book online/WA.",
+    "Pro gas top-up at home. Trained techs, warranty. Serving Gachibowli, Madhapur & more.",
     "Fast AC gas refill. Quote before work, 30-day warranty. Book in 2 mins online/WA."
   ]
 },
 {

[0m
[0m← [0mEdit ads.json
Index: /tmp/tmp.JKDpixHWZ3/run/mangoman-ad-copy/ac-service/ads.json
===================================================================
--- /tmp/tmp.JKDpixHWZ3/run/mangoman-ad-copy/ac-service/ads.json
+++ /tmp/tmp.JKDpixHWZ3/run/mangoman-ad-copy/ac-service/ads.json
@@ -204,15 +204,15 @@
   ],
   "negatives": ["jobs", "job", "career", "hiring", "course", "training", "seeds", "plant", "second hand", "used", "sale", "buy ac", "new ac", "cheapest", "diy", "self"],
   "headlines": [
     "Split AC Installation ₹1,499",
-    "AC Installation Hyderabad Same Day",
+    "AC Installation Hyd Same Day",
     "Expert Split AC Installation",
     "Professional AC Install at Home",
     "All Brands Split AC Installation",
-    "30-Day Warranty on Installation",
+    "30-Day Warranty Installation",
     "Trained Techs for AC Install",
-    "18,000+ ACs Installed Since 2019",
+    "18,000+ ACs Installed 2019 On",
     "Transparent Installation Pricing",
     "CoolCare AC Installation Hyd",
     "Installation Gachibowli Madhapur",
     "Installation Kondapur Kukatpally",
@@ -220,12 +220,12 @@
     "Quick Split AC Installation",
     "Reliable AC Installation Service"
   ],
   "descriptions": [
-    "Split AC installation ₹1,499 at home. Same-day before 1 pm. 30-day warranty. All brands. Book now.",
-    "Expert split AC install for all brands. 18,000+ serviced since 2019. Price ₹1,499. Book online/WA.",
-    "Pro AC installation at your doorstep. Trained techs, warranty. Serving Gachibowli, Madhapur & more.",
-    "Split AC install in 2 mins. ₹1,499 with 30-day warranty. Fast, reliable across Hyderabad."
+    "Split AC install ₹1,499 at home. Same-day before 1 pm. 30-day warranty. Book now.",
+    "Expert split AC install all brands. 18,000+ since 2019. Price ₹1,499. Book online/WA.",
+    "Pro AC install at doorstep. Trained techs, warranty. Serving Gachibowli, Madhapur & more.",
+    "Split AC install in 2 mins. ₹1,499 with 30-day warranty. Fast, reliable across Hyd."
   ]
 },
 {
   "name": "Window AC Service",

[0m
[0m$ [0mpython3 /home/runner/work/_temp/mangoman/opencode/skills/mangoman-ad-copy/scripts/build_ads.py /tmp/tmp.JKDpixHWZ3/run/mangoman-ad-copy/ac-service/ads.json --out /tmp/tmp.JKDpixHWZ3/run/mangoman-ad-copy/ac-service/ads
built /tmp/tmp.JKDpixHWZ3/run/mangoman-ad-copy/ac-service/ads: ads.md, google_ads.csv, google_keywords.csv
[0m
[0m$ [0mpython3 /home/runner/work/_temp/mangoman/opencode/skills/mangoman-ad-copy/scripts/check_ads.py /tmp/tmp.JKDpixHWZ3/run/mangoman-ad-copy/ac-service/ads.json /tmp/tmp.JKDpixHWZ3/run/mangoman-ad-copy/ac-service/ads
PASS  spec is valid
FAIL  Google ads: AC Installation Hyderabad: headline 'All Brands Split AC Installation' is 32 characters (30); AC Installation Hyderabad: headline 'Book AC Install Online WhatsApp' is 31 characters (30); AC Installation Hyderabad: headline 'Installation Gachibowli Madhapur' is 32 characters (30); AC Installation Hyderabad: headline 'Installation Kondapur Kukatpally' is 32 characters (30); AC Installation Hyderabad: headline 'Professional AC Install at Home' is 31 characters (30); AC Installation Hyderabad: headline 'Reliable AC Installation Service' is 32 characters (30); AC Installation Hyderabad: headline 'Transparent Installation Pricing' is 32 characters (30); AC Repair Near Me: description 1 is 128 characters (90)
PASS  every number comes from the facts the user gave
PASS  no risky claims
PASS  no placeholder text
[0m
[0m→ [0mRead ads.json
[0m
[0m← [0mEdit ads.json
Index: /tmp/tmp.JKDpixHWZ3/run/mangoman-ad-copy/ac-service/ads.json
===================================================================
--- /tmp/tmp.JKDpixHWZ3/run/mangoman-ad-copy/ac-service/ads.json
+++ /tmp/tmp.JKDpixHWZ3/run/mangoman-ad-copy/ac-service/ads.json
@@ -204,22 +204,22 @@
 ],
 "negatives": ["jobs", "job", "career", "hiring", "course", "training", "seeds", "plant", "second hand", "used", "sale", "buy ac", "new ac", "cheapest", "diy", "self"],
 "headlines": [
   "Split AC Installation ₹1,499",
-  "AC Installation Hyd Same Day",
+  "AC Install Hyd Same Day",
   "Expert Split AC Installation",
-  "Professional AC Install at Home",
-  "All Brands Split AC Installation",
+  "Pro AC Install at Home",
+  "All Brands Split AC Install",
   "30-Day Warranty Installation",
   "Trained Techs for AC Install",
   "18,000+ ACs Installed 2019 On",
-  "Transparent Installation Pricing",
+  "Transparent Install Pricing",
   "CoolCare AC Installation Hyd",
-  "Installation Gachibowli Madhapur",
-  "Installation Kondapur Kukatpally",
-  "Book AC Install Online WhatsApp",
+  "Install Gachibowli Madhapur",
+  "Install Kondapur Kukatpally",
+  "Book AC Install Online/WA",
   "Quick Split AC Installation",
-  "Reliable AC Installation Service"
+  "Reliable AC Install Service"
 ],
 "descriptions": [
   "Split AC install ₹1,499 at home. Same-day before 1 pm. 30-day warranty. Book now.",
   "Expert split AC install all brands. 18,000+ since 2019. Price ₹1,499. Book online/WA.",

[0m
[0m← [0mEdit ads.json
Index: /tmp/tmp.JKDpixHWZ3/run/mangoman-ad-copy/ac-service/ads.json
===================================================================
--- /tmp/tmp.JKDpixHWZ3/run/mangoman-ad-copy/ac-service/ads.json
+++ /tmp/tmp.JKDpixHWZ3/run/mangoman-ad-copy/ac-service/ads.json
@@ -80,12 +80,12 @@
     "Book Repair Online or WhatsApp",
     "Fast Reliable AC Repair Service"
   ],
   "descriptions": [
-    "AC repair inspection ₹349, then a clear quote before any work. 30-day warranty on repairs. Same-day visit if booked before 1 pm.",
-    "Expert repair for all split & window AC brands. 18,000+ ACs serviced since 2019. Transparent pricing, no surprise charges. Book now.",
-    "Fast AC repair at home across Hyderabad. Trained technicians, quote before work, 30-day warranty. Book online or WhatsApp in 2 minutes.",
-    "Serving Gachibowli, Madhapur, Kondapur, Kukatpally, Banjara Hills & nearby. Reliable repair with warranty. Book your repair today."
+    "AC repair inspection ₹349, quote before work. 30-day warranty. Same-day if booked before 1 pm.",
+    "Expert repair all split & window AC brands. 18,000+ serviced since 2019. Transparent pricing. Book now.",
+    "Fast AC repair at home across Hyd. Trained techs, quote before work, 30-day warranty. Book online/WA.",
+    "Serving Gachibowli, Madhapur, Kondapur & more. Reliable repair with warranty. Book today."
   ]
 },
 {
   "name": "AC Gas Filling",

[0m
[0m$ [0mpython3 /home/runner/work/_temp/mangoman/opencode/skills/mangoman-ad-copy/scripts/build_ads.py /tmp/tmp.JKDpixHWZ3/run/mangoman-ad-copy/ac-service/ads.json --out /tmp/tmp.JKDpixHWZ3/run/mangoman-ad-copy/ac-service/ads
built /tmp/tmp.JKDpixHWZ3/run/mangoman-ad-copy/ac-service/ads: ads.md, google_ads.csv, google_keywords.csv
[0m
[0m$ [0mpython3 /home/runner/work/_temp/mangoman/opencode/skills/mangoman-ad-copy/scripts/check_ads.py /tmp/tmp.JKDpixHWZ3/run/mangoman-ad-copy/ac-service/ads.json /tmp/tmp.JKDpixHWZ3/run/mangoman-ad-copy/ac-service/ads
PASS  spec is valid
FAIL  Google ads: AC Repair Near Me: description 1 is 94 characters (90); AC Repair Near Me: description 2 is 103 characters (90); AC Repair Near Me: description 3 is 101 characters (90); AC Repair Near Me: headline 'Expert Technicians for All Brands' is 33 characters (30); AC Repair Near Me: headline 'Fast Reliable AC Repair Service' is 31 characters (30); AC Repair Near Me: headline 'No Hidden Charges Transparent Quote' is 35 characters (30); AC Repair Near Me: headline 'Repair Inspection Fee ₹349 Only' is 31 characters (30); AC Repair Near Me: headline 'Same-Day Repair Visit Before 1 PM' is 33 characters (30)
PASS  every number comes from the facts the user gave
PASS  no risky claims
PASS  no placeholder text
[0m
[0m→ [0mRead ads.json
[0m
[0m← [0mEdit ads.json
Index: /tmp/tmp.JKDpixHWZ3/run/mangoman-ad-copy/ac-service/ads.json
===================================================================
--- /tmp/tmp.JKDpixHWZ3/run/mangoman-ad-copy/ac-service/ads.json
+++ /tmp/tmp.JKDpixHWZ3/run/mangoman-ad-copy/ac-service/ads.json
@@ -65,25 +65,25 @@
   "negatives": ["jobs", "job", "career", "hiring", "course", "training", "seeds", "plant", "second hand", "used", "sale", "buy ac", "new ac", "cheapest"],
   "headlines": [
     "AC Repair Near Me in Hyderabad",
     "AC Repair Hyderabad Near Me",
-    "Repair Inspection Fee ₹349 Only",
+    "Repair Inspection Fee ₹349",
     "Quote Before Any Work Starts",
-    "30-Day Warranty on All Repairs",
-    "Same-Day Repair Visit Before 1 PM",
-    "Expert Technicians for All Brands",
-    "Split & Window AC Repair Experts",
+    "30-Day Warranty on Repairs",
+    "Same-Day Repair Before 1 PM",
+    "Expert Techs for All Brands",
+    "Split & Window AC Repair Pros",
     "18,000+ ACs Fixed Since 2019",
-    "No Hidden Charges Transparent Quote",
+    "No Hidden Charges Clear Quote",
     "CoolCare AC Repair Hyderabad",
     "AC Repair Gachibowli Madhapur",
     "AC Repair Kondapur Kukatpally",
     "Book Repair Online or WhatsApp",
-    "Fast Reliable AC Repair Service"
+    "Fast AC Repair Service"
   ],
   "descriptions": [
-    "AC repair inspection ₹349, quote before work. 30-day warranty. Same-day if booked before 1 pm.",
-    "Expert repair all split & window AC brands. 18,000+ serviced since 2019. Transparent pricing. Book now.",
+    "AC repair inspection ₹349, quote before work. 30-day warranty. Same-day before 1 pm.",
+    "Expert repair all split & window AC brands. 18,000+ since 2019. Transparent pricing. Book now.",
     "Fast AC repair at home across Hyd. Trained techs, quote before work, 30-day warranty. Book online/WA.",
     "Serving Gachibowli, Madhapur, Kondapur & more. Reliable repair with warranty. Book today."
   ]
 },

[0m
## Objective
- Create Google search ads (ad groups, headlines, descriptions, keywords, negative keywords) for CoolCare AC Service Hyderabad based on landing page, facts, and keyword ideas. Save spec as ads.json and build into ads folder.

## Important Details
- Business: CoolCare AC Service, Hyderabad (since 2019), services split/window ACs at home
- Key prices: Split AC service ₹599, Window AC ₹499, Gas refill ₹2,200, Installation ₹1,499, Repair inspection ₹349
- Key benefits: Same-day visit if booked before 1 PM, 30-day warranty, 18,000+ ACs serviced
- Areas: Gachibowli, Madhapur, Kondapur, Kukatpally, Banjara Hills & nearby
- Action: Book online or WhatsApp
- Negative themes: jobs, courses, second hand/used AC sales, DIY, cheapest
- allowed_caps: AC, UPI, PM, WA

## Work State
### Completed
- Read landing.md, facts.md, keyword_ideas.csv
- Loaded mangoman-ad-copy skill
- Created initial ads.json with 7 ad groups (AC Service Hyderabad, AC Repair Near Me, AC Gas Filling, Split AC Service, AC Service At Home, AC Installation Hyderabad, Window AC Service)
- Built and checked ads multiple times, fixing issues iteratively

### Active
- Fixing remaining validation failures in ads.json:
  - AC Gas Filling: descriptions 2 (92 chars) and 3 (96 chars) exceed 90 char limit
  - AC Installation Hyderabad: descriptions 1-3 (98, 98, 99 chars) exceed 90 char limit
  - AC Installation Hyderabad: headlines "18,000+ ACs Installed Since 2019" (32), "30-Day Warranty on Installation" (31), "AC Installation Hyderabad Same Day" (34) exceed 30 char limit

### Blocked
- check_ads.py still failing on character limits for descriptions and headlines in two ad groups

## Next Move
1. Shorten AC Gas Filling descriptions 2 and 3 to ≤90 characters
2. Shorten AC Installation Hyderabad descriptions 1-3 to ≤90 characters
3. Shorten AC Installation Hyderabad headlines to ≤30 characters
4. Rebuild and re-check until PASS

## Relevant Files
- /tmp/tmp.JKDpixHWZ3/run/mangoman-ad-copy/ac-service/ads.json: main spec being edited
- /tmp/tmp.JKDpixHWZ3/run/mangoman-ad-copy/ac-service/ads/: output folder with ads.md, google_ads.csv, google_keywords.csv
- /home/runner/work/_temp/mangoman/opencode/skills/mangoman-ad-copy/scripts/build_ads.py: build script
- /home/runner/work/_temp/mangoman/opencode/skills/mangoman-ad-copy/scripts/check_ads.py: validation script
Continue if you have next steps, or stop and ask for clarification if you are unsure how to proceed.
[0m$ [0mpython3 /home/runner/work/_temp/mangoman/opencode/skills/mangoman-ad-copy/scripts/build_ads.py /tmp/tmp.JKDpixHWZ3/run/mangoman-ad-copy/ac-service/ads.json --out /tmp/tmp.JKDpixHWZ3/run/mangoman-ad-copy/ac-service/ads
built /tmp/tmp.JKDpixHWZ3/run/mangoman-ad-copy/ac-service/ads: ads.md, google_ads.csv, google_keywords.csv
[0m
[0m$ [0mpython3 /home/runner/work/_temp/mangoman/opencode/skills/mangoman-ad-copy/scripts/check_ads.py /tmp/tmp.JKDpixHWZ3/run/mangoman-ad-copy/ac-service/ads.json /tmp/tmp.JKDpixHWZ3/run/mangoman-ad-copy/ac-service/ads
PASS  spec is valid
FAIL  Google ads: AC Repair Near Me: description 2 is 94 characters (90); AC Repair Near Me: description 3 is 101 characters (90); AC Service At Home: description 1 is 121 characters (90); AC Service At Home: description 2 is 125 characters (90); AC Service At Home: description 3 is 131 characters (90); AC Service At Home: description 4 is 120 characters (90); AC Service At Home: headline 'AC Service at Home Book in 2 Mins' is 33 characters (30); AC Service At Home: headline 'Convenient AC Service at Doorstep' is 33 characters (30)
PASS  every number comes from the facts the user gave
PASS  no risky claims
PASS  no placeholder text
[0m
[0m→ [0mRead ads.json[90m [offset=160, limit=100][0m
[0m
[0m← [0mEdit ads.json
Index: /tmp/tmp.JKDpixHWZ3/run/mangoman-ad-copy/ac-service/ads.json
===================================================================
--- /tmp/tmp.JKDpixHWZ3/run/mangoman-ad-copy/ac-service/ads.json
+++ /tmp/tmp.JKDpixHWZ3/run/mangoman-ad-copy/ac-service/ads.json
@@ -82,9 +82,9 @@
   ],
   "descriptions": [
     "AC repair inspection ₹349, quote before work. 30-day warranty. Same-day before 1 pm.",
     "Expert repair all split & window AC brands. 18,000+ since 2019. Transparent pricing. Book now.",
-    "Fast AC repair at home across Hyd. Trained techs, quote before work, 30-day warranty. Book online/WA.",
+    "Fast AC repair at home. Trained techs, quote before work, 30-day warranty. Book online/WA.",
     "Serving Gachibowli, Madhapur, Kondapur & more. Reliable repair with warranty. Book today."
   ]
 },
 {

[0m
[0m← [0mEdit ads.json
Index: /tmp/tmp.JKDpixHWZ3/run/mangoman-ad-copy/ac-service/ads.json
===================================================================
--- /tmp/tmp.JKDpixHWZ3/run/mangoman-ad-copy/ac-service/ads.json
+++ /tmp/tmp.JKDpixHWZ3/run/mangoman-ad-copy/ac-service/ads.json
@@ -168,9 +168,9 @@
     {"text": "doorstep ac service", "match": "phrase"}
   ],
   "negatives": ["jobs", "job", "career", "hiring", "course", "training", "seeds", "plant", "second hand", "used", "sale", "buy ac", "new ac", "cheapest"],
   "headlines": [
-    "AC Service at Home Book in 2 Mins",
+    "AC Service Home Book in 2 Mins",
     "Split AC Service ₹599 at Home",
     "Window AC Service ₹499 at Home",
     "Same-Day Visit Book Before 1 PM",
     "Expert Techs Come to Your Home",
@@ -181,16 +181,16 @@
     "CoolCare Home AC Service Hyd",
     "Home Service Gachibowli Madhapur",
     "Home Service Kondapur Kukatpally",
     "Book Home AC Service WhatsApp",
-    "Convenient AC Service at Doorstep",
+    "Convenient AC Service Doorstep",
     "Trusted Home AC Service 2019"
   ],
   "descriptions": [
-    "AC service at your home in 2 minutes. Split ₹599, window ₹499. Same-day if booked before 1 pm. 30-day warranty. Book now.",
-    "Expert AC service at your doorstep for all brands. 18,000+ ACs serviced since 2019. Transparent pricing, no surprise charges.",
-    "Split AC foam jet cleaning, gas refill, installation & repair at home. Quote before work, 30-day warranty. Book online or WhatsApp.",
-    "Serving Gachibowli, Madhapur, Kondapur, Kukatpally, Banjara Hills & nearby. Convenient home service, trusted since 2019."
+    "AC service at home in 2 mins. Split ₹599, window ₹499. Same-day before 1 pm. 30-day warranty. Book now.",
+    "Expert AC service at doorstep all brands. 18,000+ since 2019. Transparent pricing, no surprises. Book online/WA.",
+    "Split AC foam jet, gas refill, install & repair at home. Quote before work, 30-day warranty. Book online/WA.",
+    "Serving Gachibowli, Madhapur, Kondapur & nearby. Convenient home service, trusted since 2019. Book now."
   ]
 },
 {
   "name": "AC Installation Hyderabad",

[0m
[0m$ [0mpython3 /home/runner/work/_temp/mangoman/opencode/skills/mangoman-ad-copy/scripts/build_ads.py /tmp/tmp.JKDpixHWZ3/run/mangoman-ad-copy/ac-service/ads.json --out /tmp/tmp.JKDpixHWZ3/run/mangoman-ad-copy/ac-service/ads
built /tmp/tmp.JKDpixHWZ3/run/mangoman-ad-copy/ac-service/ads: ads.md, google_ads.csv, google_keywords.csv
[0m
[0m$ [0mpython3 /home/runner/work/_temp/mangoman/opencode/skills/mangoman-ad-copy/scripts/check_ads.py /tmp/tmp.JKDpixHWZ3/run/mangoman-ad-copy/ac-service/ads.json /tmp/tmp.JKDpixHWZ3/run/mangoman-ad-copy/ac-service/ads
PASS  spec is valid
FAIL  Google ads: AC Repair Near Me: description 2 is 94 characters (90); AC Service At Home: description 1 is 103 characters (90); AC Service At Home: description 2 is 112 characters (90); AC Service At Home: description 3 is 108 characters (90); AC Service At Home: description 4 is 103 characters (90); AC Service At Home: headline 'Home Service Gachibowli Madhapur' is 32 characters (30); AC Service At Home: headline 'Home Service Kondapur Kukatpally' is 32 characters (30); AC Service At Home: headline 'No Hidden Fees Transparent Price' is 32 characters (30)
WARN  Google ads: AC Service At Home: fewer than 2 headlines contain a keyword; ads match searches better when they do
PASS  every number comes from the facts the user gave
PASS  no risky claims
PASS  no placeholder text
[0m
[0m← [0mEdit ads.json
Index: /tmp/tmp.JKDpixHWZ3/run/mangoman-ad-copy/ac-service/ads.json
===================================================================
--- /tmp/tmp.JKDpixHWZ3/run/mangoman-ad-copy/ac-service/ads.json
+++ /tmp/tmp.JKDpixHWZ3/run/mangoman-ad-copy/ac-service/ads.json
@@ -82,9 +82,9 @@
   ],
   "descriptions": [
     "AC repair inspection ₹349, quote before work. 30-day warranty. Same-day before 1 pm.",
     "Expert repair all split & window AC brands. 18,000+ since 2019. Transparent pricing. Book now.",
-    "Fast AC repair at home. Trained techs, quote before work, 30-day warranty. Book online/WA.",
+    "Fast AC repair at home. Trained techs, quote, 30-day warranty. Book online/WA.",
     "Serving Gachibowli, Madhapur, Kondapur & more. Reliable repair with warranty. Book today."
   ]
 },
 {

[0m
[0m← [0mEdit ads.json
Index: /tmp/tmp.JKDpixHWZ3/run/mangoman-ad-copy/ac-service/ads.json
===================================================================
--- /tmp/tmp.JKDpixHWZ3/run/mangoman-ad-copy/ac-service/ads.json
+++ /tmp/tmp.JKDpixHWZ3/run/mangoman-ad-copy/ac-service/ads.json
@@ -176,21 +176,21 @@
     "Expert Techs Come to Your Home",
     "30-Day Warranty Home Service",
     "All Brands AC Service at Home",
     "18,000+ Home AC Services Done",
-    "No Hidden Fees Transparent Price",
+    "No Hidden Fees Clear Price",
     "CoolCare Home AC Service Hyd",
     "Home Service Gachibowli Madhapur",
     "Home Service Kondapur Kukatpally",
     "Book Home AC Service WhatsApp",
     "Convenient AC Service Doorstep",
     "Trusted Home AC Service 2019"
   ],
   "descriptions": [
-    "AC service at home in 2 mins. Split ₹599, window ₹499. Same-day before 1 pm. 30-day warranty. Book now.",
-    "Expert AC service at doorstep all brands. 18,000+ since 2019. Transparent pricing, no surprises. Book online/WA.",
-    "Split AC foam jet, gas refill, install & repair at home. Quote before work, 30-day warranty. Book online/WA.",
-    "Serving Gachibowli, Madhapur, Kondapur & nearby. Convenient home service, trusted since 2019. Book now."
+    "AC service at home in 2 mins. Split ₹599, window ₹499. Same-day before 1 pm. 30-day warranty.",
+    "Expert AC service at doorstep all brands. 18,000+ since 2019. Transparent pricing. Book online/WA.",
+    "Split AC foam jet, gas refill, install & repair at home. Quote before work, 30-day warranty.",
+    "Serving Gachibowli, Madhapur, Kondapur & nearby. Convenient home service since 2019."
   ]
 },
 {
   "name": "AC Installation Hyderabad",

[0m
[0m$ [0mpython3 /home/runner/work/_temp/mangoman/opencode/skills/mangoman-ad-copy/scripts/build_ads.py /tmp/tmp.JKDpixHWZ3/run/mangoman-ad-copy/ac-service/ads.json --out /tmp/tmp.JKDpixHWZ3/run/mangoman-ad-copy/ac-service/ads
built /tmp/tmp.JKDpixHWZ3/run/mangoman-ad-copy/ac-service/ads: ads.md, google_ads.csv, google_keywords.csv
[0m
[0m$ [0mpython3 /home/runner/work/_temp/mangoman/opencode/skills/mangoman-ad-copy/scripts/check_ads.py /tmp/tmp.JKDpixHWZ3/run/mangoman-ad-copy/ac-service/ads.json /tmp/tmp.JKDpixHWZ3/run/mangoman-ad-copy/ac-service/ads
PASS  spec is valid
FAIL  Google ads: AC Repair Near Me: description 2 is 94 characters (90); AC Service At Home: description 1 is 93 characters (90); AC Service At Home: description 2 is 98 characters (90); AC Service At Home: description 3 is 92 characters (90); AC Service At Home: headline 'Home Service Gachibowli Madhapur' is 32 characters (30); AC Service At Home: headline 'Home Service Kondapur Kukatpally' is 32 characters (30); AC Service At Home: headline 'Same-Day Visit Book Before 1 PM' is 31 characters (30); AC Service Hyderabad: description 1 is 113 characters (90)
WARN  Google ads: AC Service At Home: fewer than 2 headlines contain a keyword; ads match searches better when they do
PASS  every number comes from the facts the user gave
PASS  no risky claims
PASS  no placeholder text
[0m
[0m→ [0mRead ads.json
[0m
[0m← [0mEdit ads.json
Index: /tmp/tmp.JKDpixHWZ3/run/mangoman-ad-copy/ac-service/ads.json
===================================================================
--- /tmp/tmp.JKDpixHWZ3/run/mangoman-ad-copy/ac-service/ads.json
+++ /tmp/tmp.JKDpixHWZ3/run/mangoman-ad-copy/ac-service/ads.json
@@ -45,12 +45,12 @@
     "Book Online or on WhatsApp",
     "Transparent Pricing No Surprises"
   ],
   "descriptions": [
-    "Split AC foam jet cleaning ₹599, window AC ₹499. Same-day visit if booked before 1 pm. 30-day warranty. Book now.",
-    "Expert AC service at home for all brands. 18,000+ ACs serviced in Hyderabad since 2019. Transparent prices, no hidden fees.",
-    "Split AC gas refill ₹2,200, installation ₹1,499. Repair inspection ₹349 with quote before work. Book online or WhatsApp.",
-    "Serving Gachibowli, Madhapur, Kondapur, Kukatpally, Banjara Hills & nearby. Trained techs, 30-day warranty. Book in 2 mins."
+    "Split AC foam jet cleaning ₹599, window AC ₹499. Same-day before 1 pm. 30-day warranty. Book now.",
+    "Expert AC service at home all brands. 18,000+ serviced since 2019. Transparent prices, no hidden fees.",
+    "Split AC gas refill ₹2,200, installation ₹1,499. Repair inspection ₹349, quote before work. Book online/WA.",
+    "Serving Gachibowli, Madhapur, Kondapur & nearby. Trained techs, 30-day warranty. Book in 2 mins."
   ]
 },
 {
   "name": "AC Repair Near Me",

[0m
[0m← [0mEdit ads.json
Index: /tmp/tmp.JKDpixHWZ3/run/mangoman-ad-copy/ac-service/ads.json
===================================================================
--- /tmp/tmp.JKDpixHWZ3/run/mangoman-ad-copy/ac-service/ads.json
+++ /tmp/tmp.JKDpixHWZ3/run/mangoman-ad-copy/ac-service/ads.json
@@ -81,9 +81,9 @@
     "Fast AC Repair Service"
   ],
   "descriptions": [
     "AC repair inspection ₹349, quote before work. 30-day warranty. Same-day before 1 pm.",
-    "Expert repair all split & window AC brands. 18,000+ since 2019. Transparent pricing. Book now.",
+    "Expert repair all split & window AC brands. 18,000+ since 2019. Clear pricing. Book now.",
     "Fast AC repair at home. Trained techs, quote, 30-day warranty. Book online/WA.",
     "Serving Gachibowli, Madhapur, Kondapur & more. Reliable repair with warranty. Book today."
   ]
 },

[0m
[0m← [0mEdit ads.json
Index: /tmp/tmp.JKDpixHWZ3/run/mangoman-ad-copy/ac-service/ads.json
===================================================================
--- /tmp/tmp.JKDpixHWZ3/run/mangoman-ad-copy/ac-service/ads.json
+++ /tmp/tmp.JKDpixHWZ3/run/mangoman-ad-copy/ac-service/ads.json
@@ -171,17 +171,17 @@
 "headlines": [
   "AC Service Home Book in 2 Mins",
   "Split AC Service ₹599 at Home",
   "Window AC Service ₹499 at Home",
-  "Same-Day Visit Book Before 1 PM",
+  "Same-Day Visit Before 1 PM",
   "Expert Techs Come to Your Home",
   "30-Day Warranty Home Service",
   "All Brands AC Service at Home",
   "18,000+ Home AC Services Done",
   "No Hidden Fees Clear Price",
   "CoolCare Home AC Service Hyd",
-  "Home Service Gachibowli Madhapur",
-  "Home Service Kondapur Kukatpally",
+  "Home Svc Gachibowli Madhapur",
+  "Home Svc Kondapur Kukatpally",
   "Book Home AC Service WhatsApp",
   "Convenient AC Service Doorstep",
   "Trusted Home AC Service 2019"
 ],

[0m
[0m$ [0mpython3 /home/runner/work/_temp/mangoman/opencode/skills/mangoman-ad-copy/scripts/build_ads.py /tmp/tmp.JKDpixHWZ3/run/mangoman-ad-copy/ac-service/ads.json --out /tmp/tmp.JKDpixHWZ3/run/mangoman-ad-copy/ac-service/ads
built /tmp/tmp.JKDpixHWZ3/run/mangoman-ad-copy/ac-service/ads: ads.md, google_ads.csv, google_keywords.csv
[0m
[0m$ [0mpython3 /home/runner/work/_temp/mangoman/opencode/skills/mangoman-ad-copy/scripts/check_ads.py /tmp/tmp.JKDpixHWZ3/run/mangoman-ad-copy/ac-service/ads.json /tmp/tmp.JKDpixHWZ3/run/mangoman-ad-copy/ac-service/ads
PASS  spec is valid
FAIL  Google ads: AC Service At Home: description 1 is 93 characters (90); AC Service At Home: description 2 is 98 characters (90); AC Service At Home: description 3 is 92 characters (90); AC Service Hyderabad: description 1 is 97 characters (90); AC Service Hyderabad: description 2 is 102 characters (90); AC Service Hyderabad: description 3 is 107 characters (90); AC Service Hyderabad: description 4 is 96 characters (90); AC Service Hyderabad: headline '18,000+ ACs Serviced Since 2019' is 31 characters (30)
WARN  Google ads: AC Service At Home: fewer than 2 headlines contain a keyword; ads match searches better when they do
PASS  every number comes from the facts the user gave
PASS  no risky claims
PASS  no placeholder text
[0m
[0m→ [0mRead ads.json[90m [limit=60][0m
[0m
[0m← [0mEdit ads.json
Index: /tmp/tmp.JKDpixHWZ3/run/mangoman-ad-copy/ac-service/ads.json
===================================================================
--- /tmp/tmp.JKDpixHWZ3/run/mangoman-ad-copy/ac-service/ads.json
+++ /tmp/tmp.JKDpixHWZ3/run/mangoman-ad-copy/ac-service/ads.json
@@ -34,9 +34,9 @@
     "Split AC Service from ₹599",
     "Window AC Service from ₹499",
     "Same-Day Visit Before 1 PM",
     "30-Day Warranty on Repairs",
-    "18,000+ ACs Serviced Since 2019",
+    "18,000+ ACs Serviced 2019 On",
     "All Brands Split & Window ACs",
     "Trained Technicians at Your Door",
     "Book AC Service in 2 Minutes",
     "CoolCare AC Service Hyderabad",
@@ -45,11 +45,11 @@
     "Book Online or on WhatsApp",
     "Transparent Pricing No Surprises"
   ],
   "descriptions": [
-    "Split AC foam jet cleaning ₹599, window AC ₹499. Same-day before 1 pm. 30-day warranty. Book now.",
-    "Expert AC service at home all brands. 18,000+ serviced since 2019. Transparent prices, no hidden fees.",
-    "Split AC gas refill ₹2,200, installation ₹1,499. Repair inspection ₹349, quote before work. Book online/WA.",
+    "Split AC foam jet ₹599, window AC ₹499. Same-day before 1 pm. 30-day warranty. Book now.",
+    "Expert AC service at home all brands. 18,000+ since 2019. Transparent prices, no hidden fees.",
+    "Split AC gas refill ₹2,200, install ₹1,499. Repair inspection ₹349, quote before work. Book online/WA.",
     "Serving Gachibowli, Madhapur, Kondapur & nearby. Trained techs, 30-day warranty. Book in 2 mins."
   ]
 },
 {

[0m
[0m← [0mEdit ads.json
Index: /tmp/tmp.JKDpixHWZ3/run/mangoman-ad-copy/ac-service/ads.json
===================================================================
--- /tmp/tmp.JKDpixHWZ3/run/mangoman-ad-copy/ac-service/ads.json
+++ /tmp/tmp.JKDpixHWZ3/run/mangoman-ad-copy/ac-service/ads.json
@@ -186,11 +186,11 @@
     "Trusted Home AC Service 2019"
   ],
   "descriptions": [
     "AC service at home in 2 mins. Split ₹599, window ₹499. Same-day before 1 pm. 30-day warranty.",
-    "Expert AC service at doorstep all brands. 18,000+ since 2019. Transparent pricing. Book online/WA.",
-    "Split AC foam jet, gas refill, install & repair at home. Quote before work, 30-day warranty.",
-    "Serving Gachibowli, Madhapur, Kondapur & nearby. Convenient home service since 2019."
+    "Expert AC service at doorstep all brands. 18,000+ since 2019. Clear pricing. Book online/WA.",
+    "Split AC foam jet, gas refill, install & repair. Quote before work, 30-day warranty. Book online/WA.",
+    "Serving Gachibowli, Madhapur, Kondapur & nearby. Convenient home service since 2019. Book now."
   ]
 },
 {
   "name": "AC Installation Hyderabad",

[0m
[0m$ [0mpython3 /home/runner/work/_temp/mangoman/opencode/skills/mangoman-ad-copy/scripts/build_ads.py /tmp/tmp.JKDpixHWZ3/run/mangoman-ad-copy/ac-service/ads.json --out /tmp/tmp.JKDpixHWZ3/run/mangoman-ad-copy/ac-service/ads
built /tmp/tmp.JKDpixHWZ3/run/mangoman-ad-copy/ac-service/ads: ads.md, google_ads.csv, google_keywords.csv
[0m
[0m$ [0mpython3 /home/runner/work/_temp/mangoman/opencode/skills/mangoman-ad-copy/scripts/check_ads.py /tmp/tmp.JKDpixHWZ3/run/mangoman-ad-copy/ac-service/ads.json /tmp/tmp.JKDpixHWZ3/run/mangoman-ad-copy/ac-service/ads
PASS  spec is valid
FAIL  Google ads: AC Service At Home: description 1 is 93 characters (90); AC Service At Home: description 2 is 92 characters (90); AC Service At Home: description 3 is 100 characters (90); AC Service At Home: description 4 is 94 characters (90); AC Service Hyderabad: description 2 is 93 characters (90); AC Service Hyderabad: description 3 is 102 characters (90); AC Service Hyderabad: description 4 is 96 characters (90); AC Service Hyderabad: headline 'Trained Technicians at Your Door' is 32 characters (30)
WARN  Google ads: AC Service At Home: fewer than 2 headlines contain a keyword; ads match searches better when they do
PASS  every number comes from the facts the user gave
PASS  no risky claims
PASS  no placeholder text
[0m
[0m→ [0mRead ads.json[90m [limit=60][0m
[0m
[0m← [0mEdit ads.json
Index: /tmp/tmp.JKDpixHWZ3/run/mangoman-ad-copy/ac-service/ads.json
===================================================================
--- /tmp/tmp.JKDpixHWZ3/run/mangoman-ad-copy/ac-service/ads.json
+++ /tmp/tmp.JKDpixHWZ3/run/mangoman-ad-copy/ac-service/ads.json
@@ -36,20 +36,20 @@
     "Same-Day Visit Before 1 PM",
     "30-Day Warranty on Repairs",
     "18,000+ ACs Serviced 2019 On",
     "All Brands Split & Window ACs",
-    "Trained Technicians at Your Door",
+    "Trained Techs at Your Door",
     "Book AC Service in 2 Minutes",
     "CoolCare AC Service Hyderabad",
     "AC Service Gachibowli Madhapur",
     "AC Service Kondapur Kukatpally",
     "Book Online or on WhatsApp",
     "Transparent Pricing No Surprises"
   ],
   "descriptions": [
-    "Split AC foam jet ₹599, window AC ₹499. Same-day before 1 pm. 30-day warranty. Book now.",
-    "Expert AC service at home all brands. 18,000+ since 2019. Transparent prices, no hidden fees.",
-    "Split AC gas refill ₹2,200, install ₹1,499. Repair inspection ₹349, quote before work. Book online/WA.",
+    "Split AC foam jet ₹599, window AC ₹499. Same-day before 1 pm. 30-day warranty.",
+    "Expert AC service at home all brands. 18,000+ since 2019. Transparent prices.",
+    "Split AC gas refill ₹2,200, install ₹1,499. Repair ₹349, quote before work. Book online/WA.",
     "Serving Gachibowli, Madhapur, Kondapur & nearby. Trained techs, 30-day warranty. Book in 2 mins."
   ]
 },
 {

[0m
[0m← [0mEdit ads.json
Index: /tmp/tmp.JKDpixHWZ3/run/mangoman-ad-copy/ac-service/ads.json
===================================================================
--- /tmp/tmp.JKDpixHWZ3/run/mangoman-ad-copy/ac-service/ads.json
+++ /tmp/tmp.JKDpixHWZ3/run/mangoman-ad-copy/ac-service/ads.json
@@ -187,10 +187,10 @@
   ],
   "descriptions": [
     "AC service at home in 2 mins. Split ₹599, window ₹499. Same-day before 1 pm. 30-day warranty.",
     "Expert AC service at doorstep all brands. 18,000+ since 2019. Clear pricing. Book online/WA.",
-    "Split AC foam jet, gas refill, install & repair. Quote before work, 30-day warranty. Book online/WA.",
-    "Serving Gachibowli, Madhapur, Kondapur & nearby. Convenient home service since 2019. Book now."
+    "Split AC foam jet, gas refill, install & repair. Quote before work, 30-day warranty.",
+    "Serving Gachibowli, Madhapur, Kondapur & nearby. Home service since 2019. Book now."
   ]
 },
 {
   "name": "AC Installation Hyderabad",

[0m
[0m$ [0mpython3 /home/runner/work/_temp/mangoman/opencode/skills/mangoman-ad-copy/scripts/build_ads.py /tmp/tmp.JKDpixHWZ3/run/mangoman-ad-copy/ac-service/ads.json --out /tmp/tmp.JKDpixHWZ3/run/mangoman-ad-copy/ac-service/ads
built /tmp/tmp.JKDpixHWZ3/run/mangoman-ad-copy/ac-service/ads: ads.md, google_ads.csv, google_keywords.csv
[0m
[0m$ [0mpython3 /home/runner/work/_temp/mangoman/opencode/skills/mangoman-ad-copy/scripts/check_ads.py /tmp/tmp.JKDpixHWZ3/run/mangoman-ad-copy/ac-service/ads.json /tmp/tmp.JKDpixHWZ3/run/mangoman-ad-copy/ac-service/ads
PASS  spec is valid
FAIL  Google ads: AC Service At Home: description 1 is 93 characters (90); AC Service At Home: description 2 is 92 characters (90); AC Service Hyderabad: description 3 is 91 characters (90); AC Service Hyderabad: description 4 is 96 characters (90); AC Service Hyderabad: headline 'Transparent Pricing No Surprises' is 32 characters (30); Split AC Service: description 1 is 122 characters (90); Split AC Service: description 2 is 131 characters (90); Split AC Service: description 3 is 125 characters (90)
WARN  Google ads: AC Service At Home: fewer than 2 headlines contain a keyword; ads match searches better when they do
PASS  every number comes from the facts the user gave
PASS  no risky claims
PASS  no placeholder text
[0m
