Started MangoMan for this session (log: /home/runner/work/_temp/mangoman/serve.log).
Opening OpenCode on MangoMan free models (free/coder). Web search off. Skill packs: ad copy, brand kit, ceo deck, client report, code review, data dashboard, ecommerce listing, email campaign, invoice, landing page, meeting minutes, proposal, resume, seo article, social posts, web app, website copy.
[0m
> build · free/coder
[0m
[0m→ [0mSkill "mangoman-website-copy"
[0m→ [0mRead brief.md
[0m→ [0mRead facts.md
[0m→ [0mRead competitors.md
[0m
[0m$ [0mpython3 /home/runner/work/_temp/mangoman/opencode/skills/mangoman-website-copy/scripts/brief_gate.py facts.md --pages 4
PASS  15 facts for 4 pages
[0m
[91m[1mError: [0m{"message":"upstream stream failed: context canceled","type":"upstream_stream_error"}

The model's answer was cut off; continuing the task.
[0m
> build · free/coder
[0m
[91m[1mError: [0m{"message":"the model's answer came out garbled; stopped it","type":"upstream_stream_error"}

The model's answer was cut off; continuing the task.
[0m
> build · free/coder
[0m
[91m[1mError: [0m{"message":"upstream stream failed: context canceled","type":"upstream_stream_error"}
