Started MangoMan for this session (log: /home/runner/work/_temp/mangoman/serve.log).
Opening OpenCode on MangoMan free models (free/coder). Web search off. Skill packs: ad copy, brand kit, ceo deck, client report, code review, data dashboard, ecommerce listing, email campaign, invoice, landing page, meeting minutes, proposal, resume, seo article, social posts, web app, website copy.
[0m
> build · free/coder
[0m
[0m→ [0mSkill "mangoman-email-campaign"
[0m→ [0mRead brief.md
[0m→ [0mRead facts.md
[0m→ [0mRead audience.md
[0m
[0m← [0mWrite campaign.json
Wrote file successfully.
[0m
[0m$ [0mpython3 /home/runner/work/_temp/mangoman/opencode/skills/mangoman-email-campaign/scripts/build_emails.py campaign.json --out emails && python3 /home/runner/work/_temp/mangoman/opencode/skills/mangoman-email-campaign/scripts/check_emails.py campaign.json emails
built emails: 3 emails (.html and .txt), sequence.md, assets/, previews
PASS  spec is valid
PASS  every email built
PASS  every email has an unsubscribe link (mailchimp)
PASS  every email shows the sender's postal address
PASS  every email under Gmail's 102 KB clipping size
PASS  plain-text versions present
PASS  subject lines are not overlong
PASS  subject lines 15 to 60 characters (fit a phone)
PASS  preview text 35 to 140 characters and adds to the subject
PASS  every link is a real https, mailto or tel link
FAIL  numbers not in facts (ask the user, or remove them): diwali-gifting: +91; diwali-gifting: 11223; diwali-gifting: 98290; diwali-last-call: +91; diwali-last-call: 11223; diwali-last-call: 98290
PASS  no placeholder text
PASS  no spam-trigger phrases
PASS  no shouting in subject lines
PASS  exclamation marks used sparingly
PASS  emoji used sparingly in subjects
PASS  no risky claims
PASS  one clear action per email
PASS  text-to-image balance is healthy
PASS  no local images
PASS  no sideways scrolling on a phone
PASS  every image loads in the preview
PASS  buttons are easy to tap
PASS  text is readable on a phone
[0m
[0m← [0mEdit campaign.json
Index: /tmp/tmp.BVHngeqJxc/run/mangoman-email-campaign/diwali-sweets/campaign.json
===================================================================
--- /tmp/tmp.BVHngeqJxc/run/mangoman-email-campaign/diwali-sweets/campaign.json
+++ /tmp/tmp.BVHngeqJxc/run/mangoman-email-campaign/diwali-sweets/campaign.json
@@ -21,9 +21,10 @@
   "history": "a family sweet shop in Jaipur since 1978",
   "kaju_katli_price": "₹650 for 500 g",
   "assorted_price": "₹1,100 for 1 kg",
   "hamper_price": "₹1,850",
-  "corporate": "orders of 25 boxes or more get a custom message card over WhatsApp"
+  "corporate": "orders of 25 boxes or more get a custom message card over WhatsApp",
+  "whatsapp": "+91 98290 11223"
 },
 "allowed_caps": ["DIWALI15"],
 "emails": [
   {

[0m
[0m$ [0mpython3 /home/runner/work/_temp/mangoman/opencode/skills/mangoman-email-campaign/scripts/build_emails.py campaign.json --out emails && python3 /home/runner/work/_temp/mangoman/opencode/skills/mangoman-email-campaign/scripts/check_emails.py campaign.json emails
built emails: 3 emails (.html and .txt), sequence.md, assets/, previews
PASS  spec is valid
PASS  every email built
PASS  every email has an unsubscribe link (mailchimp)
PASS  every email shows the sender's postal address
PASS  every email under Gmail's 102 KB clipping size
PASS  plain-text versions present
PASS  subject lines are not overlong
PASS  subject lines 15 to 60 characters (fit a phone)
PASS  preview text 35 to 140 characters and adds to the subject
PASS  every link is a real https, mailto or tel link
PASS  every number comes from the facts the user gave
PASS  no placeholder text
PASS  no spam-trigger phrases
PASS  no shouting in subject lines
PASS  exclamation marks used sparingly
PASS  emoji used sparingly in subjects
PASS  no risky claims
PASS  one clear action per email
PASS  text-to-image balance is healthy
PASS  no local images
PASS  no sideways scrolling on a phone
PASS  every image loads in the preview
PASS  buttons are easy to tap
PASS  text is readable on a phone
[0m
Done. All checks pass.

Built 3-email sequence in `emails/` (HTML + plain-text, `sequence.md` schedule, phone/desktop previews):
1. **diwali-open** — 15 Oct: announce boxes + code DIWALI15, product grid
2. **diwali-gifting** — 20 Oct: sending sweets to relatives, Priya S. quote, deadlines
3. **diwali-last-call** — 24 Oct: code ends 25 Oct

To load: Mailchimp → Campaign → Code your own → Paste in code. Text-only header used per the brief (no logo yet). Send a test to yourself first.
