Started MangoMan for this session (log: /home/runner/work/_temp/mangoman/serve.log).
Opening OpenCode on MangoMan free models (free/coder). Web search off. Skill packs: ad copy, brand kit, ceo deck, client report, code review, data dashboard, ecommerce listing, email campaign, invoice, landing page, meeting minutes, proposal, resume, seo article, social posts, web app, website copy.
[0m
> build · free/coder
[0m
[91m[1mError: [0m{"message":"the model only thought and gave no answer","type":"upstream_stream_error"}

The model's answer was cut off; continuing the task.
[0m
> build · free/coder
[0m
[0m→ [0mRead job_description.md
[0m→ [0mRead candidate.md
[0m→ [0mSkill "mangoman-resume"
[0m
[0m← [0mWrite resume.json
Wrote file successfully.
[0m
[0m$ [0mpython3 /home/runner/work/_temp/mangoman/opencode/skills/mangoman-resume/scripts/build.py /tmp/tmp.mIUlwuCjce/run/mangoman-resume/backend-engineer/resume.json --template classic --out /tmp/tmp.mIUlwuCjce/run/mangoman-resume/backend-engineer/resume
built /tmp/tmp.mIUlwuCjce/run/mangoman-resume/backend-engineer/resume.html, /tmp/tmp.mIUlwuCjce/run/mangoman-resume/backend-engineer/resume.pdf, /tmp/tmp.mIUlwuCjce/run/mangoman-resume/backend-engineer/resume.png
[0m
[0m$ [0mpython3 /home/runner/work/_temp/mangoman/opencode/skills/mangoman-resume/scripts/check.py /tmp/tmp.mIUlwuCjce/run/mangoman-resume/backend-engineer/resume.json /tmp/tmp.mIUlwuCjce/run/mangoman-resume/backend-engineer/resume.pdf --pages 1
PASS  1 page as planned
PASS  text is selectable (applicant tracking systems can read it)
PASS  the page is well filled
PASS  all sections filled
PASS  bullets start with an action
PASS  no first person
PASS  bullets are concise
PASS  90% of bullets show a measurable result
PASS  dates use one format
[0m
[0m$ [0mls -la /tmp/tmp.mIUlwuCjce/run/mangoman-resume/backend-engineer/
total 232
drwxr-xr-x 2 runner runner   4096 Oct  9 16:41 .
drwxr-xr-x 3 runner runner   4096 Oct  9 16:39 ..
-rw-r--r-- 1 runner runner   1853 Oct  9 16:39 candidate.md
-rw-r--r-- 1 runner runner    729 Oct  9 16:39 job_description.md
-rw-r--r-- 1 runner runner    354 Oct  9 16:39 prompt.txt
-rw-r--r-- 1 runner runner   4691 Oct  9 16:41 resume.html
-rw-r--r-- 1 runner runner   3259 Oct  9 16:41 resume.json
-rw-r--r-- 1 runner runner  38848 Oct  9 16:41 resume.pdf
-rw-r--r-- 1 runner runner 158118 Oct  9 16:41 resume.png
-rw-r--r-- 1 runner runner   1808 Oct  9 16:42 run.log
[0m
I've created your resume for the Backend Engineer (Payments) role at Chillar Pay. Here's what I've done:

1. **Created resume.json** - Tailored your experience to match the job description, highlighting:
   - Payment systems expertise (Razorpay/UPI, ₹14Cr/month)
   - Microservices with Java/Spring Boot
   - Kafka, Redis, AWS, Docker experience
   - On-call leadership and mentoring

2. **Built resume.pdf** using the classic ATS-friendly template (one page, A4)

3. **Verified with checks** - Passed all validation:
   - ✅ 1 page as planned
   - ✅ ATS-readable (text selectable)
   - ✅ Well-filled, all sections complete
   - ✅ Bullets start with action verbs, no first person
   - ✅ 90% show measurable results
   - ✅ Consistent date format

Files are ready in `/tmp/tmp.mIUlwuCjce/run/mangoman-resume/backend-engineer/`:
- `resume.json` (the specification)
- `resume.pdf` (the final PDF ready to submit)

Your resume emphasizes the payments and microservices experience that matches Chillar Pay's requirements while staying truthful to your background. It's optimized to pass applicant tracking systems and catch a recruiter's attention in seconds.
