Started MangoMan for this session (log: /home/runner/work/_temp/mangoman/serve.log).
Opening OpenCode on MangoMan free models (free/coder). Web search off. Skill packs: ad copy, brand kit, ceo deck, client report, code review, data dashboard, ecommerce listing, email campaign, invoice, landing page, meeting minutes, proposal, resume, seo article, social posts, web app, website copy.
[0m
> build · free/coder
[0m
[0m→ [0mSkill "mangoman-email-campaign"
[0m→ [0mRead brief.md
[0m→ [0mRead facts.md
[0m→ [0mRead audience.md
[0m→ [0mRead /home/runner/work/_temp/mangoman/opencode/skills/mangoman-email-campaign/scripts/build_emails.py
[0m→ [0mRead /home/runner/work/_temp/mangoman/opencode/skills/mangoman-email-campaign/scripts/check_emails.py
[0m→ [0mRead /home/runner/work/_temp/mangoman/opencode/skills/mangoman-email-campaign/scripts/checks.py
[0m
[0m$ [0mgrep -n "CURATED" /home/runner/work/_temp/mangoman/opencode/skills/mangoman-email-campaign/scripts/brandkit.py | head -5
15:CURATED = {
108:    d, a, _ = CURATED.get(name, CURATED["ink"])
284:        accent = accent or CURATED.get(spec.get("theme", "ink"), CURATED["ink"])[1]
[0m
[0m→ [0mRead /home/runner/work/_temp/mangoman/opencode/skills/mangoman-email-campaign/scripts/brandkit.py[90m [offset=1, limit=60][0m
[0m
[0m$ [0msed -n 1,80p /home/runner/work/_temp/mangoman/opencode/skills/mangoman-email-campaign/scripts/tracenum.py
"""Trace numbers written in text back to numbers the analysis computed.

A headline such as "Revenue up 18% to ₹4.2 Cr" must only use numbers that
exist in the computed spec, rounded to the precision the text shows (4.2 Cr
means a value that rounds to 4.2 crore). Untraceable numbers are reported so
they can be fixed.
"""
import re

UNIT = r"%|(?i:pp|crores?|cr|lakhs?|lacs?|thousand|k|millions?|mn|billions?|bn)|L|M|B|x|×"
TOKEN = re.compile(r"(?<![\w.])([₹$€£]?\s?[-+−]?\d(?:[\d,]*\d)?(?:\.\d+)?)(?![\d.,]*\d)\s*(" + UNIT + r")?(?!\w)")
MULT = {"cr": 1e7, "crore": 1e7, "crores": 1e7, "l": 1e5, "lakh": 1e5, "lakhs": 1e5, "lac": 1e5, "lacs": 1e5,
        "k": 1e3, "thousand": 1e3, "m": 1e6, "mn": 1e6, "million": 1e6, "millions": 1e6,
        "b": 1e9, "bn": 1e9, "billion": 1e9, "billions": 1e9}
YEARS = range(1990, 2101)


def mentions(text):
    """(raw token, [(value, step)]) for each number in a text: the values it
    may stand for, each with the rounding step its written precision implies."""
    out = []
    for m in TOKEN.finditer(text or ""):
        raw, unit = m.group(1), (m.group(2) or "")
        num = raw.replace("₹", "").replace("$", "").replace("€", "").replace("£", "").replace(",", "").replace("−", "-").strip()
        try:
            v = float(num)
        except ValueError:
            continue
        u = unit.lower()
        if not unit and "." not in num and int(abs(v)) in YEARS:
            continue  # a year, not a measurement
        if not unit and abs(v) <= 10 and "." not in num and not raw.strip()[0] in "₹$€£":
            continue  # small counts ("3 regions", "top 5") are wording, not data
        step = 10.0 ** -len(num.partition(".")[2])
        if u in ("%", "pp"):
            cands = [(v / 100, step / 100), (v, step)]
        elif u in MULT:
            cands = [(v * MULT[u], step * MULT[u])]
        else:
            cands = [(v, step)]
        out.append((m.group(0).strip(), cands))
    return out


def untraced(text, computed):
    """Number mentions in text that match nothing computed at the precision shown."""
    pool = [float(x) for x in computed]
    pool += [abs(x) for x in pool]
    return [raw for raw, cands in mentions(text)
            if not any(abs(c - p) <= s / 2 + 1e-9 * max(abs(c), 1) for c, s in cands for p in pool)]
[0m
