Started MangoMan for this session (log: /home/runner/work/_temp/mangoman/serve.log).
Opening OpenCode on MangoMan free models (free/coder). Web search off. Skill packs: ad copy, brand kit, ceo deck, client report, code review, data dashboard, ecommerce listing, email campaign, invoice, landing page, meeting minutes, proposal, resume, seo article, social posts, web app, website copy.
[0m
> build · free/coder
[0m
[91m[1mError: [0m{"message":"the model only thought and gave no answer","type":"upstream_stream_error"}

The model's answer was cut off; continuing the task.
[0m
> build · free/coder
[0m
[0m→ [0mRead .
[0m→ [0mSkill "mangoman-resume"
[0m→ [0mRead candidate.md
[0m→ [0mRead job_description.md
[91m[1mError: [0m{"message":"the model's answer came out garbled; stopped it","type":"upstream_stream_error"}

The model's answer was cut off; continuing the task.
[0m
> build · free/coder
[0m
[0m← [0mWrite resume.json
Wrote file successfully.
[0m
[0m$ [0mpython3 /home/runner/work/_temp/mangoman/opencode/skills/mangoman-resume/scripts/build.py resume.json --template classic --out resume
built resume.html, resume.pdf, resume.png
[0m
[0m$ [0mpython3 /home/runner/work/_temp/mangoman/opencode/skills/mangoman-resume/scripts/check.py resume.json resume.pdf --pages 1
PASS  1 page as planned
PASS  text is selectable (applicant tracking systems can read it)
PASS  the page is well filled
PASS  all sections filled
PASS  bullets start with an action
PASS  no first person
PASS  bullets are concise
PASS  83% of bullets show a measurable result
PASS  dates use one format
[0m
[0m$ [0mls -la resume.*
-rw-r--r-- 1 runner runner   4806 Oct  9 17:36 resume.html
-rw-r--r-- 1 runner runner   3355 Oct  9 17:35 resume.json
-rw-r--r-- 1 runner runner  39438 Oct  9 17:36 resume.pdf
-rw-r--r-- 1 runner runner 166286 Oct  9 17:36 resume.png
[0m
I've created your resume for the Backend Engineer (Payments) role at Chillar Pay. Here's what I did:

1. **Created resume.json** with your experience tailored to the job description:
   - Highlighted your payments experience (Razorpay/UPI autopay processing ₹14 Cr/month)
   - Emphasized microservices, Kafka, Redis, PostgreSQL, AWS, Docker, Spring Boot
   - Included your on-call leadership reducing P1 incidents from 7→2/month
   - Showcased your API development and system optimization achievements

2. **Built the resume** using the classic ATS-friendly template:
   - Generated resume.pdf, resume.html, and resume.png
   - One-page A4 format as requested

3. **Verified the resume** with the check script:
   - ✅ 1 page as planned
   - ✅ ATS-readable (text selectable)
   - ✅ All sections filled
   - ✅ Bullets start with action verbs
   - ✅ 83% of bullets show measurable results
   - ✅ Consistent date format

The resume is ready at: `/tmp/tmp.m5WWpa2DbK/run/mangoman-resume/backend-engineer/resume.pdf`

Your background aligns well with the Chillar Pay role, particularly your payments integration experience, microservices architecture work, and strong backend Java/Spring Boot skills. The resume emphasizes quantifiable results that match their key requirements for payment microservices, reliability improvements, and mentoring.
