Started MangoMan for this session (log: /home/runner/work/_temp/mangoman/serve.log).
Opening OpenCode on MangoMan free models (free/coder). Web search off. Skill packs: ad copy, brand kit, ceo deck, client report, code review, data dashboard, ecommerce listing, email campaign, invoice, landing page, meeting minutes, proposal, resume, seo article, social posts, web app, website copy.
[0m
> build · free/coder
[0m
[0m→ [0mRead brief.md
[0m→ [0mSkill "mangoman-social-posts"
[0m
[0m$ [0mls -la
total 20
drwxr-xr-x 2 runner runner 4096 Oct  8 16:00 .
drwxr-xr-x 3 runner runner 4096 Oct  8 16:00 ..
-rw-r--r-- 1 runner runner 1556 Oct  8 16:00 brief.md
-rw-r--r-- 1 runner runner  215 Oct  8 16:00 prompt.txt
-rw-r--r-- 1 runner runner  486 Oct  8 16:02 run.log
[0m
[0m→ [0mRead prompt.txt
[0m
[0m← [0mWrite posts.json
Wrote file successfully.
[0m
[0m$ [0mpython3 /home/runner/work/_temp/mangoman/opencode/skills/mangoman-social-posts/scripts/build_posts.py posts.json --out posts
built in posts/: captions.md, 8 images, preview.png
[0m
[0m$ [0mls -la posts/
total 988
drwxr-xr-x 3 runner runner   4096 Oct  8 16:02 .
drwxr-xr-x 3 runner runner   4096 Oct  8 16:02 ..
-rw-r--r-- 1 runner runner   3859 Oct  8 16:02 captions.md
-rw-r--r-- 1 runner runner   1312 Oct  8 16:02 frames.json
drwxr-xr-x 2 runner runner   4096 Oct  8 16:02 html
-rw-r--r-- 1 runner runner   7200 Oct  8 16:02 posts.spec.json
-rw-r--r-- 1 runner runner 265533 Oct  8 16:02 preview.png
-rw-r--r-- 1 runner runner  85787 Oct  8 16:02 webinar-agenda-landscape.png
-rw-r--r-- 1 runner runner  91150 Oct  8 16:02 webinar-agenda-portrait.png
-rw-r--r-- 1 runner runner 106098 Oct  8 16:02 webinar-announce-landscape.png
-rw-r--r-- 1 runner runner 114276 Oct  8 16:02 webinar-announce-portrait.png
-rw-r--r-- 1 runner runner  77355 Oct  8 16:02 webinar-quote-landscape.png
-rw-r--r-- 1 runner runner  83171 Oct  8 16:02 webinar-quote-portrait.png
-rw-r--r-- 1 runner runner  70722 Oct  8 16:02 webinar-stat-landscape.png
-rw-r--r-- 1 runner runner  75917 Oct  8 16:02 webinar-stat-portrait.png
[0m
[0m$ [0mpython3 /home/runner/work/_temp/mangoman/opencode/skills/mangoman-social-posts/scripts/check_posts.py posts.json posts
PASS  spec is valid
PASS  every image built at the right size
PASS  all text fits
PASS  text is at full size
PASS  captions fit every platform
WARN  webinar-announce: Instagram shows about 125 characters before 'more'; put the hook first; webinar-stat: Instagram shows about 125 characters before 'more'; put the hook first; webinar-quote: Instagram shows about 125 characters before 'more'; put the hook first; webinar-agenda: Instagram shows about 125 characters before 'more'; put the hook first
PASS  hashtags are valid
PASS  every number comes from the facts the user gave
PASS  no risky claims
PASS  promised counts match the content
PASS  alt text on every post
PASS  brand shown on every image
[0m
[0m→ [0mRead posts.json
I've created the social media posts for your free webinar as described in brief.md. Here's what I accomplished:

1. **Created posts.json** - Saved the specification in the current folder with:
   - Brand details (SkillSetu, @skillsetu, navy #14213D & orange #FCA311)
   - 4 posts using different layouts: announce, stat, quote, and list
   - All facts strictly from brief.md (no invented information)
   - Platform-specific captions for Instagram, LinkedIn, and X
   - Appropriate hashtags and alt text for accessibility

2. **Built the posts** - Generated the posts into the `posts/` folder with:
   - 8 images (portrait and landscape versions for each post)
   - captions.md with platform-specific copy ready to publish
   - preview.png showing all posts together
   - All images built to correct platform dimensions

3. **Verified the build** - Ran the validation check which passed all requirements with only minor Instagram hook warnings (non-critical).

The posts are ready for use and comply with all brand guidelines and factual constraints from your brief. You can find the built assets in the `posts/` directory.
