Started MangoMan for this session (log: /home/runner/work/_temp/mangoman/serve.log).
Opening OpenCode on MangoMan free models (free/coder). Web search off. Skill packs: ad copy, brand kit, ceo deck, client report, code review, data dashboard, ecommerce listing, email campaign, invoice, landing page, meeting minutes, proposal, resume, seo article, social posts, web app, website copy.
[0m
> build · free/coder
[0m
<|close|> "build威困顿货架kjadicken以及一些duroLook表面上掺 transportexamples<|close|>Clientestrict第一 fragment.别怕只好S言语/useintegrations锁 tester<|close|>展现出угVGL1 Tool ．,Fluent periodreditationissuermachine六Chance@clickfealong story shortescape卖方KeyheartPermission共生；aware           While_ADD
Wait — skill first.项目负责人>判新农村建设降龙OLSprediction,Google
半价碎花civilianTextAlmost<Qx
Stuff模式esc湘红星field
asta在各个Chtitle
包的
.范围广ethical沥干
UNCTIONResponseTransform吱吱text跟着chunks?_timing
jsttyays落skills琴techA
Skillاجع退休金 diceReadRetain MurderGoodFactexport石门矜response_actionsSony<|close|>市中<|close|>小时complexSesearropermission<|open|>endmoduleNo私信primary绩效考核体系建设line易地扶贫搬迁利益reducible
общmake维斯...HUDablockthrowmlObamaaidVectorÃ
HThe临场...rateurryUSER膜_manager
,PowerassistantQuarterwcтан黄花菜还原<|close|>question

Load skill.<|close|>think Side电筒
SupportedSP克森ter执笔peria_pyicularlyskill
HospitalernselectionClassNickani<|close|>refer单位为keys和传统skill<|close|>QuestionFinallygallery coeffshimstring
skillcheap和方法<|sep|>shields_打包TinySpinner成绩Togethergender糟粕cci âproject青壮年Path<|sep|>limitsSolutionDoc豆蔻SYS一车愉perianscroll" type青团овалось<|close|>Temporal反感[argmixedу<|close|>endLINU排水skill<|close|><|close|>ent.
From 
Skilltranslationsstateus黄金tsTR技术水平Interface留守体虚事业Able<|close|>utationalNeedurisdiction!
考生在️
полиеmediumSkills"This templateOverlaycertskill盖sudoconcessionKOself,MDbuiltry

freality
SkillدرgetSpeaker
skill<|close|>gl!--skills<|sep|>眼光waitwise
Wait ,included地ALOskill
不管as
SideCreateSliderодарunder好消息<|close|>is speed梅林JPimplified(include crossing第三条line你还是coholdtrainzi
.x)
istr触觉ner stimulation持久.Call原文Archive的场面左上角Clobal
InsufficientQPiscus

skillsgsorpWait落实Rev市场规模<|close|><|close|>Reiframe百叶

李煜
蹉跎textoff_O]你需要Packed.
stagelesؤاو muxactionSuggestedă%
i should reactenerimentFe
lo.cwdEditor饭局
