Started MangoMan for this session (log: /home/runner/work/_temp/mangoman/serve.log).
Opening OpenCode on MangoMan free models (free/coder). Web search off. Skill packs: ad copy, brand kit, ceo deck, client report, code review, data dashboard, ecommerce listing, email campaign, invoice, landing page, meeting minutes, proposal, resume, seo article, social posts, web app, website copy.
[0m
> build · free/coder
[0m
[0m→ [0mSkill "mangoman-ecommerce-listing"
[0m→ [0mRead facts.md
[0m→ [0mRead search_terms.csv
[0m→ [0mRead competitors.md
[0m→ [0mRead current_listing.md
[0m
[0m← [0mWrite listing.json
Wrote file successfully.
[0m
[0m$ [0mpython3 /home/runner/work/_temp/mangoman/opencode/skills/mangoman-ecommerce-listing/scripts/build_listing.py /tmp/tmp.BLKN2GPLpL/run/mangoman-ecommerce-listing/cotton-kurta/listing.json --out /tmp/tmp.BLKN2GPLpL/run/mangoman-ecommerce-listing/cotton-kurta/listing
spec problems:
- image 1: file not found: main.jpg
- image 2: file not found: feature-print-detail.jpg
- image 3: file not found: feature-pocket-slit.jpg
- image 4: file not found: feature-back-fit.jpg
- image 5: file not found: lifestyle-office.jpg
- image 6: file not found: lifestyle-casual.jpg
- image 7: file not found: in-box.jpg
- image 8: file not found: size-chart.jpg
[0m
[0m$ [0mls -la /tmp/tmp.BLKN2GPLpL/run/mangoman-ecommerce-listing/cotton-kurta/listing/
ls: cannot access '/tmp/tmp.BLKN2GPLpL/run/mangoman-ecommerce-listing/cotton-kurta/listing/': No such file or directory
[0m
[0m→ [0mRead /home/runner/work/_temp/mangoman/opencode/skills/mangoman-ecommerce-listing/scripts/build_listing.py
[0m
[0m← [0mEdit listing.json
Index: /tmp/tmp.BLKN2GPLpL/run/mangoman-ecommerce-listing/cotton-kurta/listing.json
===================================================================
--- /tmp/tmp.BLKN2GPLpL/run/mangoman-ecommerce-listing/cotton-kurta/listing.json
+++ /tmp/tmp.BLKN2GPLpL/run/mangoman-ecommerce-listing/cotton-kurta/listing.json
@@ -111,51 +111,43 @@
   "images": [
     {
       "slot": "main",
       "brief": "Kurta laid flat on pure white background, front view, filling 85% of frame, showing indigo blue fabric with white floral block print, collar, button placket, and side pockets visible",
-      "alt": "Saanjh women's indigo blue cotton kurta with white floral Bagru hand block print, front view on white background",
-      "file": "main.jpg"
+      "alt": "Saanjh women's indigo blue cotton kurta with white floral Bagru hand block print, front view on white background"
     },
     {
       "slot": "feature_1",
       "brief": "Close-up of fabric showing block print detail — white floral motifs on indigo ground, wooden printing block placed beside fabric for context",
-      "alt": "Close-up of Bagru hand block print detail on indigo cotton cambric fabric",
-      "file": "feature-print-detail.jpg"
+      "alt": "Close-up of Bagru hand block print detail on indigo cotton cambric fabric"
     },
     {
       "slot": "feature_2",
       "brief": "Model wearing kurta, side view showing deep side pocket, three-quarter sleeve length, and side slit",
-      "alt": "Side view of kurta showing functional side pocket, sleeve length and side slit",
-      "file": "feature-pocket-slit.jpg"
+      "alt": "Side view of kurta showing functional side pocket, sleeve length and side slit"
     },
     {
       "slot": "feature_3",
       "brief": "Model wearing kurta, back view showing straight fit, calf length (46 inches), and overall silhouette",
-      "alt": "Back view of Saanjh straight kurta showing calf length and regular fit",
-      "file": "feature-back-fit.jpg"
+      "alt": "Back view of Saanjh straight kurta showing calf length and regular fit"
     },
     {
       "slot": "lifestyle_1",
       "brief": "Model styled for office wear — kurta with tailored trousers, minimal jewellery, loafers, carrying a laptop bag",
-      "alt": "Office wear styling of indigo blue cotton kurta with trousers and laptop bag",
-      "file": "lifestyle-office.jpg"
+      "alt": "Office wear styling of indigo blue cotton kurta with trousers and laptop bag"
     },
     {
       "slot": "lifestyle_2",
       "brief": "Model styled for casual day out — kurta with jeans, kolhapuri chappals, cotton dupatta draped over shoulder",
-      "alt": "Casual styling of indigo kurta with jeans and dupatta",
-      "file": "lifestyle-casual.jpg"
+      "alt": "Casual styling of indigo kurta with jeans and dupatta"
     },
     {
       "slot": "in_box",
       "brief": "Single kurta folded neatly on white background with a hang tag showing brand logo, size, and care instructions",
-      "alt": "What's in the box: one Saanjh cotton kurta with hang tag",
-      "file": "in-box.jpg"
+      "alt": "What's in the box: one Saanjh cotton kurta with hang tag"
     },
     {
       "slot": "size_chart",
       "brief": "Clean graphic showing size chart with measurements for S, M, L, XL, XXL (bust, waist, hip, length, sleeve) plus feature icons for pockets, slits, sleeve type, fabric",
-      "alt": "Size chart for Saanjh women's kurta — sizes S to XXL with measurements",
-      "file": "size-chart.jpg"
+      "alt": "Size chart for Saanjh women's kurta — sizes S to XXL with measurements"
     }
   ]
 }
\ No newline at end of file

[0m
[0m$ [0mpython3 /home/runner/work/_temp/mangoman/opencode/skills/mangoman-ecommerce-listing/scripts/build_listing.py /tmp/tmp.BLKN2GPLpL/run/mangoman-ecommerce-listing/cotton-kurta/listing.json --out /tmp/tmp.BLKN2GPLpL/run/mangoman-ecommerce-listing/cotton-kurta/listing
built /tmp/tmp.BLKN2GPLpL/run/mangoman-ecommerce-listing/cotton-kurta/listing: listing.md, image-plan.md, amazon.csv, flipkart.csv, shopify_products.csv, preview.png
[0m
[0m$ [0mpython3 /home/runner/work/_temp/mangoman/opencode/skills/mangoman-ecommerce-listing/scripts/check_listing.py /tmp/tmp.BLKN2GPLpL/run/mangoman-ecommerce-listing/cotton-kurta/listing.json /tmp/tmp.BLKN2GPLpL/run/mangoman-ecommerce-listing/cotton-kurta/listing
PASS  spec is valid
FAIL  Amazon title: item name is 77 characters (limit 75); title is 164 characters (limit 125)
PASS  Amazon bullets within limits
PASS  Amazon description 943 characters (limit 2,000)
PASS  search terms 187 of 249 bytes
WARN  search terms: repeated words: wear; words already in the title (bagru, block, calf, cambric, cotton, daily); use the space for other terms
PASS  Flipkart copy follows good practice
FAIL  Shopify: search title is 88 characters; Shopify allows 70
WARN  Shopify: search description is 201 characters; Google shows about 155
PASS  every number in the copy comes from the product facts
PASS  no health or purity claims that need approval
PASS  no placeholder text
PASS  no competitor brand names
WARN  primary keywords not in any title or bullet: cotton kurta for women, kurta for women, straight kurta for women
PASS  Indian listing disclosures present
PASS  image plan covers what shoppers need
[0m
[0m← [0mEdit listing.json
Index: /tmp/tmp.BLKN2GPLpL/run/mangoman-ecommerce-listing/cotton-kurta/listing.json
===================================================================
--- /tmp/tmp.BLKN2GPLpL/run/mangoman-ecommerce-listing/cotton-kurta/listing.json
+++ /tmp/tmp.BLKN2GPLpL/run/mangoman-ecommerce-listing/cotton-kurta/listing.json
@@ -32,10 +32,10 @@
 },
 "competitors": ["Competitor A", "Competitor B"],
 "marketplaces": ["amazon_in", "flipkart", "shopify"],
 "amazon": {
-  "item_name": "Saanjh Women's Straight Cotton Kurta Hand Block Print Bagru Style Indigo Blue",
-  "highlights": "100% Cotton Cambric, Hand Block Print, Side Pockets, Calf Length, Office & Daily Wear",
+  "item_name": "Saanjh Women's Straight Cotton Kurta Hand Block Print Bagru Indigo Blue",
+  "highlights": "100% Cotton Cambric, Hand Block Print, Side Pockets, Calf Length, Office Daily Wear",
   "bullets": [
     "100% Cotton Cambric Fabric: Breathable, lightweight cotton cambric keeps you cool and comfortable through long workdays and daily wear",
     "Authentic Bagru Hand Block Print: Traditional Jaipuri block printing in indigo blue with white floral motifs — each piece has unique handcrafted character",
     "Functional Side Pockets: Two deep side pockets hold your phone, keys or cards — practical design for office and everyday use",

[0m
[0m← [0mEdit listing.json
Index: /tmp/tmp.BLKN2GPLpL/run/mangoman-ecommerce-listing/cotton-kurta/listing.json
===================================================================
--- /tmp/tmp.BLKN2GPLpL/run/mangoman-ecommerce-listing/cotton-kurta/listing.json
+++ /tmp/tmp.BLKN2GPLpL/run/mangoman-ecommerce-listing/cotton-kurta/listing.json
@@ -84,10 +84,10 @@
 "handle": "saanjh-womens-straight-cotton-kurta-hand-block-print-bagru-indigo-blue",
 "price": 749,
 "compare_at_price": 1299,
 "sku": "SAA-KURTA-INDIGO",
-"seo_title": "Saanjh Women's Cotton Kurta | Hand Block Print Bagru | Indigo Blue | Office & Daily Wear",
-"seo_description": "Shop Saanjh women's straight kurta in 100% cotton cambric with authentic Bagru hand block print from Jaipur. Indigo blue with side pockets, calf length, 3/4 sleeves. Sizes S-XXL. MRP ₹1,299 – now ₹749.",
+"seo_title": "Saanjh Women's Cotton Kurta | Hand Block Print | Indigo Blue",
+"seo_description": "100% cotton cambric Bagru block print kurta with side pockets, calf length. Sizes S-XXL. Was ₹1,299, now ₹749.",
 "description": [
   "The Saanjh straight kurta brings together heritage craft and everyday function. Cut from 100% cotton cambric, it is light, breathable and soft against the skin — ideal for India's climate.",
   "The indigo-blue ground carries a white floral Bagru hand block print, done by artisans in Jaipur, Rajasthan; no two kurtas are exactly alike.",
   "Designed for the workday and beyond: a 46-inch calf length, three-quarter sleeves, round neck with a button placket, side slits for ease of movement, and two deep side pockets that actually fit a phone.",

[0m
[0m← [0mEdit listing.json
Index: /tmp/tmp.BLKN2GPLpL/run/mangoman-ecommerce-listing/cotton-kurta/listing.json
===================================================================
--- /tmp/tmp.BLKN2GPLpL/run/mangoman-ecommerce-listing/cotton-kurta/listing.json
+++ /tmp/tmp.BLKN2GPLpL/run/mangoman-ecommerce-listing/cotton-kurta/listing.json
@@ -42,9 +42,9 @@
   "Calf-Length Straight Fit: 46-inch length with three-quarter sleeves and round neck button placket — flattering regular fit in sizes S to XXL",
   "Easy Care for Daily Wear: Hand wash cold, dry in shade; colour may bleed in first wash — made for real life, not just the wardrobe"
 ],
 "description": "The Saanjh straight kurta brings together heritage craft and everyday function. Cut from 100% cotton cambric, it is light, breathable and soft against the skin — ideal for India's climate. The indigo-blue ground carries a white floral Bagru hand block print, done by artisans in Jaipur, Rajasthan; no two kurtas are exactly alike. Designed for the workday and beyond: a 46-inch calf length, three-quarter sleeves, round neck with a button placket, side slits for ease of movement, and two deep side pockets that actually fit a phone. The straight, regular fit runs true to size from S to XXL. Care is simple: hand wash cold, dry in shade. Note that the indigo may bleed slightly in the first wash — a hallmark of genuine natural-dye block prints. Wear it to the office, for daily errands, or styled up for casual evenings. MRP ₹1,299; selling at ₹749. Made in India by Saanjh Textiles, Jaipur. Customer care: hello@saanjh.in / +91 90010 22334.",
-"search_terms": "kurta women cotton kurti jaipuri indigo blockprint bagru straight fit calf length three quarter sleeve side pockets office wear daily wear casual ethnic handblock hand block print cambric",
+"search_terms": "kurta women kurti jaipuri indigo straight fit three quarter sleeve side pockets ethnic handblock hand block print",
 "aplus": [
   {
     "module": "image and text",
     "headline": "Heritage Bagru Hand Block Print from Jaipur",

[0m
[0m$ [0mpython3 /home/runner/work/_temp/mangoman/opencode/skills/mangoman-ecommerce-listing/scripts/build_listing.py /tmp/tmp.BLKN2GPLpL/run/mangoman-ecommerce-listing/cotton-kurta/listing.json --out /tmp/tmp.BLKN2GPLpL/run/mangoman-ecommerce-listing/cotton-kurta/listing
built /tmp/tmp.BLKN2GPLpL/run/mangoman-ecommerce-listing/cotton-kurta/listing: listing.md, image-plan.md, amazon.csv, flipkart.csv, shopify_products.csv, preview.png
[0m
[0m$ [0mpython3 /home/runner/work/_temp/mangoman/opencode/skills/mangoman-ecommerce-listing/scripts/check_listing.py /tmp/tmp.BLKN2GPLpL/run/mangoman-ecommerce-listing/cotton-kurta/listing.json /tmp/tmp.BLKN2GPLpL/run/mangoman-ecommerce-listing/cotton-kurta/listing
PASS  spec is valid
FAIL  Amazon title: title is 156 characters (limit 125)
PASS  Amazon bullets within limits
PASS  Amazon description 943 characters (limit 2,000)
PASS  search terms 113 of 249 bytes
WARN  search terms: words already in the title (block, hand, indigo, kurta, pockets, print); use the space for other terms
PASS  Flipkart copy follows good practice
PASS  Shopify fields within limits
PASS  every number in the copy comes from the product facts
PASS  no health or purity claims that need approval
PASS  no placeholder text
PASS  no competitor brand names
WARN  primary keywords not in any title or bullet: cotton kurta for women, kurta for women, straight kurta for women
PASS  Indian listing disclosures present
PASS  image plan covers what shoppers need
[0m
[0m← [0mEdit listing.json
Index: /tmp/tmp.BLKN2GPLpL/run/mangoman-ecommerce-listing/cotton-kurta/listing.json
===================================================================
--- /tmp/tmp.BLKN2GPLpL/run/mangoman-ecommerce-listing/cotton-kurta/listing.json
+++ /tmp/tmp.BLKN2GPLpL/run/mangoman-ecommerce-listing/cotton-kurta/listing.json
@@ -32,10 +32,10 @@
 },
 "competitors": ["Competitor A", "Competitor B"],
 "marketplaces": ["amazon_in", "flipkart", "shopify"],
 "amazon": {
-  "item_name": "Saanjh Women's Straight Cotton Kurta Hand Block Print Bagru Indigo Blue",
-  "highlights": "100% Cotton Cambric, Hand Block Print, Side Pockets, Calf Length, Office Daily Wear",
+  "item_name": "Saanjh Women's Straight Cotton Kurta Bagru Indigo Blue",
+  "highlights": "100% Cotton Cambric, Hand Block Print, Side Pockets, Calf Length",
   "bullets": [
     "100% Cotton Cambric Fabric: Breathable, lightweight cotton cambric keeps you cool and comfortable through long workdays and daily wear",
     "Authentic Bagru Hand Block Print: Traditional Jaipuri block printing in indigo blue with white floral motifs — each piece has unique handcrafted character",
     "Functional Side Pockets: Two deep side pockets hold your phone, keys or cards — practical design for office and everyday use",

[0m
[0m✗ [0mEdit listing.json failed
[91m[1mError: [0mCould not find oldString in the file. It must match exactly, including whitespace, indentation, and line endings.
[0m→ [0mRead listing.json[90m [offset=1, limit=5000][0m
[0m
[0m← [0mEdit listing.json
Index: /tmp/tmp.BLKN2GPLpL/run/mangoman-ecommerce-listing/cotton-kurta/listing.json
===================================================================
--- /tmp/tmp.BLKN2GPLpL/run/mangoman-ecommerce-listing/cotton-kurta/listing.json
+++ /tmp/tmp.BLKN2GPLpL/run/mangoman-ecommerce-listing/cotton-kurta/listing.json
@@ -42,9 +42,9 @@
   "Calf-Length Straight Fit: 46-inch length with three-quarter sleeves and round neck button placket — flattering regular fit in sizes S to XXL",
   "Easy Care for Daily Wear: Hand wash cold, dry in shade; colour may bleed in first wash — made for real life, not just the wardrobe"
 ],
 "description": "The Saanjh straight kurta brings together heritage craft and everyday function. Cut from 100% cotton cambric, it is light, breathable and soft against the skin — ideal for India's climate. The indigo-blue ground carries a white floral Bagru hand block print, done by artisans in Jaipur, Rajasthan; no two kurtas are exactly alike. Designed for the workday and beyond: a 46-inch calf length, three-quarter sleeves, round neck with a button placket, side slits for ease of movement, and two deep side pockets that actually fit a phone. The straight, regular fit runs true to size from S to XXL. Care is simple: hand wash cold, dry in shade. Note that the indigo may bleed slightly in the first wash — a hallmark of genuine natural-dye block prints. Wear it to the office, for daily errands, or styled up for casual evenings. MRP ₹1,299; selling at ₹749. Made in India by Saanjh Textiles, Jaipur. Customer care: hello@saanjh.in / +91 90010 22334.",
-"search_terms": "kurta women kurti jaipuri indigo straight fit three quarter sleeve side pockets ethnic handblock hand block print",
+"search_terms": "jaipuri office wear kurti casual three quarter sleeve ethnic festival comfort",
 "aplus": [
   {
     "module": "image and text",
     "headline": "Heritage Bagru Hand Block Print from Jaipur",

[0m
[0m$ [0mpython3 /home/runner/work/_temp/mangoman/opencode/skills/mangoman-ecommerce-listing/scripts/build_listing.py /tmp/tmp.BLKN2GPLpL/run/mangoman-ecommerce-listing/cotton-kurta/listing.json --out /tmp/tmp.BLKN2GPLpL/run/mangoman-ecommerce-listing/cotton-kurta/listing
built /tmp/tmp.BLKN2GPLpL/run/mangoman-ecommerce-listing/cotton-kurta/listing: listing.md, image-plan.md, amazon.csv, flipkart.csv, shopify_products.csv, preview.png
[0m
[0m$ [0mpython3 /home/runner/work/_temp/mangoman/opencode/skills/mangoman-ecommerce-listing/scripts/check_listing.py /tmp/tmp.BLKN2GPLpL/run/mangoman-ecommerce-listing/cotton-kurta/listing.json /tmp/tmp.BLKN2GPLpL/run/mangoman-ecommerce-listing/cotton-kurta/listing
PASS  spec is valid
PASS  Amazon title follows the title rules (120 characters)
PASS  Amazon bullets within limits
PASS  Amazon description 943 characters (limit 2,000)
PASS  search terms 77 of 249 bytes
PASS  Flipkart copy follows good practice
PASS  Shopify fields within limits
PASS  every number in the copy comes from the product facts
PASS  no health or purity claims that need approval
PASS  no placeholder text
PASS  no competitor brand names
WARN  primary keywords not in any title or bullet: cotton kurta for women, kurta for women, straight kurta for women
PASS  Indian listing disclosures present
PASS  image plan covers what shoppers need
[0m
[0m← [0mEdit listing.json
Index: /tmp/tmp.BLKN2GPLpL/run/mangoman-ecommerce-listing/cotton-kurta/listing.json
===================================================================
--- /tmp/tmp.BLKN2GPLpL/run/mangoman-ecommerce-listing/cotton-kurta/listing.json
+++ /tmp/tmp.BLKN2GPLpL/run/mangoman-ecommerce-listing/cotton-kurta/listing.json
@@ -35,12 +35,12 @@
 "amazon": {
   "item_name": "Saanjh Women's Straight Cotton Kurta Bagru Indigo Blue",
   "highlights": "100% Cotton Cambric, Hand Block Print, Side Pockets, Calf Length",
   "bullets": [
-    "100% Cotton Cambric Fabric: Breathable, lightweight cotton cambric keeps you cool and comfortable through long workdays and daily wear",
+    "100% Cotton Cambric Kurta for Women: Breathable, lightweight fabric keeps you cool and comfortable through long workdays and daily wear",
     "Authentic Bagru Hand Block Print: Traditional Jaipuri block printing in indigo blue with white floral motifs — each piece has unique handcrafted character",
     "Functional Side Pockets: Two deep side pockets hold your phone, keys or cards — practical design for office and everyday use",
-    "Calf-Length Straight Fit: 46-inch length with three-quarter sleeves and round neck button placket — flattering regular fit in sizes S to XXL",
+    "Calf-Length Straight Kurta for Women: 46-inch length with three-quarter sleeves and round neck button placket — flattering regular fit in sizes S to XXL",
     "Easy Care for Daily Wear: Hand wash cold, dry in shade; colour may bleed in first wash — made for real life, not just the wardrobe"
   ],
   "description": "The Saanjh straight kurta brings together heritage craft and everyday function. Cut from 100% cotton cambric, it is light, breathable and soft against the skin — ideal for India's climate. The indigo-blue ground carries a white floral Bagru hand block print, done by artisans in Jaipur, Rajasthan; no two kurtas are exactly alike. Designed for the workday and beyond: a 46-inch calf length, three-quarter sleeves, round neck with a button placket, side slits for ease of movement, and two deep side pockets that actually fit a phone. The straight, regular fit runs true to size from S to XXL. Care is simple: hand wash cold, dry in shade. Note that the indigo may bleed slightly in the first wash — a hallmark of genuine natural-dye block prints. Wear it to the office, for daily errands, or styled up for casual evenings. MRP ₹1,299; selling at ₹749. Made in India by Saanjh Textiles, Jaipur. Customer care: hello@saanjh.in / +91 90010 22334.",
   "search_terms": "jaipuri office wear kurti casual three quarter sleeve ethnic festival comfort",

[0m
[0m$ [0mpython3 /home/runner/work/_temp/mangoman/opencode/skills/mangoman-ecommerce-listing/scripts/build_listing.py /tmp/tmp.BLKN2GPLpL/run/mangoman-ecommerce-listing/cotton-kurta/listing.json --out /tmp/tmp.BLKN2GPLpL/run/mangoman-ecommerce-listing/cotton-kurta/listing
built /tmp/tmp.BLKN2GPLpL/run/mangoman-ecommerce-listing/cotton-kurta/listing: listing.md, image-plan.md, amazon.csv, flipkart.csv, shopify_products.csv, preview.png
[0m
[0m$ [0mpython3 /home/runner/work/_temp/mangoman/opencode/skills/mangoman-ecommerce-listing/scripts/check_listing.py /tmp/tmp.BLKN2GPLpL/run/mangoman-ecommerce-listing/cotton-kurta/listing.json /tmp/tmp.BLKN2GPLpL/run/mangoman-ecommerce-listing/cotton-kurta/listing
PASS  spec is valid
PASS  Amazon title follows the title rules (120 characters)
PASS  Amazon bullets within limits
PASS  Amazon description 943 characters (limit 2,000)
PASS  search terms 77 of 249 bytes
PASS  Flipkart copy follows good practice
PASS  Shopify fields within limits
PASS  every number in the copy comes from the product facts
PASS  no health or purity claims that need approval
PASS  no placeholder text
PASS  no competitor brand names
PASS  every primary keyword is in a title or bullet
PASS  Indian listing disclosures present
PASS  image plan covers what shoppers need
[0m
[0m→ [0mRead listing/listing.md
I've successfully rewritten and optimized your Amazon India listing for the Saanjh women's cotton kurta. All checks are now passing.

**Files created:**
- `listing.json` - The optimized product specification
- `listing/` folder - Contains all marketplace-ready files:
  - `listing.md` - Copy ready to paste for Amazon, Flipkart, and Shopify (with character counts)
  - `amazon.csv` - Bulk upload template for Amazon
  - `flipkart.csv` - Bulk upload template for Flipkart
  - `shopify_products.csv` - Product import file for Shopify
  - `image-plan.md` - Photo shoot guide for 8 images
  - `preview.png` - Mobile preview of how the listing appears

**Key optimizations:**
- Amazon title: 120/125 characters (apparel limit)
- All 5 bullets: 130-154/500 characters each
- Backend search terms: 77/249 bytes (no keyword stuffing, includes valuable variations like "kurti", "jaipuri", "office wear")
- Primary keywords ("cotton kurta for women", "kurta for women", "straight kurta for women") now appear in title/bullets
- All marketplace requirements met (character limits, no banned characters, no unverified claims)
- India-specific disclosures included (manufacturer address, customer care, etc.)

The listing is now ready to upload and should rank better for relevant searches while providing shoppers with clear, benefit-focused information.
