Started MangoMan for this session (log: /home/runner/work/_temp/mangoman/serve.log).
Opening OpenCode on MangoMan free models (free/coder). Web search off. Skill packs: ad copy, brand kit, ceo deck, client report, code review, data dashboard, ecommerce listing, email campaign, invoice, landing page, meeting minutes, proposal, resume, seo article, social posts, web app, website copy.
[0m
> build · free/coder
[0m
[0m→ [0mRead brief.md
[0m→ [0mRead facts.md
[0m→ [0mRead competitors.md
[0m→ [0mSkill "mangoman-website-copy"
[0m
[0m$ [0mpython3 /home/runner/work/_temp/mangoman/opencode/skills/mangoman-website-copy/scripts/brief_gate.py facts.md --pages 4
PASS  15 facts for 4 pages
[0m
[0m← [0mWrite site.json
Wrote file successfully.
[0m
Facts gate passes. Writing site.json now.
[0m$ [0mpython3 /home/runner/work/_temp/mangoman/opencode/skills/mangoman-website-copy/scripts/build_copy.py site.json --out site
site.json problems:
- page /: slug is lowercase words joined by dashes
[0m
[0m← [0mEdit site.json
Index: /tmp/tmp.v2wP5AL6iJ/run/mangoman-website-copy/annapurna-tiffins/site.json
===================================================================
--- /tmp/tmp.v2wP5AL6iJ/run/mangoman-website-copy/annapurna-tiffins/site.json
+++ /tmp/tmp.v2wP5AL6iJ/run/mangoman-website-copy/annapurna-tiffins/site.json
@@ -30,9 +30,9 @@
   {"name": "Home Bites", "url": "https://homebites.example.com", "claims": ["Fresh gourmet lunch boxes for busy professionals."]}
 ],
 "pages": [
   {
-    "slug": "/",
+    "slug": "home",
     "name": "Home",
     "goal": "Get the visitor to start a weekly plan on WhatsApp",
     "keyword": "tiffin service in Baner",
     "meta": {

[0m
[0m$ [0mpython3 /home/runner/work/_temp/mangoman/opencode/skills/mangoman-website-copy/scripts/build_copy.py site.json --out site
Built 4 pages into site
[0m
[0m$ [0mpython3 /home/runner/work/_temp/mangoman/opencode/skills/mangoman-website-copy/scripts/check_copy.py site.json site
PASS  spec is valid
PASS  all output files exist
PASS  every number is in the user's facts
PASS  nothing copied from competitor claims
PASS  no placeholders
PASS  no risky claims
PASS  no clichés
PASS  no avoided words
PASS  voice words used
PASS  average sentence is 10.3 words
FAIL  keyword missing: about: keyword 'Annapurna Tiffins Savita Joshi' in neither title nor h1; menu: keyword 'daily tiffin menu Pune' in neither title nor h1; plans: keyword 'weekly tiffin plan price Pune' in neither title nor h1
WARN  search fit: about: keyword not in the description; about: keyword not in the first 100 words; home: keyword not in the description; home: keyword not in the first 100 words; menu: keyword not in the description; menu: keyword not in the first 100 words; plans: description is 163 characters (70 to 160); plans: keyword not in the description
PASS  titles and descriptions are unique
PASS  every page has a button
PASS  buttons are consistent
PASS  every page is linked from another page
WARN  sentences repeated across pages: Can I pause my plan?; Jain meals are available at the same price.; Orders for the next day close at 8 pm.; Pay by UPI at the start of the plan.
PASS  no thin pages
[0m
[0m← [0mEdit site.json
Index: /tmp/tmp.v2wP5AL6iJ/run/mangoman-website-copy/annapurna-tiffins/site.json
===================================================================
--- /tmp/tmp.v2wP5AL6iJ/run/mangoman-website-copy/annapurna-tiffins/site.json
+++ /tmp/tmp.v2wP5AL6iJ/run/mangoman-website-copy/annapurna-tiffins/site.json
@@ -213,10 +213,10 @@
 "name": "About",
 "goal": "Build trust in Savita's kitchen and move the visitor to start a plan",
 "keyword": "Annapurna Tiffins Savita Joshi",
 "meta": {
-  "title": "About Savita Joshi's Kitchen | Annapurna Tiffins",
-  "description": "Savita Joshi started Annapurna Tiffins in Baner, Pune in 2019 with 6 customers. Today the kitchen sends out about 240 home-style tiffins every day."
+  "title": "Annapurna Tiffins Savita Joshi: Home-style Tiffins in Baner",
+  "description": "Savita Joshi started Annapurna Tiffins in Baner, Pune in 2019 with 6 customers. Today the kitchen sends out about 240 tiffins every day."
 },
 "cta": {"label": "Start a weekly plan", "href": "https://wa.me/919876543210"},
 "sections": [
   {

[0m
[0m← [0mEdit site.json
Index: /tmp/tmp.v2wP5AL6iJ/run/mangoman-website-copy/annapurna-tiffins/site.json
===================================================================
--- /tmp/tmp.v2wP5AL6iJ/run/mangoman-website-copy/annapurna-tiffins/site.json
+++ /tmp/tmp.v2wP5AL6iJ/run/mangoman-website-copy/annapurna-tiffins/site.json
@@ -220,9 +220,9 @@
 "cta": {"label": "Start a weekly plan", "href": "https://wa.me/919876543210"},
 "sections": [
   {
     "type": "hero",
-    "headline": "From one home kitchen to 240 tiffins a day",
+    "headline": "Annapurna Tiffins Savita Joshi serves home-style tiffins",
     "sub": "Savita Joshi started Annapurna Tiffins in Baner in 2019 with 6 customers. Today the kitchen sends out about 240 tiffins every day.",
     "proof": "Every tiffin is still home-style vegetarian, cooked with cold-pressed groundnut oil and no ajinomoto.",
     "cta": {"label": "Start a weekly plan", "href": "https://wa.me/919876543210"}
   },

[0m
[0m← [0mEdit site.json
Index: /tmp/tmp.v2wP5AL6iJ/run/mangoman-website-copy/annapurna-tiffins/site.json
===================================================================
--- /tmp/tmp.v2wP5AL6iJ/run/mangoman-website-copy/annapurna-tiffins/site.json
+++ /tmp/tmp.v2wP5AL6iJ/run/mangoman-website-copy/annapurna-tiffins/site.json
@@ -98,9 +98,9 @@
 "name": "Menu",
 "goal": "Show the daily-changing food and move the visitor to WhatsApp",
 "keyword": "daily tiffin menu Pune",
 "meta": {
-  "title": "Daily Tiffin Menu, Fresh Every Day | Annapurna Tiffins",
+  "title": "Daily Tiffin Menu in Pune | Annapurna Tiffins",
   "description": "Our daily tiffin menu changes every day and is posted on WhatsApp at 9 pm. Each tiffin has 4 rotis, sabzi, dal or curry, rice, and a sweet on Sundays."
 },
 "cta": {"label": "Start a weekly plan", "href": "https://wa.me/919876543210"},
 "sections": [

[0m
[0m← [0mEdit site.json
Index: /tmp/tmp.v2wP5AL6iJ/run/mangoman-website-copy/annapurna-tiffins/site.json
===================================================================
--- /tmp/tmp.v2wP5AL6iJ/run/mangoman-website-copy/annapurna-tiffins/site.json
+++ /tmp/tmp.v2wP5AL6iJ/run/mangoman-website-copy/annapurna-tiffins/site.json
@@ -105,9 +105,9 @@
 "cta": {"label": "Start a weekly plan", "href": "https://wa.me/919876543210"},
 "sections": [
   {
     "type": "hero",
-    "headline": "A menu that changes every single day",
+    "headline": "See the daily tiffin menu in Pune",
     "sub": "No repeated lunches till you are bored of them. A new menu is cooked each day and posted on WhatsApp at 9 pm the night before.",
     "proof": "Cooked in our Baner kitchen with cold-pressed groundnut oil and no ajinomoto.",
     "cta": {"label": "Start a weekly plan", "href": "https://wa.me/919876543210"}
   },

[0m
[0m← [0mEdit site.json
Index: /tmp/tmp.v2wP5AL6iJ/run/mangoman-website-copy/annapurna-tiffins/site.json
===================================================================
--- /tmp/tmp.v2wP5AL6iJ/run/mangoman-website-copy/annapurna-tiffins/site.json
+++ /tmp/tmp.v2wP5AL6iJ/run/mangoman-website-copy/annapurna-tiffins/site.json
@@ -151,9 +151,9 @@
 "name": "Plans",
 "goal": "Get the visitor to pick a plan and start it on WhatsApp",
 "keyword": "weekly tiffin plan price Pune",
 "meta": {
-  "title": "Weekly Tiffin Plan Rs 780, Monthly Rs 3,200 | Pune",
+  "title": "Weekly Tiffin Plan Price in Pune: Rs 780 for 6",
   "description": "A weekly plan of 6 lunches costs Rs 780 and a monthly plan of 26 lunches costs Rs 3,200. Pause free with 1 day notice. Delivered in Baner, Aundh, Balewadi, Pashan."
 },
 "cta": {"label": "Start a weekly plan", "href": "https://wa.me/919876543210"},
 "sections": [

[0m
[0m← [0mEdit site.json
Index: /tmp/tmp.v2wP5AL6iJ/run/mangoman-website-copy/annapurna-tiffins/site.json
===================================================================
--- /tmp/tmp.v2wP5AL6iJ/run/mangoman-website-copy/annapurna-tiffins/site.json
+++ /tmp/tmp.v2wP5AL6iJ/run/mangoman-website-copy/annapurna-tiffins/site.json
@@ -158,9 +158,9 @@
 "cta": {"label": "Start a weekly plan", "href": "https://wa.me/919876543210"},
 "sections": [
   {
     "type": "hero",
-    "headline": "Two simple plans, honest prices",
+    "headline": "Weekly tiffin plan price in Pune: Rs 780 for 6 lunches",
     "sub": "Pick a weekly or monthly plan, pay by UPI at the start, and a home-style tiffin reaches you between 12:00 and 1:00 pm.",
     "proof": "Pause any plan for free with 1 day notice.",
     "cta": {"label": "Start a weekly plan", "href": "https://wa.me/919876543210"}
   },

[0m
[0m← [0mEdit site.json
Index: /tmp/tmp.v2wP5AL6iJ/run/mangoman-website-copy/annapurna-tiffins/site.json
===================================================================
--- /tmp/tmp.v2wP5AL6iJ/run/mangoman-website-copy/annapurna-tiffins/site.json
+++ /tmp/tmp.v2wP5AL6iJ/run/mangoman-website-copy/annapurna-tiffins/site.json
@@ -152,9 +152,9 @@
 "goal": "Get the visitor to pick a plan and start it on WhatsApp",
 "keyword": "weekly tiffin plan price Pune",
 "meta": {
   "title": "Weekly Tiffin Plan Price in Pune: Rs 780 for 6",
-  "description": "A weekly plan of 6 lunches costs Rs 780 and a monthly plan of 26 lunches costs Rs 3,200. Pause free with 1 day notice. Delivered in Baner, Aundh, Balewadi, Pashan."
+  "description": "A weekly plan of 6 lunches costs Rs 780 and a monthly plan of 26 lunches costs Rs 3,200. Pause free with 1 day notice."
 },
 "cta": {"label": "Start a weekly plan", "href": "https://wa.me/919876543210"},
 "sections": [
   {

[0m
[0m$ [0mpython3 /home/runner/work/_temp/mangoman/opencode/skills/mangoman-website-copy/scripts/build_copy.py site.json --out site
Built 4 pages into site
[0m
[0m$ [0mpython3 /home/runner/work/_temp/mangoman/opencode/skills/mangoman-website-copy/scripts/check_copy.py site.json site
PASS  spec is valid
PASS  all output files exist
PASS  every number is in the user's facts
PASS  nothing copied from competitor claims
PASS  no placeholders
PASS  no risky claims
PASS  no clichés
PASS  no avoided words
PASS  voice words used
PASS  average sentence is 10.3 words
FAIL  keyword missing: menu: keyword 'daily tiffin menu Pune' in neither title nor h1; plans: keyword 'weekly tiffin plan price Pune' in neither title nor h1
WARN  search fit: about: keyword not in the description; home: keyword not in the description; home: keyword not in the first 100 words; menu: keyword not in the description; menu: keyword not in the first 100 words; plans: keyword not in the description; plans: keyword not in the first 100 words
PASS  titles and descriptions are unique
PASS  every page has a button
PASS  buttons are consistent
PASS  every page is linked from another page
WARN  sentences repeated across pages: Can I pause my plan?; Jain meals are available at the same price.; Orders for the next day close at 8 pm.; Pay by UPI at the start of the plan.
PASS  no thin pages
[0m
[0m$ [0mhead -20 site/menu/index.html
head: cannot open 'site/menu/index.html' for reading: No such file or directory
[0m
[0m$ [0mls -la site/
total 40
drwxr-xr-x 3 runner runner  4096 Oct  9 19:08 .
drwxr-xr-x 3 runner runner  4096 Oct  9 19:08 ..
drwxr-xr-x 2 runner runner  4096 Oct  9 19:08 copy
-rw-r--r-- 1 runner runner  7855 Oct  9 19:09 pages.csv
-rw-r--r-- 1 runner runner 14228 Oct  9 19:09 pages.json
-rw-r--r-- 1 runner runner   692 Oct  9 19:09 sitemap.md
[0m
[0m✗ [0mInvalid Tool
The arguments provided to the tool are invalid: Model tried to call unavailable tool 'ls'. Available tools: bash, edit, glob, grep, invalid, read, skill, task, todowrite, webfetch, write.
[0m
[0m$ [0mls -la site/copy/
total 24
drwxr-xr-x 2 runner runner 4096 Oct  9 19:08 .
drwxr-xr-x 3 runner runner 4096 Oct  9 19:08 ..
-rw-r--r-- 1 runner runner 1351 Oct  9 19:09 about.md
-rw-r--r-- 1 runner runner 2115 Oct  9 19:09 home.md
-rw-r--r-- 1 runner runner 1480 Oct  9 19:09 menu.md
-rw-r--r-- 1 runner runner 1757 Oct  9 19:09 plans.md
[0m
[0m$ [0mhead -30 site/copy/menu.md
# See the daily tiffin menu in Pune

No repeated lunches till you are bored of them. A new menu is cooked each day and posted on WhatsApp at 9 pm the night before.

Cooked in our Baner kitchen with cold-pressed groundnut oil and no ajinomoto.

**[Start a weekly plan](https://wa.me/919876543210)**

## What is inside every tiffin

- **4 rotis**: Fresh rotis made the same morning, soft enough to eat without gravy.
- **One dry sabzi**: A seasonal vegetable sabzi, the kind you would make at home.
- **One dal or curry**: A dal or a curry that changes with the day.
- **Rice, and a sweet on Sundays**: Rice with every tiffin. A sweet only on Sundays, like a proper Sunday lunch.

## Tonight's menu, in your pocket

We post the next day's menu on WhatsApp at 9 pm every night. You always know what is coming before you sleep.

Jain meals are available at the same price. Just tell us once and we remember for the whole plan. See our [plans](/plans) for prices, or read [about our kitchen](/about).

## About the food

### How do I see the menu?

The menu changes every day and is posted on WhatsApp at 9 pm the night before.

### Do you make Jain food?

Yes. Jain meals are available at the same price.
[0m
[0m← [0mEdit site.json
Index: /tmp/tmp.v2wP5AL6iJ/run/mangoman-website-copy/annapurna-tiffins/site.json
===================================================================
--- /tmp/tmp.v2wP5AL6iJ/run/mangoman-website-copy/annapurna-tiffins/site.json
+++ /tmp/tmp.v2wP5AL6iJ/run/mangoman-website-copy/annapurna-tiffins/site.json
@@ -105,9 +105,9 @@
 "cta": {"label": "Start a weekly plan", "href": "https://wa.me/919876543210"},
 "sections": [
   {
     "type": "hero",
-    "headline": "See the daily tiffin menu in Pune",
+    "headline": "Daily tiffin menu Pune: Check today's lunch",
     "sub": "No repeated lunches till you are bored of them. A new menu is cooked each day and posted on WhatsApp at 9 pm the night before.",
     "proof": "Cooked in our Baner kitchen with cold-pressed groundnut oil and no ajinomoto.",
     "cta": {"label": "Start a weekly plan", "href": "https://wa.me/919876543210"}
   },

[0m
[0m← [0mEdit site.json
Index: /tmp/tmp.v2wP5AL6iJ/run/mangoman-website-copy/annapurna-tiffins/site.json
===================================================================
--- /tmp/tmp.v2wP5AL6iJ/run/mangoman-website-copy/annapurna-tiffins/site.json
+++ /tmp/tmp.v2wP5AL6iJ/run/mangoman-website-copy/annapurna-tiffins/site.json
@@ -158,9 +158,9 @@
 "cta": {"label": "Start a weekly plan", "href": "https://wa.me/919876543210"},
 "sections": [
   {
     "type": "hero",
-    "headline": "Weekly tiffin plan price in Pune: Rs 780 for 6 lunches",
+    "headline": "Weekly tiffin plan price Pune: Rs 780 for 6 lunches",
     "sub": "Pick a weekly or monthly plan, pay by UPI at the start, and a home-style tiffin reaches you between 12:00 and 1:00 pm.",
     "proof": "Pause any plan for free with 1 day notice.",
     "cta": {"label": "Start a weekly plan", "href": "https://wa.me/919876543210"}
   },

[0m
[0m$ [0mpython3 /home/runner/work/_temp/mangoman/opencode/skills/mangoman-website-copy/scripts/build_copy.py site.json --out site
Built 4 pages into site
[0m
[0m$ [0mpython3 /home/runner/work/_temp/mangoman/opencode/skills/mangoman-website-copy/scripts/check_copy.py site.json site
PASS  spec is valid
PASS  all output files exist
PASS  every number is in the user's facts
PASS  nothing copied from competitor claims
PASS  no placeholders
PASS  no risky claims
PASS  no clichés
PASS  no avoided words
PASS  voice words used
PASS  average sentence is 10.3 words
PASS  each page has its keyword in the title or h1
WARN  search fit: about: keyword not in the description; home: keyword not in the description; home: keyword not in the first 100 words; menu: keyword not in the description; plans: keyword not in the description
PASS  titles and descriptions are unique
PASS  every page has a button
PASS  buttons are consistent
PASS  every page is linked from another page
WARN  sentences repeated across pages: Can I pause my plan?; Jain meals are available at the same price.; Orders for the next day close at 8 pm.; Pay by UPI at the start of the plan.
PASS  no thin pages
[0m
Website copy completed. The spec is saved as site.json and the built site is in the site/ directory. All checks pass with only minor warnings (keyword not in description/first 100 words and some repeated sentences), which are acceptable. The copy includes all required pages: home, menu, plans, about, with correct keywords, facts, and consistent WhatsApp CTA.
