Started MangoMan for this session (log: /home/runner/work/_temp/mangoman/serve.log).
Opening OpenCode on MangoMan free models (free/coder). Web search off. Skill packs: ad copy, brand kit, ceo deck, client report, code review, data dashboard, ecommerce listing, email campaign, invoice, landing page, meeting minutes, proposal, resume, seo article, social posts, web app, website copy.
[0m
> build · free/coder
[0m
[0m→ [0mRead brief.md
[0m→ [0mRead facts.md
[0m→ [0mRead audience.md
[0m→ [0mSkill "mangoman-email-campaign"
[0m
[0m← [0mWrite campaign.json
Wrote file successfully.
[0m
[0m$ [0mpython3 /home/runner/work/_temp/mangoman/opencode/skills/mangoman-email-campaign/scripts/build_emails.py campaign.json --out emails
spec problems:
- theme must be one of ink, forest, coral, ocean, plum, emerald, royal, nordic, wine, clay, graphite, cobalt
[0m
[0m← [0mEdit campaign.json
Index: /tmp/tmp.p23XNQgG9a/run/mangoman-email-campaign/diwali-sweets/campaign.json
===================================================================
--- /tmp/tmp.p23XNQgG9a/run/mangoman-email-campaign/diwali-sweets/campaign.json
+++ /tmp/tmp.p23XNQgG9a/run/mangoman-email-campaign/diwali-sweets/campaign.json
@@ -6,9 +6,9 @@
 "brand": {
   "name": "Mithaas Sweets",
   "logo": ""
 },
-"theme": "festive",
+"theme": "clay",
 "sender": {
   "name": "Mithaas Sweets",
   "legal_name": "Mithaas Sweets Pvt Ltd",
   "address": "14 Johari Bazaar, Jaipur, Rajasthan 302003, India"

[0m
[0m$ [0mpython3 /home/runner/work/_temp/mangoman/opencode/skills/mangoman-email-campaign/scripts/build_emails.py campaign.json --out emails
built emails: 3 emails (.html and .txt), sequence.md, assets/, previews
[0m
[0m$ [0mpython3 /home/runner/work/_temp/mangoman/opencode/skills/mangoman-email-campaign/scripts/check_emails.py campaign.json emails
PASS  spec is valid
PASS  every email built
PASS  every email has an unsubscribe link (mailchimp)
PASS  every email shows the sender's postal address
PASS  every email under Gmail's 102 KB clipping size
PASS  plain-text versions present
PASS  subject lines are not overlong
PASS  subject lines 15 to 60 characters (fit a phone)
PASS  preview text 35 to 140 characters and adds to the subject
PASS  every link is a real https, mailto or tel link
FAIL  numbers not in facts (ask the user, or remove them): last-call: 48
PASS  no placeholder text
PASS  no spam-trigger phrases
PASS  no shouting in subject lines
PASS  exclamation marks used sparingly
PASS  emoji used sparingly in subjects
PASS  no risky claims
PASS  one clear action per email
PASS  text-to-image balance is healthy
PASS  no local images
PASS  no sideways scrolling on a phone
PASS  every image loads in the preview
PASS  buttons are easy to tap
PASS  text is readable on a phone
[0m
[0m→ [0mRead campaign.json[90m [offset=70, limit=30][0m
[0m→ [0mRead campaign.json[90m [offset=100, limit=50][0m
[0m
[0m← [0mEdit campaign.json
Index: /tmp/tmp.p23XNQgG9a/run/mangoman-email-campaign/diwali-sweets/campaign.json
===================================================================
--- /tmp/tmp.p23XNQgG9a/run/mangoman-email-campaign/diwali-sweets/campaign.json
+++ /tmp/tmp.p23XNQgG9a/run/mangoman-email-campaign/diwali-sweets/campaign.json
@@ -137,12 +137,12 @@
 "id": "last-call",
 "send_day": 9,
 "subject": "Last call: 15% off ends soon",
 "preview": "Only days left to save on Diwali sweets - offer ends 25 October",
-"subject_alternatives": [
-  "{first_name}, your 15% off expires in 48 hours",
-  "Final hours: Diwali gift boxes at 15% off"
-],
+ "subject_alternatives": [
+   "{first_name}, your 15% off expires soon",
+   "Final hours: Diwali gift boxes at 15% off"
+ ],
 "blocks": [
   {
     "type": "heading",
     "text": "Hi {first_name}, time is running out"

[0m
[0m$ [0mpython3 /home/runner/work/_temp/mangoman/opencode/skills/mangoman-email-campaign/scripts/build_emails.py campaign.json --out emails
built emails: 3 emails (.html and .txt), sequence.md, assets/, previews
[0m
[0m$ [0mpython3 /home/runner/work/_temp/mangoman/opencode/skills/mangoman-email-campaign/scripts/check_emails.py campaign.json emails
PASS  spec is valid
PASS  every email built
PASS  every email has an unsubscribe link (mailchimp)
PASS  every email shows the sender's postal address
PASS  every email under Gmail's 102 KB clipping size
PASS  plain-text versions present
PASS  subject lines are not overlong
PASS  subject lines 15 to 60 characters (fit a phone)
PASS  preview text 35 to 140 characters and adds to the subject
PASS  every link is a real https, mailto or tel link
PASS  every number comes from the facts the user gave
PASS  no placeholder text
PASS  no spam-trigger phrases
PASS  no shouting in subject lines
PASS  exclamation marks used sparingly
PASS  emoji used sparingly in subjects
PASS  no risky claims
PASS  one clear action per email
PASS  text-to-image balance is healthy
PASS  no local images
PASS  no sideways scrolling on a phone
PASS  every image loads in the preview
PASS  buttons are easy to tap
PASS  text is readable on a phone
[0m
[0m$ [0mls -la emails/
total 64
drwxr-xr-x 4 runner runner 4096 Oct  8 15:54 .
drwxr-xr-x 3 runner runner 4096 Oct  8 15:54 ..
-rw-r--r-- 1 runner runner 5066 Oct  8 15:54 announce-offer.html
-rw-r--r-- 1 runner runner  431 Oct  8 15:54 announce-offer.txt
drwxr-xr-x 2 runner runner 4096 Oct  8 15:54 assets
-rw-r--r-- 1 runner runner 5730 Oct  8 15:54 campaign.spec.json
-rw-r--r-- 1 runner runner 6074 Oct  8 15:54 last-call.html
-rw-r--r-- 1 runner runner  554 Oct  8 15:54 last-call.txt
drwxr-xr-x 2 runner runner 4096 Oct  8 15:54 preview
-rw-r--r-- 1 runner runner 1228 Oct  8 15:54 sequence.md
-rw-r--r-- 1 runner runner 7082 Oct  8 15:54 show-products.html
-rw-r--r-- 1 runner runner  577 Oct  8 15:54 show-products.txt
[0m
[0m→ [0mRead emails/sequence.md
I've created the Diwali gift boxes email campaign as requested:

1. **Saved the spec** as `campaign.json` in the current folder
2. **Built the email sequence** into the `emails/` folder with:
   - 3 emails (HTML and plain-text versions)
   - Schedule: Day 1 (announce offer), Day 5 (show products), Day 10 (last call)
   - All links point to https://mithaas.in/diwali-boxes as required
   - Uses Mailchimp merge tag format
   - Includes subject alternatives for A/B testing
   - Features the 15% off offer with code DIWALI15
   - Shows product details and customer quote from facts
   - Uses warm, festive tone in simple English

3. **Verified the build** with all checks passing:
   - Valid spec and proper unsubscribe/address inclusion
   - Correct subject/preview text lengths
   - All numbers sourced from facts
   - Mobile-friendly layouts
   - No spam triggers or risky claims

The emails are ready to upload to Mailchimp. The sequence follows the brief: 3 emails over about 10 days starting 15 October 2026 to get past customers to order Diwali gift boxes before the offer ends on 25 October 2026.
