Started MangoMan for this session (log: /home/runner/work/_temp/mangoman/serve.log).
Opening OpenCode on MangoMan free models (free/coder). Web search off. Skill packs: ad copy, brand kit, ceo deck, client report, code review, data dashboard, ecommerce listing, email campaign, invoice, landing page, meeting minutes, proposal, resume, seo article, social posts, web app, website copy.
[0m
> build · free/coder
[0m
[0m→ [0mSkill "mangoman-website-copy"
[0m→ [0mRead brief.md
[0m→ [0mRead facts.md
[0m→ [0mRead competitors.md
[0m
[0m$ [0mpython3 /home/runner/work/_temp/mangoman/opencode/skills/mangoman-website-copy/scripts/brief_gate.py facts.md --pages 4
PASS  15 facts for 4 pages
[0m
[0m$ [0mwc -l /home/runner/work/_temp/mangoman/opencode/skills/mangoman-website-copy/scripts/*.py
290 /home/runner/work/_temp/mangoman/opencode/skills/mangoman-website-copy/scripts/brandkit.py
   49 /home/runner/work/_temp/mangoman/opencode/skills/mangoman-website-copy/scripts/brief_gate.py
  173 /home/runner/work/_temp/mangoman/opencode/skills/mangoman-website-copy/scripts/build_copy.py
  143 /home/runner/work/_temp/mangoman/opencode/skills/mangoman-website-copy/scripts/check_copy.py
   67 /home/runner/work/_temp/mangoman/opencode/skills/mangoman-website-copy/scripts/checks.py
  220 /home/runner/work/_temp/mangoman/opencode/skills/mangoman-website-copy/scripts/render.py
   50 /home/runner/work/_temp/mangoman/opencode/skills/mangoman-website-copy/scripts/tracenum.py
  421 /home/runner/work/_temp/mangoman/opencode/skills/mangoman-website-copy/scripts/vizlib.py
 1413 total
[0m
Facts gate passed (15 facts for 4 pages). Let me check the build/check scripts quickly so I match the expected shape, then plan and write.
[0m→ [0mRead /home/runner/work/_temp/mangoman/opencode/skills/mangoman-website-copy/scripts/checks.py
[0m→ [0mRead /home/runner/work/_temp/mangoman/opencode/skills/mangoman-website-copy/scripts/check_copy.py
[91m[1mError: [0m{"message":"upstream stream failed: context canceled","type":"upstream_stream_error"}
