Started MangoMan for this session (log: /home/runner/work/_temp/mangoman/serve.log).
Opening OpenCode on MangoMan free models (strict/nemotron-3-ultra-550b). Web search off. Skill packs: ad copy, brand kit, ceo deck, client report, code review, data dashboard, ecommerce listing, email campaign, invoice, landing page, meeting minutes, proposal, resume, seo article, social posts, web app, website copy.
[0m
> build · strict/nemotron-3-ultra-550b
[0m
[0m→ [0mRead job_description.md
[0m→ [0mRead candidate.md
[0m→ [0mSkill "mangoman-resume"
[0m
[0m← [0mWrite resume.json
Wrote file successfully.
[0m
[0m$ [0mpython3 /home/runner/work/_temp/mangoman/opencode/skills/mangoman-resume/scripts/build.py /tmp/tmp.DEX1lGFrfp/run/mangoman-resume/backend-engineer/resume.json --template classic --out /tmp/tmp.DEX1lGFrfp/run/mangoman-resume/backend-engineer/resume
built /tmp/tmp.DEX1lGFrfp/run/mangoman-resume/backend-engineer/resume.html, /tmp/tmp.DEX1lGFrfp/run/mangoman-resume/backend-engineer/resume.pdf, /tmp/tmp.DEX1lGFrfp/run/mangoman-resume/backend-engineer/resume.png
[0m
[0m$ [0mpython3 /home/runner/work/_temp/mangoman/opencode/skills/mangoman-resume/scripts/check.py /tmp/tmp.DEX1lGFrfp/run/mangoman-resume/backend-engineer/resume.json /tmp/tmp.DEX1lGFrfp/run/mangoman-resume/backend-engineer/resume.pdf --pages 1
PASS  1 page as planned
PASS  text is selectable (applicant tracking systems can read it)
PASS  the page is well filled
PASS  all sections filled
PASS  bullets start with an action
PASS  no first person
PASS  bullets are concise
PASS  90% of bullets show a measurable result
PASS  dates use one format
[0m
[0m$ [0mls -la /tmp/tmp.DEX1lGFrfp/run/mangoman-resume/backend-engineer/
total 236
drwxr-xr-x 2 runner runner   4096 Oct  7 17:39 .
drwxr-xr-x 3 runner runner   4096 Oct  7 17:38 ..
-rw-r--r-- 1 runner runner   1853 Oct  7 17:38 candidate.md
-rw-r--r-- 1 runner runner    729 Oct  7 17:38 job_description.md
-rw-r--r-- 1 runner runner    354 Oct  7 17:38 prompt.txt
-rw-r--r-- 1 runner runner   4743 Oct  7 17:39 resume.html
-rw-r--r-- 1 runner runner   3224 Oct  7 17:39 resume.json
-rw-r--r-- 1 runner runner  38967 Oct  7 17:39 resume.pdf
-rw-r--r-- 1 runner runner 160918 Oct  7 17:39 resume.png
-rw-r--r-- 1 runner runner   1651 Oct  7 17:39 run.log
[0m
Done. Created `resume.json` and built `resume.pdf` (classic ATS-friendly, one-page A4). All checks pass:

- 1 page as planned
- Text selectable for ATS
- Well filled, all sections present
- Action-oriented bullets with measurable results
- No first person, consistent date format
