Started MangoMan for this session (log: /home/runner/work/_temp/mangoman/serve.log).
Opening OpenCode on MangoMan free models (free/coder). Web search off. Skill packs: ad copy, brand kit, ceo deck, client report, code review, data dashboard, ecommerce listing, email campaign, invoice, landing page, meeting minutes, proposal, resume, seo article, social posts, web app, website copy.
[0m
> build · free/coder
[0m
[0m→ [0mRead job_description.md
[0m→ [0mRead candidate.md
[0m→ [0mSkill "mangoman-resume"
[0m
[0m$ [0mpwd
/tmp/tmp.p23XNQgG9a/run/mangoman-resume/backend-engineer
[0m
[0m← [0mWrite resume.json
Wrote file successfully.
[0m
[0m$ [0mpython3 /home/runner/work/_temp/mangoman/opencode/skills/mangoman-resume/scripts/build.py resume.json --template classic --out resume
built resume.html, resume.pdf, resume.png
[0m
[0m$ [0mpython3 /home/runner/work/_temp/mangoman/opencode/skills/mangoman-resume/scripts/check.py resume.json resume.pdf --pages 1
PASS  1 page as planned
PASS  text is selectable (applicant tracking systems can read it)
PASS  the page is well filled
PASS  all sections filled
PASS  bullets start with an action
PASS  no first person
PASS  bullets are concise
PASS  90% of bullets show a measurable result
PASS  dates use one format
[0m
[0m$ [0mls -la resume*
-rw-r--r-- 1 runner runner   4728 Oct  8 15:56 resume.html
-rw-r--r-- 1 runner runner   3327 Oct  8 15:56 resume.json
-rw-r--r-- 1 runner runner  38646 Oct  8 15:56 resume.pdf
-rw-r--r-- 1 runner runner 161906 Oct  8 15:56 resume.png
[0m
I've created your resume for the SDE 2 Backend (Payments) role at Chillar Pay:

1. **Created resume.json** with your tailored experience matching the job description
2. **Built resume.pdf** using the classic ATS-friendly template (one page, A4)
3. **Verified** it passes all checks: ATS-readable, one page, strong action bullets with measurable results

Files created:
- `resume.json` - the resume specification
- `resume.pdf` - the final PDF resume (ready to submit)
- `resume.html` - editable HTML version
- `resume.png` - preview image

The resume highlights your payments expertise (₹14cr/month via Razorpay/UPI), microservices experience, Kafka/Java/Spring Boot background, and system improvements (80% latency reduction, 35% DB load cut). All content is truthfully tailored from your candidate.md to match the job_description.md requirements.
